Component: ARM Compiler 5.06 update 7 (build 960) Tool: armlink [4d3601]

==============================================================================

Section Cross References

    main.o(.text) refers to stm32f10x_rcc.o(.text) for RCC_DeInit
    main.o(.text) refers to stm32f10x_flash.o(.text) for FLASH_SetLatency
    main.o(.text) refers to stm32f10x_gpio.o(.text) for GPIO_Init
    main.o(.text) refers to misc.o(.text) for NVIC_PriorityGroupConfig
    main.o(.text) refers to stm32f10x_wwdg.o(.text) for WWDG_SetPrescaler
    main.o(.text) refers to stm32f10x_usart.o(.text) for USART_SendData
    main.o(.text) refers to mpu9250.o(.text) for Single_Write
    main.o(.text) refers to vsnprintf.o(.text) for vsnprintf
    main.o(.text) refers to fmul.o(x$fpl$fmul) for __aeabi_fmul
    main.o(.text) refers to ffix.o(x$fpl$ffix) for __aeabi_f2iz
    main.o(.text) refers to main.o(.data) for HSEStartUpStatus
    main.o(.text) refers to main.o(.bss) for data_to_send
    main.o(.text) refers to uart.o(.text) for USART1_Init
    main.o(.text) refers to mcu_api.o(.text) for wifi_protocol_init
    main.o(.text) refers to timer.o(.text) for TIM3_Count_Init
    main.o(.text) refers to hal_key.o(.text) for KEY_Init
    main.o(.text) refers to fusionbias.o(.text) for FusionBiasInitialise
    main.o(.text) refers to fusionahrs.o(.text) for FusionAhrsInitialise
    main.o(.text) refers to obj_state.o(.text) for init_Magicstick_state
    main.o(.text) refers to fflt_clz.o(x$fpl$fflt) for __aeabi_i2f
    main.o(.text) refers to rt_memcpy_w.o(.text) for __aeabi_memcpy4
    main.o(.text) refers to faddsub_clz.o(x$fpl$fsub) for __aeabi_fsub
    main.o(.text) refers to faddsub_clz.o(x$fpl$fadd) for __aeabi_fadd
    main.o(.text) refers to main.o(.constdata) for .constdata
    main.o(.text) refers to mpu9250.o(.data) for gyroscopeSensitivity
    main.o(.text) refers to atan2f.o(i.atan2f) for atan2f
    main.o(.text) refers to asinf.o(i.asinf) for asinf
    mpu9250.o(.text) refers to stm32f10x_gpio.o(.text) for GPIO_Init
    mpu9250.o(.text) refers to dflt_clz.o(x$fpl$dflt) for __aeabi_i2d
    mpu9250.o(.text) refers to ddiv.o(x$fpl$ddiv) for __aeabi_ddiv
    mpu9250.o(.text) refers to dfix.o(x$fpl$dfix) for __aeabi_d2iz
    mpu9250.o(.text) refers to mpu9250.o(.data) for test
    mpu9250.o(.text) refers to mpu9250.o(.bss) for BUF
    obj_state.o(.text) refers to h1_alloc.o(.text) for malloc
    obj_state.o(.text) refers to myqueue.o(.text) for Enqueue
    obj_state.o(.text) refers to obj_state.o(.data) for _cnt
    obj_state.o(.text) refers to obj_state.o(.bss) for linkqueue
    uart.o(.text) refers to stm32f10x_rcc.o(.text) for RCC_APB2PeriphClockCmd
    uart.o(.text) refers to stm32f10x_gpio.o(.text) for GPIO_Init
    uart.o(.text) refers to stm32f10x_usart.o(.text) for USART_Init
    uart.o(.text) refers to misc.o(.text) for NVIC_Init
    uart.o(.text) refers to mcu_api.o(.text) for uart_receive_input
    myqueue.o(.text) refers to h1_alloc.o(.text) for malloc
    myqueue.o(.text) refers to h1_free.o(.text) for free
    timer.o(.text) refers to stm32f10x_tim.o(.text) for TIM_GetITStatus
    timer.o(.text) refers to hal_rgb.o(.text) for RGB_Value_Set
    timer.o(.text) refers to stm32f10x_rcc.o(.text) for RCC_APB1PeriphClockCmd
    timer.o(.text) refers to misc.o(.text) for NVIC_Init
    timer.o(.text) refers to timer.o(.data) for Timer2_Value
    stm32f10x_rcc.o(.text) refers to stm32f10x_rcc.o(.data) for APBAHBPrescTable
    stm32f10x_tim.o(.text) refers to stm32f10x_rcc.o(.text) for RCC_APB2PeriphResetCmd
    stm32f10x_usart.o(.text) refers to stm32f10x_rcc.o(.text) for RCC_APB2PeriphResetCmd
    stm32f10x_wwdg.o(.text) refers to stm32f10x_rcc.o(.text) for RCC_APB1PeriphResetCmd
    stm32f10x_gpio.o(.text) refers to stm32f10x_rcc.o(.text) for RCC_APB2PeriphResetCmd
    startup_stm32f10x_hd.o(STACK) refers (Special) to heapauxi.o(.text) for __use_two_region_memory
    startup_stm32f10x_hd.o(HEAP) refers (Special) to heapauxi.o(.text) for __use_two_region_memory
    startup_stm32f10x_hd.o(RESET) refers (Special) to heapauxi.o(.text) for __use_two_region_memory
    startup_stm32f10x_hd.o(RESET) refers to startup_stm32f10x_hd.o(.text) for Reset_Handler
    startup_stm32f10x_hd.o(RESET) refers to stm32f10x_it.o(.text) for NMI_Handler
    startup_stm32f10x_hd.o(RESET) refers to main.o(.text) for WWDG_IRQHandler
    startup_stm32f10x_hd.o(RESET) refers to timer.o(.text) for TIM2_IRQHandler
    startup_stm32f10x_hd.o(RESET) refers to uart.o(.text) for USART1_IRQHandler
    startup_stm32f10x_hd.o(.text) refers (Special) to heapauxi.o(.text) for __use_two_region_memory
    startup_stm32f10x_hd.o(.text) refers to startup_stm32f10x_hd.o(STACK) for __initial_sp
    startup_stm32f10x_hd.o(.text) refers to __main.o(!!!main) for __main
    startup_stm32f10x_hd.o(.text) refers to startup_stm32f10x_hd.o(HEAP) for Heap_Mem
    fusionahrs.o(.text) refers to fmul.o(x$fpl$fmul) for __aeabi_fmul
[...]
    move_up_judge                            0x0800178b   Thumb Code    46  obj_state.o(.text)
    move_down_judge                          0x080017b9   Thumb Code    46  obj_state.o(.text)
    StateJudge_op                            0x080017e7   Thumb Code   102  obj_state.o(.text)
    USART1_Init                              0x08001871   Thumb Code   196  uart.o(.text)
    USART3_Init                              0x08001935   Thumb Code   196  uart.o(.text)
    USART1_IRQHandler                        0x080019f9   Thumb Code    24  uart.o(.text)
    USART3_IRQHandler                        0x08001a11   Thumb Code    30  uart.o(.text)
    Uart_PutChar                             0x08001a2f   Thumb Code    28  uart.o(.text)
    Enqueue                                  0x08001a5d   Thumb Code    64  myqueue.o(.text)
    DeQueue                                  0x08001a9d   Thumb Code    84  myqueue.o(.text)
    TIM2_IRQHandler                          0x08001af1   Thumb Code    36  timer.o(.text)
    Get_Count_Value                          0x08001b15   Thumb Code     6  timer.o(.text)
    TIM2_Count_Init                          0x08001b1b   Thumb Code   116  timer.o(.text)
    TIM3_IRQHandler                          0x08001b8f   Thumb Code    70  timer.o(.text)
    Get_Time3_Value                          0x08001bd5   Thumb Code     6  timer.o(.text)
    TIM3_Count_Init                          0x08001bdb   Thumb Code   114  timer.o(.text)
    RCC_DeInit                               0x08001c5d   Thumb Code    64  stm32f10x_rcc.o(.text)
    RCC_HSEConfig                            0x08001c9d   Thumb Code    70  stm32f10x_rcc.o(.text)
    RCC_GetFlagStatus                        0x08001ce3   Thumb Code    56  stm32f10x_rcc.o(.text)
    RCC_WaitForHSEStartUp                    0x08001d1b   Thumb Code    56  stm32f10x_rcc.o(.text)
    RCC_AdjustHSICalibrationValue            0x08001d53   Thumb Code    20  stm32f10x_rcc.o(.text)
    RCC_HSICmd                               0x08001d67   Thumb Code     6  stm32f10x_rcc.o(.text)
    RCC_PLLConfig                            0x08001d6d   Thumb Code    24  stm32f10x_rcc.o(.text)
    RCC_PLLCmd                               0x08001d85   Thumb Code     6  stm32f10x_rcc.o(.text)
    RCC_SYSCLKConfig                         0x08001d8b   Thumb Code    18  stm32f10x_rcc.o(.text)
    RCC_GetSYSCLKSource                      0x08001d9d   Thumb Code    10  stm32f10x_rcc.o(.text)
    RCC_HCLKConfig                           0x08001da7   Thumb Code    18  stm32f10x_rcc.o(.text)
    RCC_PCLK1Config                          0x08001db9   Thumb Code    18  stm32f10x_rcc.o(.text)
    RCC_PCLK2Config                          0x08001dcb   Thumb Code    20  stm32f10x_rcc.o(.text)
    RCC_ITConfig                             0x08001ddf   Thumb Code    26  stm32f10x_rcc.o(.text)
    RCC_USBCLKConfig                         0x08001df9   Thumb Code     8  stm32f10x_rcc.o(.text)
    RCC_ADCCLKConfig                         0x08001e01   Thumb Code    18  stm32f10x_rcc.o(.text)
    RCC_LSEConfig                            0x08001e13   Thumb Code    50  stm32f10x_rcc.o(.text)
    RCC_LSICmd                               0x08001e45   Thumb Code     6  stm32f10x_rcc.o(.text)
    RCC_RTCCLKConfig                         0x08001e4b   Thumb Code    12  stm32f10x_rcc.o(.text)
    RCC_RTCCLKCmd                            0x08001e57   Thumb Code     8  stm32f10x_rcc.o(.text)
    RCC_GetClocksFreq                        0x08001e5f   Thumb Code   192  stm32f10x_rcc.o(.text)
    RCC_AHBPeriphClockCmd                    0x08001f1f   Thumb Code    26  stm32f10x_rcc.o(.text)
    RCC_APB2PeriphClockCmd                   0x08001f39   Thumb Code    26  stm32f10x_rcc.o(.text)
    RCC_APB1PeriphClockCmd                   0x08001f53   Thumb Code    26  stm32f10x_rcc.o(.text)
    RCC_APB2PeriphResetCmd                   0x08001f6d   Thumb Code    26  stm32f10x_rcc.o(.text)
    RCC_APB1PeriphResetCmd                   0x08001f87   Thumb Code    26  stm32f10x_rcc.o(.text)
    RCC_BackupResetCmd                       0x08001fa1   Thumb Code     8  stm32f10x_rcc.o(.text)
    RCC_ClockSecuritySystemCmd               0x08001fa9   Thumb Code     6  stm32f10x_rcc.o(.text)
    RCC_MCOConfig                            0x08001faf   Thumb Code     6  stm32f10x_rcc.o(.text)
    RCC_ClearFlag                            0x08001fb5   Thumb Code    14  stm32f10x_rcc.o(.text)
    RCC_GetITStatus                          0x08001fc3   Thumb Code    20  stm32f10x_rcc.o(.text)
    RCC_ClearITPendingBit                    0x08001fd7   Thumb Code     6  stm32f10x_rcc.o(.text)
    TIM_DeInit                               0x08002001   Thumb Code   196  stm32f10x_tim.o(.text)
    TIM_TimeBaseInit                         0x080020c5   Thumb Code    50  stm32f10x_tim.o(.text)
    TIM_OC1Init                              0x080020f7   Thumb Code   110  stm32f10x_tim.o(.text)
    TIM_OC2Init                              0x08002165   Thumb Code   148  stm32f10x_tim.o(.text)
    TIM_OC3Init                              0x080021f9   Thumb Code   144  stm32f10x_tim.o(.text)
    TIM_OC4Init                              0x08002289   Thumb Code   106  stm32f10x_tim.o(.text)
    TIM_SetIC4Prescaler                      0x080022f3   Thumb Code    26  stm32f10x_tim.o(.text)
    TIM_SetIC3Prescaler                      0x0800235d   Thumb Code    18  stm32f10x_tim.o(.text)
    TIM_SetIC2Prescaler                      0x080023b7   Thumb Code    26  stm32f10x_tim.o(.text)
    TIM_SetIC1Prescaler                      0x0800243f   Thumb Code    18  stm32f10x_tim.o(.text)
    TIM_ICInit                               0x08002489   Thumb Code   110  stm32f10x_tim.o(.text)
    TIM_PWMIConfig                           0x080024f7   Thumb Code   124  stm32f10x_tim.o(.text)
    TIM_BDTRConfig                           0x08002573   Thumb Code    32  stm32f10x_tim.o(.text)
    TIM_TimeBaseStructInit                   0x08002593   Thumb Code    18  stm32f10x_tim.o(.text)
    TIM_OCStructInit                         0x080025a5   Thumb Code    20  stm32f10x_tim.o(.text)
    TIM_ICStructInit                         0x080025b9   Thumb Code    18  stm32f10x_tim.o(.text)
    TIM_BDTRStructInit                       0x080025cb   Thumb Code    18  stm32f10x_tim.o(.text)
    TIM_Cmd                                  0x080025dd   Thumb Code    24  stm32f10x_tim.o(.text)
    TIM_CtrlPWMOutputs                       0x080025f5   Thumb Code    30  stm32f10x_tim.o(.text)
    TIM_ITConfig                             0x08002613   Thumb Code    18  stm32f10x_tim.o(.text)
    TIM_GenerateEvent                        0x08002625   Thumb Code     4  stm32f10x_tim.o(.text)
    TIM_DMAConfig                            0x08002629   Thumb Code    10  stm32f10x_tim.o(.text)
    TIM_DMACmd                               0x08002633   Thumb Code    18  stm32f10x_tim.o(.text)
    TIM_InternalClockConfig                  0x08002645   Thumb Code    12  stm32f10x_tim.o(.text)
    TIM_SelectInputTrigger                   0x08002651   Thumb Code    18  stm32f10x_tim.o(.text)
    TIM_ITRxExternalClockConfig              0x08002663   Thumb Code    24  stm32f10x_tim.o(.text)
    TIM_TIxExternalClockConfig               0x0800267b   Thumb Code    62  stm32f10x_tim.o(.text)
    TIM_ETRConfig                            0x080026b9   Thumb Code    28  stm32f10x_tim.o(.text)
    TIM_ETRClockMode1Config                  0x080026d5   Thumb Code    54  stm32f10x_tim.o(.text)
    TIM_ETRClockMode2Config                  0x0800270b   Thumb Code    32  stm32f10x_tim.o(.text)
    TIM_PrescalerConfig                      0x0800272b   Thumb Code     6  stm32f10x_tim.o(.text)
    TIM_CounterModeConfig                    0x08002731   Thumb Code    18  stm32f10x_tim.o(.text)
    TIM_EncoderInterfaceConfig               0x08002743   Thumb Code    66  stm32f10x_tim.o(.text)
    TIM_ForcedOC1Config                      0x08002785   Thumb Code    18  stm32f10x_tim.o(.text)
    TIM_ForcedOC2Config                      0x08002797   Thumb Code    26  stm32f10x_tim.o(.text)
    TIM_ForcedOC3Config                      0x080027b1   Thumb Code    18  stm32f10x_tim.o(.text)
    TIM_ForcedOC4Config                      0x080027c3   Thumb Code    26  stm32f10x_tim.o(.text)
    TIM_ARRPreloadConfig                     0x080027dd   Thumb Code    24  stm32f10x_tim.o(.text)
    TIM_SelectCOM                            0x080027f5   Thumb Code    24  stm32f10x_tim.o(.text)
    TIM_SelectCCDMA                          0x0800280d   Thumb Code    24  stm32f10x_tim.o(.text)
    TIM_CCPreloadControl                     0x08002825   Thumb Code    24  stm32f10x_tim.o(.text)
    TIM_OC1PreloadConfig                     0x0800283d   Thumb Code    18  stm32f10x_tim.o(.text)
    TIM_OC2PreloadConfig                     0x0800284f   Thumb Code    26  stm32f10x_tim.o(.text)
    TIM_OC3PreloadConfig                     0x08002869   Thumb Code    18  stm32f10x_tim.o(.text)
    TIM_OC4PreloadConfig                     0x0800287b   Thumb Code    26  stm32f10x_tim.o(.text)
    TIM_OC1FastConfig                        0x08002895   Thumb Code    18  stm32f10x_tim.o(.text)
    TIM_OC2FastConfig                        0x080028a7   Thumb Code    26  stm32f10x_tim.o(.text)
    TIM_OC3FastConfig                        0x080028c1   Thumb Code    18  stm32f10x_tim.o(.text)
    TIM_OC4FastConfig                        0x080028d3   Thumb Code    26  stm32f10x_tim.o(.text)
    TIM_ClearOC1Ref                          0x080028ed   Thumb Code    18  stm32f10x_tim.o(.text)
    TIM_ClearOC2Ref                          0x080028ff   Thumb Code    24  stm32f10x_tim.o(.text)
    TIM_ClearOC3Ref                          0x08002917   Thumb Code    18  stm32f10x_tim.o(.text)
    TIM_ClearOC4Ref                          0x08002929   Thumb Code    24  stm32f10x_tim.o(.text)
    TIM_OC1PolarityConfig                    0x08002941   Thumb Code    18  stm32f10x_tim.o(.text)
    TIM_OC1NPolarityConfig                   0x08002953   Thumb Code    18  stm32f10x_tim.o(.text)
    TIM_OC2PolarityConfig                    0x08002965   Thumb Code    26  stm32f10x_tim.o(.text)
    TIM_OC2NPolarityConfig                   0x0800297f   Thumb Code    26  stm32f10x_tim.o(.text)
    TIM_OC3PolarityConfig                    0x08002999   Thumb Code    26  stm32f10x_tim.o(.text)
    TIM_OC3NPolarityConfig                   0x080029b3   Thumb Code    26  stm32f10x_tim.o(.text)
    TIM_OC4PolarityConfig                    0x080029cd   Thumb Code    26  stm32f10x_tim.o(.text)
    TIM_CCxCmd                               0x080029e7   Thumb Code    30  stm32f10x_tim.o(.text)
    TIM_CCxNCmd                              0x08002a05   Thumb Code    30  stm32f10x_tim.o(.text)
    TIM_SelectOCxM                           0x08002a23   Thumb Code    86  stm32f10x_tim.o(.text)
    TIM_UpdateDisableConfig                  0x08002a79   Thumb Code    24  stm32f10x_tim.o(.text)
    TIM_UpdateRequestConfig                  0x08002a91   Thumb Code    24  stm32f10x_tim.o(.text)
    TIM_SelectHallSensor                     0x08002aa9   Thumb Code    24  stm32f10x_tim.o(.text)
    TIM_SelectOnePulseMode                   0x08002ac1   Thumb Code    18  stm32f10x_tim.o(.text)
    TIM_SelectOutputTrigger                  0x08002ad3   Thumb Code    18  stm32f10x_tim.o(.text)
    TIM_SelectSlaveMode                      0x08002ae5   Thumb Code    18  stm32f10x_tim.o(.text)
    TIM_SelectMasterSlaveMode                0x08002af7   Thumb Code    18  stm32f10x_tim.o(.text)
    TIM_SetCounter                           0x08002b09   Thumb Code     4  stm32f10x_tim.o(.text)
    TIM_SetAutoreload                        0x08002b0d   Thumb Code     4  stm32f10x_tim.o(.text)
    TIM_SetCompare1                          0x08002b11   Thumb Code     4  stm32f10x_tim.o(.text)
    TIM_SetCompare2                          0x08002b15   Thumb Code     4  stm32f10x_tim.o(.text)
    TIM_SetCompare3                          0x08002b19   Thumb Code     4  stm32f10x_tim.o(.text)
    TIM_SetCompare4                          0x08002b1d   Thumb Code     6  stm32f10x_tim.o(.text)
    TIM_SetClockDivision                     0x08002b23   Thumb Code    14  stm32f10x_tim.o(.text)
    TIM_GetCapture1                          0x08002b31   Thumb Code     6  stm32f10x_tim.o(.text)
    TIM_GetCapture2                          0x08002b37   Thumb Code     6  stm32f10x_tim.o(.text)
    TIM_GetCapture3                          0x08002b3d   Thumb Code     6  stm32f10x_tim.o(.text)
    TIM_GetCapture4                          0x08002b43   Thumb Code     8  stm32f10x_tim.o(.text)
    TIM_GetCounter                           0x08002b4b   Thumb Code     6  stm32f10x_tim.o(.text)
    TIM_GetPrescaler                         0x08002b51   Thumb Code     6  stm32f10x_tim.o(.text)
    TIM_GetFlagStatus                        0x08002b57   Thumb Code    18  stm32f10x_tim.o(.text)
    TIM_ClearFlag                            0x08002b69   Thumb Code     6  stm32f10x_tim.o(.text)
    TIM_GetITStatus                          0x08002b6f   Thumb Code    34  stm32f10x_tim.o(.text)
    TIM_ClearITPendingBit                    0x08002b91   Thumb Code     6  stm32f10x_tim.o(.text)
    USART_DeInit                             0x08002b99   Thumb Code   134  stm32f10x_usart.o(.text)
    USART_Init                               0x08002c1f   Thumb Code   156  stm32f10x_usart.o(.text)
    USART_StructInit                         0x08002cbb   Thumb Code    24  stm32f10x_usart.o(.text)
    USART_ClockInit                          0x08002cd3   Thumb Code    34  stm32f10x_usart.o(.text)
    USART_ClockStructInit                    0x08002cf5   Thumb Code    12  stm32f10x_usart.o(.text)
    USART_Cmd                                0x08002d01   Thumb Code    24  stm32f10x_usart.o(.text)
    USART_ITConfig                           0x08002d19   Thumb Code    74  stm32f10x_usart.o(.text)
    USART_DMACmd                             0x08002d63   Thumb Code    18  stm32f10x_usart.o(.text)
    USART_SetAddress                         0x08002d75   Thumb Code    18  stm32f10x_usart.o(.text)
    USART_WakeUpConfig                       0x08002d87   Thumb Code    18  stm32f10x_usart.o(.text)
    USART_ReceiverWakeUpCmd                  0x08002d99   Thumb Code    24  stm32f10x_usart.o(.text)
    USART_LINBreakDetectLengthConfig         0x08002db1   Thumb Code    18  stm32f10x_usart.o(.text)
    USART_LINCmd                             0x08002dc3   Thumb Code    24  stm32f10x_usart.o(.text)
    USART_SendData                           0x08002ddb   Thumb Code     8  stm32f10x_usart.o(.text)
    USART_ReceiveData                        0x08002de3   Thumb Code    10  stm32f10x_usart.o(.text)
    USART_SendBreak                          0x08002ded   Thumb Code    10  stm32f10x_usart.o(.text)
    USART_SetGuardTime                       0x08002df7   Thumb Code    16  stm32f10x_usart.o(.text)
    USART_SetPrescaler                       0x08002e07   Thumb Code    16  stm32f10x_usart.o(.text)
    USART_SmartCardCmd                       0x08002e17   Thumb Code    24  stm32f10x_usart.o(.text)
    USART_SmartCardNACKCmd                   0x08002e2f   Thumb Code    24  stm32f10x_usart.o(.text)
    USART_HalfDuplexCmd                      0x08002e47   Thumb Code    24  stm32f10x_usart.o(.text)
    USART_IrDAConfig                         0x08002e5f   Thumb Code    18  stm32f10x_usart.o(.text)
    USART_IrDACmd                            0x08002e71   Thumb Code    24  stm32f10x_usart.o(.text)
    USART_GetFlagStatus                      0x08002e89   Thumb Code    26  stm32f10x_usart.o(.text)
    USART_ClearFlag                          0x08002ea3   Thumb Code    18  stm32f10x_usart.o(.text)
    USART_GetITStatus                        0x08002eb5   Thumb Code    84  stm32f10x_usart.o(.text)
    USART_ClearITPendingBit                  0x08002f09   Thumb Code    30  stm32f10x_usart.o(.text)
    WWDG_DeInit                              0x08002f3d   Thumb Code    22  stm32f10x_wwdg.o(.text)
    WWDG_SetPrescaler                        0x08002f53   Thumb Code    18  stm32f10x_wwdg.o(.text)
    WWDG_SetWindowValue                      0x08002f65   Thumb Code    34  stm32f10x_wwdg.o(.text)
    WWDG_EnableIT                            0x08002f87   Thumb Code     8  stm32f10x_wwdg.o(.text)
    WWDG_SetCounter                          0x08002f8f   Thumb Code    12  stm32f10x_wwdg.o(.text)
    WWDG_Enable                              0x08002f9b   Thumb Code    12  stm32f10x_wwdg.o(.text)
    WWDG_GetFlagStatus                       0x08002fa7   Thumb Code    10  stm32f10x_wwdg.o(.text)
    WWDG_ClearFlag                           0x08002fb1   Thumb Code    10  stm32f10x_wwdg.o(.text)
    NVIC_PriorityGroupConfig                 0x08002fc5   Thumb Code    10  misc.o(.text)
    NVIC_Init                                0x08002fcf   Thumb Code   100  misc.o(.text)
    NVIC_SetVectorTable                      0x08003033   Thumb Code    14  misc.o(.text)
    NVIC_SystemLPConfig                      0x08003041   Thumb Code    34  misc.o(.text)
    SysTick_CLKSourceConfig                  0x08003063   Thumb Code    40  misc.o(.text)
    GPIO_DeInit                              0x080030a1   Thumb Code   172  stm32f10x_gpio.o(.text)
    GPIO_AFIODeInit                          0x0800314d   Thumb Code    20  stm32f10x_gpio.o(.text)
    GPIO_Init                                0x08003161   Thumb Code   278  stm32f10x_gpio.o(.text)
    GPIO_StructInit                          0x08003277   Thumb Code    16  stm32f10x_gpio.o(.text)
    GPIO_ReadInputDataBit                    0x08003287   Thumb Code    18  stm32f10x_gpio.o(.text)
    GPIO_ReadInputData                       0x08003299   Thumb Code     8  stm32f10x_gpio.o(.text)
    GPIO_ReadOutputDataBit                   0x080032a1   Thumb Code    18  stm32f10x_gpio.o(.text)
    GPIO_ReadOutputData                      0x080032b3   Thumb Code     8  stm32f10x_gpio.o(.text)
    GPIO_SetBits                             0x080032bb   Thumb Code     4  stm32f10x_gpio.o(.text)
    GPIO_ResetBits                           0x080032bf   Thumb Code     4  stm32f10x_gpio.o(.text)
    GPIO_WriteBit                            0x080032c3   Thumb Code    10  stm32f10x_gpio.o(.text)
    GPIO_Write                               0x080032cd   Thumb Code     4  stm32f10x_gpio.o(.text)
    GPIO_PinLockConfig                       0x080032d1   Thumb Code    18  stm32f10x_gpio.o(.text)
    GPIO_EventOutputConfig                   0x080032e3   Thumb Code    26  stm32f10x_gpio.o(.text)
    GPIO_EventOutputCmd                      0x080032fd   Thumb Code     6  stm32f10x_gpio.o(.text)
    GPIO_PinRemapConfig                      0x08003303   Thumb Code   106  stm32f10x_gpio.o(.text)
    GPIO_EXTILineConfig                      0x0800336d   Thumb Code    66  stm32f10x_gpio.o(.text)
    GPIO_ETH_MediaInterfaceConfig            0x080033af   Thumb Code     8  stm32f10x_gpio.o(.text)
    FLASH_SetLatency                         0x080033dd   Thumb Code    18  stm32f10x_flash.o(.text)
    FLASH_HalfCycleAccessCmd                 0x080033ef   Thumb Code    22  stm32f10x_flash.o(.text)
    FLASH_PrefetchBufferCmd                  0x08003405   Thumb Code    22  stm32f10x_flash.o(.text)
    FLASH_Unlock                             0x0800341b   Thumb Code    12  stm32f10x_flash.o(.text)
    FLASH_Lock                               0x08003427   Thumb Code    14  stm32f10x_flash.o(.text)
    FLASH_GetStatus                          0x08003435   Thumb Code    48  stm32f10x_flash.o(.text)
    FLASH_WaitForLastOperation               0x0800347f   Thumb Code    42  stm32f10x_flash.o(.text)
    FLASH_ErasePage                          0x080034a9   Thumb Code    76  stm32f10x_flash.o(.text)
    FLASH_EraseAllPages                      0x080034f5   Thumb Code    72  stm32f10x_flash.o(.text)
    FLASH_EraseOptionBytes                   0x0800353d   Thumb Code   142  stm32f10x_flash.o(.text)
    FLASH_ProgramWord                        0x080035cb   Thumb Code   110  stm32f10x_flash.o(.text)
    FLASH_ProgramHalfWord                    0x08003639   Thumb Code    64  stm32f10x_flash.o(.text)
    FLASH_ProgramOptionByteData              0x08003679   Thumb Code    72  stm32f10x_flash.o(.text)
    FLASH_EnableWriteProtection              0x080036c1   Thumb Code   182  stm32f10x_flash.o(.text)
    FLASH_ReadOutProtection                  0x08003777   Thumb Code   172  stm32f10x_flash.o(.text)
    FLASH_UserOptionByteConfig               0x08003823   Thumb Code    92  stm32f10x_flash.o(.text)
    FLASH_GetUserOptionByte                  0x0800387f   Thumb Code     8  stm32f10x_flash.o(.text)
    FLASH_GetWriteProtectionOptionByte       0x08003887   Thumb Code     6  stm32f10x_flash.o(.text)
    FLASH_GetReadOutProtectionStatus         0x0800388d   Thumb Code    20  stm32f10x_flash.o(.text)
    FLASH_GetPrefetchBufferStatus            0x080038a1   Thumb Code    20  stm32f10x_flash.o(.text)
    FLASH_ITConfig                           0x080038b5   Thumb Code    26  stm32f10x_flash.o(.text)
    FLASH_GetFlagStatus                      0x080038cf   Thumb Code    42  stm32f10x_flash.o(.text)
    FLASH_ClearFlag                          0x080038f9   Thumb Code     6  stm32f10x_flash.o(.text)
    SystemInit_ExtMemCtl                     0x08003911   Thumb Code     2  startup_stm32f10x_hd.o(.text)
    Reset_Handler                            0x08003913   Thumb Code    14  startup_stm32f10x_hd.o(.text)
    ADC1_2_IRQHandler                        0x08003933   Thumb Code     0  startup_stm32f10x_hd.o(.text)
    ADC3_IRQHandler                          0x08003933   Thumb Code     0  startup_stm32f10x_hd.o(.text)
    CAN1_RX1_IRQHandler                      0x08003933   Thumb Code     0  startup_stm32f10x_hd.o(.text)
    CAN1_SCE_IRQHandler                      0x08003933   Thumb Code     0  startup_stm32f10x_hd.o(.text)
    DMA1_Channel1_IRQHandler                 0x08003933   Thumb Code     0  startup_stm32f10x_hd.o(.text)
    DMA1_Channel2_IRQHandler                 0x08003933   Thumb Code     0  startup_stm32f10x_hd.o(.text)
    DMA1_Channel3_IRQHandler                 0x08003933   Thumb Code     0  startup_stm32f10x_hd.o(.text)
    DMA1_Channel4_IRQHandler                 0x08003933   Thumb Code     0  startup_stm32f10x_hd.o(.text)
    DMA1_Channel5_IRQHandler                 0x08003933   Thumb Code     0  startup_stm32f10x_hd.o(.text)
    DMA1_Channel6_IRQHandler                 0x08003933   Thumb Code     0  startup_stm32f10x_hd.o(.text)
    DMA1_Channel7_IRQHandler                 0x08003933   Thumb Code     0  startup_stm32f10x_hd.o(.text)
    DMA2_Channel1_IRQHandler                 0x08003933   Thumb Code     0  startup_stm32f10x_hd.o(.text)
    DMA2_Channel2_IRQHandler                 0x08003933   Thumb Code     0  startup_stm32f10x_hd.o(.text)
    DMA2_Channel3_IRQHandler                 0x08003933   Thumb Code     0  startup_stm32f10x_hd.o(.text)
    DMA2_Channel4_5_IRQHandler               0x08003933   Thumb Code     0  startup_stm32f10x_hd.o(.text)
    EXTI0_IRQHandler                         0x08003933   Thumb Code     0  startup_stm32f10x_hd.o(.text)
    EXTI15_10_IRQHandler                     0x08003933   Thumb Code     0  startup_stm32f10x_hd.o(.text)
    EXTI1_IRQHandler                         0x08003933   Thumb Code     0  startup_stm32f10x_hd.o(.text)
    EXTI2_IRQHandler                         0x08003933   Thumb Code     0  startup_stm32f10x_hd.o(.text)
    EXTI3_IRQHandler                         0x08003933   Thumb Code     0  startup_stm32f10x_hd.o(.text)
    EXTI4_IRQHandler                         0x08003933   Thumb Code     0  startup_stm32f10x_hd.o(.text)
    EXTI9_5_IRQHandler                       0x08003933   Thumb Code     0  startup_stm32f10x_hd.o(.text)
    FLASH_IRQHandler                         0x08003933   Thumb Code     0  startup_stm32f10x_hd.o(.text)
    FSMC_IRQHandler                          0x08003933   Thumb Code     0  startup_stm32f10x_hd.o(.text)
    I2C1_ER_IRQHandler                       0x08003933   Thumb Code     0  startup_stm32f10x_hd.o(.text)
    I2C1_EV_IRQHandler                       0x08003933   Thumb Code     0  startup_stm32f10x_hd.o(.text)
    I2C2_ER_IRQHandler                       0x08003933   Thumb Code     0  startup_stm32f10x_hd.o(.text)
    I2C2_EV_IRQHandler                       0x08003933   Thumb Code     0  startup_stm32f10x_hd.o(.text)
    PVD_IRQHandler                           0x08003933   Thumb Code     0  startup_stm32f10x_hd.o(.text)
    RCC_IRQHandler                           0x08003933   Thumb Code     0  startup_stm32f10x_hd.o(.text)
    RTCAlarm_IRQHandler                      0x08003933   Thumb Code     0  startup_stm32f10x_hd.o(.text)
    RTC_IRQHandler                           0x08003933   Thumb Code     0  startup_stm32f10x_hd.o(.text)
    SDIO_IRQHandler                          0x08003933   Thumb Code     0  startup_stm32f10x_hd.o(.text)
    SPI1_IRQHandler                          0x08003933   Thumb Code     0  startup_stm32f10x_hd.o(.text)
    SPI2_IRQHandler                          0x08003933   Thumb Code     0  startup_stm32f10x_hd.o(.text)
    SPI3_IRQHandler                          0x08003933   Thumb Code     0  startup_stm32f10x_hd.o(.text)
    TAMPER_IRQHandler                        0x08003933   Thumb Code     0  startup_stm32f10x_hd.o(.text)
    TIM1_BRK_IRQHandler                      0x08003933   Thumb Code     0  startup_stm32f10x_hd.o(.text)
    TIM1_CC_IRQHandler                       0x08003933   Thumb Code     0  startup_stm32f10x_hd.o(.text)
    TIM1_TRG_COM_IRQHandler                  0x08003933   Thumb Code     0  startup_stm32f10x_hd.o(.text)
    TIM1_UP_IRQHandler                       0x08003933   Thumb Code     0  startup_stm32f10x_hd.o(.text)
    TIM4_IRQHandler                          0x08003933   Thumb Code     0  startup_stm32f10x_hd.o(.text)
    TIM5_IRQHandler                          0x08003933   Thumb Code     0  startup_stm32f10x_hd.o(.text)
    TIM6_IRQHandler                          0x08003933   Thumb Code     0  startup_stm32f10x_hd.o(.text)
    TIM7_IRQHandler                          0x08003933   Thumb Code     0  startup_stm32f10x_hd.o(.text)
    TIM8_BRK_IRQHandler                      0x08003933   Thumb Code     0  startup_stm32f10x_hd.o(.text)
    TIM8_CC_IRQHandler                       0x08003933   Thumb Code     0  startup_stm32f10x_hd.o(.text)
    TIM8_TRG_COM_IRQHandler                  0x08003933   Thumb Code     0  startup_stm32f10x_hd.o(.text)
    TIM8_UP_IRQHandler                       0x08003933   Thumb Code     0  startup_stm32f10x_hd.o(.text)
    UART4_IRQHandler                         0x08003933   Thumb Code     0  startup_stm32f10x_hd.o(.text)
    UART5_IRQHandler                         0x08003933   Thumb Code     0  startup_stm32f10x_hd.o(.text)
    USART2_IRQHandler                        0x08003933   Thumb Code     0  startup_stm32f10x_hd.o(.text)
    USBWakeUp_IRQHandler                     0x08003933   Thumb Code     0  startup_stm32f10x_hd.o(.text)
    USB_HP_CAN1_TX_IRQHandler                0x08003933   Thumb Code     0  startup_stm32f10x_hd.o(.text)
    USB_LP_CAN1_RX0_IRQHandler               0x08003933   Thumb Code     0  startup_stm32f10x_hd.o(.text)
    __user_initial_stackheap                 0x08003935   Thumb Code     0  startup_stm32f10x_hd.o(.text)
    FusionAhrsInitialise                     0x0800395d   Thumb Code    68  fusionahrs.o(.text)
    FusionAhrsSetGain                        0x080039a1   Thumb Code     4  fusionahrs.o(.text)
    FusionAhrsSetMagneticField               0x080039a5   Thumb Code    30  fusionahrs.o(.text)
    FusionAhrsUpdate                         0x080039c3   Thumb Code  2864  fusionahrs.o(.text)
    FusionAhrsSetYaw                         0x080044f3   Thumb Code   810  fusionahrs.o(.text)
    FusionAhrsIsInitialising                 0x0800481d   Thumb Code    22  fusionahrs.o(.text)
    FusionAhrsUpdateWithoutMagnetometer      0x08004833   Thumb Code    88  fusionahrs.o(.text)
    FusionAhrsGetQuaternion                  0x0800488b   Thumb Code    70  fusionahrs.o(.text)
    FusionAhrsGetLinearAcceleration          0x080048d1   Thumb Code    14  fusionahrs.o(.text)
    FusionAhrsGetEarthAcceleration           0x080048df   Thumb Code   394  fusionahrs.o(.text)
    FusionAhrsReinitialise                   0x08004a69   Thumb Code    58  fusionahrs.o(.text)
    FusionBiasInitialise                     0x08004ab1   Thumb Code    66  fusionbias.o(.text)
    FusionBiasUpdate                         0x08004af3   Thumb Code   362  fusionbias.o(.text)
    FusionBiasIsActive                       0x08004c5d   Thumb Code    22  fusionbias.o(.text)
    hex_to_bcd                               0x08004c81   Thumb Code   108  mcu_api.o(.text)
    my_strlen                                0x08004ced   Thumb Code    28  mcu_api.o(.text)
    my_memset                                0x08004d09   Thumb Code    34  mcu_api.o(.text)
    my_memcpy                                0x08004d2b   Thumb Code    68  mcu_api.o(.text)
    my_strcpy                                0x08004d6f   Thumb Code    34  mcu_api.o(.text)
    my_strcmp                                0x08004d91   Thumb Code    32  mcu_api.o(.text)
    int_to_byte                              0x08004db1   Thumb Code    16  mcu_api.o(.text)
    byte_to_int                              0x08004dc1   Thumb Code    26  mcu_api.o(.text)
    mcu_dp_raw_update                        0x08004ddb   Thumb Code   112  mcu_api.o(.text)
    mcu_dp_bool_update                       0x08004e4b   Thumb Code    96  mcu_api.o(.text)
    mcu_dp_value_update                      0x08004eab   Thumb Code   116  mcu_api.o(.text)
    mcu_dp_string_update                     0x08004f1f   Thumb Code   112  mcu_api.o(.text)
    mcu_dp_enum_update                       0x08004f8f   Thumb Code    82  mcu_api.o(.text)
    mcu_dp_fault_update                      0x08004fe1   Thumb Code   194  mcu_api.o(.text)
    mcu_get_dp_download_bool                 0x080050a3   Thumb Code     6  mcu_api.o(.text)
    mcu_get_dp_download_enum                 0x080050a9   Thumb Code     6  mcu_api.o(.text)
    mcu_get_dp_download_value                0x080050af   Thumb Code    14  mcu_api.o(.text)
    uart_receive_input                       0x080050bd   Thumb Code    74  mcu_api.o(.text)
    uart_receive_buff_input                  0x08005107   Thumb Code    28  mcu_api.o(.text)
    wifi_uart_service                        0x08005123   Thumb Code   262  mcu_api.o(.text)
    wifi_protocol_init                       0x08005229   Thumb Code    24  mcu_api.o(.text)
    mcu_get_reset_wifi_flag                  0x08005241   Thumb Code     6  mcu_api.o(.text)
    mcu_reset_wifi                           0x08005247   Thumb Code    20  mcu_api.o(.text)
    mcu_get_wifimode_flag                    0x0800525b   Thumb Code     6  mcu_api.o(.text)
    mcu_set_wifi_mode                        0x08005261   Thumb Code    34  mcu_api.o(.text)
    mcu_get_wifi_work_state                  0x08005283   Thumb Code     6  mcu_api.o(.text)
    mcu_start_wifitest                       0x08005289   Thumb Code    14  mcu_api.o(.text)
    uart_transmit_output                     0x080052bd   Thumb Code    12  protocol.o(.text)
    all_data_update                          0x080052c9   Thumb Code    28  protocol.o(.text)
    dp_download_handle                       0x08005351   Thumb Code    54  protocol.o(.text)
    get_download_cmd_total                   0x08005387   Thumb Code     4  protocol.o(.text)
    wifi_test_result                         0x0800538b   Thumb Code     8  protocol.o(.text)
    set_wifi_uart_byte                       0x08005395   Thumb Code    12  system.o(.text)
    set_wifi_uart_buffer                     0x080053a1   Thumb Code    34  system.o(.text)
    get_check_sum                            0x080053c3   Thumb Code    28  system.o(.text)
    wifi_uart_write_frame                    0x08005403   Thumb Code    76  system.o(.text)
    data_handle                              0x080055a3   Thumb Code   210  system.o(.text)
    with_data_rxbuff                         0x08005675   Thumb Code    20  system.o(.text)
    take_byte_rxbuff                         0x08005689   Thumb Code    46  system.o(.text)
    KEY_Init                                 0x080057d5   Thumb Code    88  hal_key.o(.text)
    Key_Scan                                 0x0800586f   Thumb Code   328  hal_key.o(.text)
    RGB_LED_Init                             0x080059d5   Thumb Code    84  hal_rgb.o(.text)
    LED_Control                              0x08005a29   Thumb Code    92  hal_rgb.o(.text)
    LED_RGB_Control                          0x08005a85   Thumb Code   132  hal_rgb.o(.text)
    RGB_Value_Set                            0x08005b09   Thumb Code   160  hal_rgb.o(.text)
    RGB_Power_Control                        0x08005ba9   Thumb Code     2  hal_rgb.o(.text)
    malloc                                   0x08005bc1   Thumb Code    94  h1_alloc.o(.text)
    free                                     0x08005c1f   Thumb Code    78  h1_free.o(.text)
    vsnprintf                                0x08005c6d   Thumb Code    48  vsnprintf.o(.text)
    __aeabi_memcpy4                          0x08005ca1   Thumb Code     0  rt_memcpy_w.o(.text)
    __aeabi_memcpy8                          0x08005ca1   Thumb Code     0  rt_memcpy_w.o(.text)
    __rt_memcpy_w                            0x08005ca1   Thumb Code   100  rt_memcpy_w.o(.text)
    _memcpy_lastbytes_aligned                0x08005ce9   Thumb Code     0  rt_memcpy_w.o(.text)
    __aeabi_memclr4                          0x08005d05   Thumb Code     0  rt_memclr_w.o(.text)
    __aeabi_memclr8                          0x08005d05   Thumb Code     0  rt_memclr_w.o(.text)
    __rt_memclr_w                            0x08005d05   Thumb Code    78  rt_memclr_w.o(.text)
    _memset_w                                0x08005d09   Thumb Code     0  rt_memclr_w.o(.text)
    __use_two_region_memory                  0x08005d53   Thumb Code     2  heapauxi.o(.text)
    __rt_heap_escrow                         0x08005d55   Thumb Code     2  heapauxi.o(.text)
    __rt_heap_expand                         0x08005d57   Thumb Code     2  heapauxi.o(.text)
    __rt_heap_descriptor                     0x08005d59   Thumb Code     8  rt_heap_descriptor_intlibspace.o(.text)
    __use_no_heap                            0x08005d61   Thumb Code     2  hguard.o(.text)
    __heap$guard                             0x08005d63   Thumb Code     2  hguard.o(.text)
    _terminate_user_alloc                    0x08005d65   Thumb Code     2  init_alloc.o(.text)
    _init_user_alloc                         0x08005d67   Thumb Code     2  init_alloc.o(.text)
    __Heap_Full                              0x08005d69   Thumb Code    34  init_alloc.o(.text)
    __Heap_Broken                            0x08005d8b   Thumb Code     6  init_alloc.o(.text)
    _init_alloc                              0x08005d91   Thumb Code    94  init_alloc.o(.text)
    __Heap_Initialize                        0x08005def   Thumb Code    10  h1_init.o(.text)
    __Heap_DescSize                          0x08005df9   Thumb Code     4  h1_init.o(.text)
    __read_errno                             0x08005dfd   Thumb Code    10  _rserrno.o(.text)
    __set_errno                              0x08005e07   Thumb Code    12  _rserrno.o(.text)
    _printf_pre_padding                      0x08005e13   Thumb Code    44  _printf_pad.o(.text)
    _printf_post_padding                     0x08005e3f   Thumb Code    34  _printf_pad.o(.text)
    _printf_truncate_signed                  0x08005e61   Thumb Code    18  _printf_truncate.o(.text)
    _printf_truncate_unsigned                0x08005e73   Thumb Code    18  _printf_truncate.o(.text)
    _printf_str                              0x08005e85   Thumb Code    82  _printf_str.o(.text)
    _printf_int_dec                          0x08005ed9   Thumb Code   104  _printf_dec.o(.text)
    _printf_charcount                        0x08005f51   Thumb Code    40  _printf_charcount.o(.text)
    _printf_char_common                      0x08005f83   Thumb Code    32  _printf_char_common.o(.text)
    _sputc                                   0x08005fa9   Thumb Code    10  _sputc.o(.text)
    _snputc                                  0x08005fb3   Thumb Code    16  _snputc.o(.text)
    _printf_wctomb                           0x08005fc5   Thumb Code   182  _printf_wctomb.o(.text)
    _printf_longlong_dec                     0x08006081   Thumb Code   108  _printf_longlong_dec.o(.text)
    _printf_longlong_oct                     0x080060fd   Thumb Code    66  _printf_oct_int_ll.o(.text)
    _printf_int_oct                          0x0800613f   Thumb Code    24  _printf_oct_int_ll.o(.text)
    _printf_ll_oct                           0x08006157   Thumb Code    12  _printf_oct_int_ll.o(.text)
    _printf_longlong_hex                     0x0800616d   Thumb Code    86  _printf_hex_int_ll_ptr.o(.text)
    _printf_int_hex                          0x080061c3   Thumb Code    28  _printf_hex_int_ll_ptr.o(.text)
    _printf_ll_hex                           0x080061df   Thumb Code    12  _printf_hex_int_ll_ptr.o(.text)
    _printf_hex_ptr                          0x080061eb   Thumb Code    18  _printf_hex_int_ll_ptr.o(.text)
    __printf                                 0x08006201   Thumb Code   388  __printf_flags_ss_wp.o(.text)
    __user_libspace                          0x08006389   Thumb Code     8  libspace.o(.text)
    __user_perproc_libspace                  0x08006389   Thumb Code     0  libspace.o(.text)
    __user_perthread_libspace                0x08006389   Thumb Code     0  libspace.o(.text)
    __aeabi_errno_addr                       0x08006391   Thumb Code     8  rt_errno_addr_intlibspace.o(.text)
    __errno$intlibspace                      0x08006391   Thumb Code     0  rt_errno_addr_intlibspace.o(.text)
    __rt_errno_addr$intlibspace              0x08006391   Thumb Code     0  rt_errno_addr_intlibspace.o(.text)
    __Heap_ProvideMemory                     0x08006399   Thumb Code    52  h1_extend.o(.text)
    _ll_udiv10                               0x080063cd   Thumb Code   138  lludiv10.o(.text)
    _printf_int_common                       0x08006457   Thumb Code   178  _printf_intcommon.o(.text)
    __lib_sel_fp_printf                      0x08006509   Thumb Code     2  _printf_fp_dec.o(.text)
    _printf_fp_dec_real                      0x080066bb   Thumb Code   620  _printf_fp_dec.o(.text)
    _printf_fp_hex_real                      0x08006929   Thumb Code   756  _printf_fp_hex.o(.text)
    _printf_cs_common                        0x08006c25   Thumb Code    20  _printf_char.o(.text)
    _printf_char                             0x08006c39   Thumb Code    16  _printf_char.o(.text)
    _printf_string                           0x08006c49   Thumb Code     8  _printf_char.o(.text)
    _printf_lcs_common                       0x08006c51   Thumb Code    20  _printf_wchar.o(.text)
    _printf_wchar                            0x08006c65   Thumb Code    16  _printf_wchar.o(.text)
    _printf_wstring                          0x08006c75   Thumb Code     8  _printf_wchar.o(.text)
    _wcrtomb                                 0x08006c7d   Thumb Code    64  _wcrtomb.o(.text)
    __rt_SIGRTMEM                            0x08006cbd   Thumb Code    14  defsig_rtmem_outer.o(.text)
    __I$use$semihosting                      0x08006ccb   Thumb Code     0  use_no_semi.o(.text)
    __use_no_semihosting_swi                 0x08006ccb   Thumb Code     2  use_no_semi.o(.text)
    __semihosting_library_function           0x08006ccd   Thumb Code     0  indicate_semi.o(.text)
    __user_setup_stackheap                   0x08006ccd   Thumb Code    74  sys_stackheap_outer.o(.text)
    __rt_ctype_table                         0x08006d19   Thumb Code    16  rt_ctype_table.o(.text)
    __rt_locale                              0x08006d29   Thumb Code     8  rt_locale_intlibspace.o(.text)
    _printf_fp_infnan                        0x08006d31   Thumb Code   112  _printf_fp_infnan.o(.text)
    _btod_etento                             0x08006db1   Thumb Code   224  bigflt0.o(.text)
    exit                                     0x08006e95   Thumb Code    18  exit.o(.text)
    __sig_exit                               0x08006ea7   Thumb Code    10  defsig_exit.o(.text)
    __rt_SIGRTMEM_inner                      0x08006eb1   Thumb Code    22  defsig_rtmem_inner.o(.text)
    _sys_exit                                0x08006f01   Thumb Code     8  sys_exit.o(.text)
    __default_signal_display                 0x08006f0d   Thumb Code    50  defsig_general.o(.text)
    strcmp                                   0x08006f41   Thumb Code   128  strcmpv7m.o(.text)
    _ttywrch                                 0x08006fc1   Thumb Code    14  sys_wrch.o(.text)
    _btod_d2e                                0x08006fcf   Thumb Code    62  btod.o(CL$$btod_d2e)
    _d2e_denorm_low                          0x0800700d   Thumb Code    70  btod.o(CL$$btod_d2e_denorm_low)
    _d2e_norm_op1                            0x08007053   Thumb Code    96  btod.o(CL$$btod_d2e_norm_op1)
    __btod_div_common                        0x080070b3   Thumb Code   696  btod.o(CL$$btod_div_common)
    _e2e                                     0x080073eb   Thumb Code   220  btod.o(CL$$btod_e2e)
    _btod_ediv                               0x080074c7   Thumb Code    42  btod.o(CL$$btod_ediv)
    _btod_emul                               0x080074f1   Thumb Code    42  btod.o(CL$$btod_emul)
    __btod_mult_common                       0x0800751b   Thumb Code   580  btod.o(CL$$btod_mult_common)
    __ARM_fpclassify                         0x0800775f   Thumb Code    40  fpclassify.o(i.__ARM_fpclassify)
    __ARM_fpclassifyf                        0x08007787   Thumb Code    38  fpclassifyf.o(i.__ARM_fpclassifyf)
    __mathlib_flt_infnan                     0x080077ad   Thumb Code     6  funder.o(i.__mathlib_flt_infnan)
    __mathlib_flt_infnan2                    0x080077b3   Thumb Code     4  funder.o(i.__mathlib_flt_infnan2)
    __mathlib_flt_invalid                    0x080077b7   Thumb Code     8  funder.o(i.__mathlib_flt_invalid)
    __mathlib_flt_underflow                  0x080077bf   Thumb Code    10  funder.o(i.__mathlib_flt_underflow)
    __mathlib_rredf2                         0x080077c9   Thumb Code   344  rredf.o(i.__mathlib_rredf2)
    _is_digit                                0x08007931   Thumb Code    14  __printf_wp.o(i._is_digit)
    asinf                                    0x08007941   Thumb Code   254  asinf.o(i.asinf)
    atan2f                                   0x08007a65   Thumb Code   598  atan2f.o(i.atan2f)
    cosf                                     0x08007d09   Thumb Code   328  cosf.o(i.cosf)
    sinf                                     0x08007e85   Thumb Code   338  sinf.o(i.sinf)
    sqrtf                                    0x0800800d   Thumb Code    44  sqrtf.o(i.sqrtf)
    _get_lc_numeric                          0x08008039   Thumb Code    44  lc_numeric_c.o(locale$$code)
    _get_lc_ctype                            0x08008065   Thumb Code    44  lc_ctype_c.o(locale$$code)
    __aeabi_d2f                              0x08008091   Thumb Code     0  d2f.o(x$fpl$d2f)
    _d2f                                     0x08008091   Thumb Code    98  d2f.o(x$fpl$d2f)
    __fpl_dcmp_Inf                           0x080080f3   Thumb Code    24  dcmpi.o(x$fpl$dcmpinf)
    __aeabi_ddiv                             0x0800810d   Thumb Code     0  ddiv.o(x$fpl$ddiv)
    _ddiv                                    0x0800810d   Thumb Code   552  ddiv.o(x$fpl$ddiv)
    __aeabi_d2iz                             0x080083bd   Thumb Code     0  dfix.o(x$fpl$dfix)
    _dfix                                    0x080083bd   Thumb Code    94  dfix.o(x$fpl$dfix)
    __aeabi_i2d                              0x0800841b   Thumb Code     0  dflt_clz.o(x$fpl$dflt)
    _dflt                                    0x0800841b   Thumb Code    46  dflt_clz.o(x$fpl$dflt)
    __aeabi_cdcmple                          0x08008449   Thumb Code     0  dleqf.o(x$fpl$dleqf)
    _dcmple                                  0x08008449   Thumb Code   120  dleqf.o(x$fpl$dleqf)
    __fpl_dcmple_InfNaN                      0x080084ab   Thumb Code     0  dleqf.o(x$fpl$dleqf)
    __aeabi_dmul                             0x080084c1   Thumb Code     0  dmul.o(x$fpl$dmul)
    _dmul                                    0x080084c1   Thumb Code   332  dmul.o(x$fpl$dmul)
    __fpl_dnaninf                            0x08008615   Thumb Code   156  dnaninf.o(x$fpl$dnaninf)
    __fpl_dretinf                            0x080086b1   Thumb Code    12  dretinf.o(x$fpl$dretinf)
    __aeabi_cdrcmple                         0x080086bd   Thumb Code     0  drleqf.o(x$fpl$drleqf)
    _drcmple                                 0x080086bd   Thumb Code   108  drleqf.o(x$fpl$drleqf)
    __aeabi_f2d                              0x08008729   Thumb Code     0  f2d.o(x$fpl$f2d)
    _f2d                                     0x08008729   Thumb Code    86  f2d.o(x$fpl$f2d)
    __aeabi_fadd                             0x08008781   Thumb Code     0  faddsub_clz.o(x$fpl$fadd)
    _fadd                                    0x08008781   Thumb Code   196  faddsub_clz.o(x$fpl$fadd)
    __fpl_fcheck_NaN1                        0x08008845   Thumb Code     6  fcheck1.o(x$fpl$fcheck1)
    __fpl_fcmp_Inf                           0x08008851   Thumb Code    24  fcmpi.o(x$fpl$fcmpinf)
    __aeabi_fdiv                             0x08008869   Thumb Code     0  fdiv.o(x$fpl$fdiv)
    _fdiv                                    0x08008869   Thumb Code   384  fdiv.o(x$fpl$fdiv)
    __aeabi_cfcmpeq                          0x080089ed   Thumb Code     0  feqf.o(x$fpl$feqf)
    _fcmpeq                                  0x080089ed   Thumb Code   104  feqf.o(x$fpl$feqf)
    __aeabi_f2iz                             0x08008a55   Thumb Code     0  ffix.o(x$fpl$ffix)
    _ffix                                    0x08008a55   Thumb Code    54  ffix.o(x$fpl$ffix)
    __aeabi_i2f                              0x08008a8d   Thumb Code     0  fflt_clz.o(x$fpl$fflt)
    _fflt                                    0x08008a8d   Thumb Code    48  fflt_clz.o(x$fpl$fflt)
    __aeabi_ui2f                             0x08008abd   Thumb Code     0  fflt_clz.o(x$fpl$ffltu)
    _ffltu                                   0x08008abd   Thumb Code    38  fflt_clz.o(x$fpl$ffltu)
    __aeabi_cfcmple                          0x08008ae5   Thumb Code     0  fleqf.o(x$fpl$fleqf)
    _fcmple                                  0x08008ae5   Thumb Code   104  fleqf.o(x$fpl$fleqf)
    __fpl_fcmple_InfNaN                      0x08008b37   Thumb Code     0  fleqf.o(x$fpl$fleqf)
    __aeabi_fmul                             0x08008b4d   Thumb Code     0  fmul.o(x$fpl$fmul)
    _fmul                                    0x08008b4d   Thumb Code   258  fmul.o(x$fpl$fmul)
    __fpl_fnaninf                            0x08008c4f   Thumb Code   140  fnaninf.o(x$fpl$fnaninf)
    __fpl_fretinf                            0x08008cdb   Thumb Code    10  fretinf.o(x$fpl$fretinf)
    __aeabi_cfrcmple                         0x08008ce5   Thumb Code     0  frleqf.o(x$fpl$frleqf)
    _frcmple                                 0x08008ce5   Thumb Code    98  frleqf.o(x$fpl$frleqf)
    _frnd                                    0x08008d49   Thumb Code    96  frnd.o(x$fpl$frnd)
    __aeabi_frsub                            0x08008da9   Thumb Code     0  faddsub_clz.o(x$fpl$frsb)
    _frsb                                    0x08008da9   Thumb Code    20  faddsub_clz.o(x$fpl$frsb)
    _fsqrt                                   0x08008dbd   Thumb Code   272  fsqrt.o(x$fpl$fsqrt)
    __aeabi_fsub                             0x08008ecd   Thumb Code     0  faddsub_clz.o(x$fpl$fsub)
    _fsub                                    0x08008ecd   Thumb Code   234  faddsub_clz.o(x$fpl$fsub)
    _printf_fp_dec                           0x08008fb7   Thumb Code     4  printf1.o(x$fpl$printf1)
    _printf_fp_hex                           0x08008fbb   Thumb Code     4  printf2.o(x$fpl$printf2)
    __fpl_return_NaN                         0x08008fbf   Thumb Code   100  retnan.o(x$fpl$retnan)
    __ARM_scalbnf                            0x08009023   Thumb Code    76  scalbnf.o(x$fpl$scalbnf)
    __fpl_cmpreturn                          0x0800906f   Thumb Code    48  trapv.o(x$fpl$trapveneer)
    __I$use$fp                               0x0800909e   Number         0  usenofp.o(x$fpl$usenofp)
    download_cmd                             0x0800912c   Data           6  protocol.o(.constdata)
    Region$$Table$$Base                      0x08009254   Number         0  anon$$obj.o(Region$$Table)
    Region$$Table$$Limit                     0x08009274   Number         0  anon$$obj.o(Region$$Table)
    __ctype                                  0x0800929d   Data           0  lc_ctype_c.o(locale$$data)
    GPIO_InitStructure                       0x20000000   Data           4  main.o(.data)
    HSEStartUpStatus                         0x20000004   Data           1  main.o(.data)
    samplePeriod                             0x20000008   Data           4  main.o(.data)
    MagicStick_state                         0x2000000c   Data           2  main.o(.data)
    TX_DATA                                  0x20000010   Data           4  mpu9250.o(.data)
    test                                     0x20000014   Data           1  mpu9250.o(.data)
    gyroscopeSensitivity                     0x20000018   Data          12  mpu9250.o(.data)
    accelerometerSensitivity                 0x20000024   Data          12  mpu9250.o(.data)
    hardIronBias                             0x20000030   Data          12  mpu9250.o(.data)
    Timer2_Value                             0x2000007c   Data           4  timer.o(.data)
    Timer_Count_Value                        0x20000080   Data           4  timer.o(.data)
    Timer4_Value                             0x20000088   Data           1  timer.o(.data)
    rx_buf_in                                0x200000a4   Data           4  system.o(.data)
    rx_buf_out                               0x200000a8   Data           4  system.o(.data)
    stop_update_flag                         0x200000ac   Data           1  system.o(.data)
    reset_wifi_flag                          0x200000ad   Data           1  system.o(.data)
    set_wifimode_flag                        0x200000ae   Data           1  system.o(.data)
    wifi_work_state                          0x200000af   Data           1  system.o(.data)
    wifi_test_mode                           0x200000b1   Data           1  hal_key.o(.data)
    light_r                                  0x200000b2   Data           1  hal_rgb.o(.data)
    light_g                                  0x200000b3   Data           1  hal_rgb.o(.data)
    light_b                                  0x200000b4   Data           1  hal_rgb.o(.data)
    fusionBias                               0x200000b8   Data          28  main.o(.bss)
    fusionAhrs                               0x200000d4   Data          48  main.o(.bss)
    data_to_send                             0x20000104   Data          50  main.o(.bss)
    BUF                                      0x20000136   Data          10  mpu9250.o(.bss)
    wifi_data_process_buf                    0x2000014c   Data          71  system.o(.bss)
    wifi_uart_rx_buf                         0x20000193   Data         135  system.o(.bss)
    wifi_uart_tx_buf                         0x2000021a   Data          55  system.o(.bss)
    __libspace_start                         0x20000274   Data          96  libspace.o(.bss)
    __temporary_stack_top$libspace           0x200002d4   Data           0  libspace.o(.bss)



==============================================================================

Memory Map of the image

  Image Entry point : 0x08000131

  Load Region LR_IROM1 (Base: 0x08000000, Size: 0x00009458, Max: 0x00010000, ABSOLUTE)

    Execution Region ER_IROM1 (Exec base: 0x08000000, Load base: 0x08000000, Size: 0x000093a0, Max: 0x00010000, ABSOLUTE)

    Exec Addr    Load Addr    Size         Type   Attr      Idx    E Section Name        Object

    0x08000000   0x08000000   0x00000130   Data   RO          338    RESET               startup_stm32f10x_hd.o
    0x08000130   0x08000130   0x00000008   Code   RO          617  * !!!main             c_w.l(__main.o)
    0x08000138   0x08000138   0x00000034   Code   RO         1128    !!!scatter          c_w.l(__scatter.o)
    0x0800016c   0x0800016c   0x0000001a   Code   RO         1130    !!handler_copy      c_w.l(__scatter_copy.o)
    0x08000186   0x08000186   0x00000002   PAD
    0x08000188   0x08000188   0x0000001c   Code   RO         1132    !!handler_zi        c_w.l(__scatter_zi.o)
    0x080001a4   0x080001a4   0x00000000   Code   RO          822    .ARM.Collect$$_printf_percent$$00000000  c_w.l(_printf_percent.o)
    0x080001a4   0x080001a4   0x00000006   Code   RO          811    .ARM.Collect$$_printf_percent$$00000001  c_w.l(_printf_n.o)
    0x080001aa   0x080001aa   0x00000006   Code   RO          813    .ARM.Collect$$_printf_percent$$00000002  c_w.l(_printf_p.o)
    0x080001b0   0x080001b0   0x00000006   Code   RO          818    .ARM.Collect$$_printf_percent$$00000003  c_w.l(_printf_f.o)
    0x080001b6   0x080001b6   0x00000006   Code   RO          819    .ARM.Collect$$_printf_percent$$00000004  c_w.l(_printf_e.o)
    0x080001bc   0x080001bc   0x00000006   Code   RO          820    .ARM.Collect$$_printf_percent$$00000005  c_w.l(_printf_g.o)
    0x080001c2   0x080001c2   0x00000006   Code   RO          821    .ARM.Collect$$_printf_percent$$00000006  c_w.l(_printf_a.o)
    0x080001c8   0x080001c8   0x0000000a   Code   RO          826    .ARM.Collect$$_printf_percent$$00000007  c_w.l(_printf_ll.o)
    0x080001d2   0x080001d2   0x00000006   Code   RO          815    .ARM.Collect$$_printf_percent$$00000008  c_w.l(_printf_i.o)
    0x080001d8   0x080001d8   0x00000006   Code   RO          816    .ARM.Collect$$_printf_percent$$00000009  c_w.l(_printf_d.o)
    0x080001de   0x080001de   0x00000006   Code   RO          817    .ARM.Collect$$_printf_percent$$0000000A  c_w.l(_printf_u.o)
    0x080001e4   0x080001e4   0x00000006   Code   RO          814    .ARM.Collect$$_printf_percent$$0000000B  c_w.l(_printf_o.o)
    0x080001ea   0x080001ea   0x00000006   Code   RO          812    .ARM.Collect$$_printf_percent$$0000000C  c_w.l(_printf_x.o)
    0x080001f0   0x080001f0   0x00000006   Code   RO          823    .ARM.Collect$$_printf_percent$$0000000D  c_w.l(_printf_lli.o)
    0x080001f6   0x080001f6   0x00000006   Code   RO          824    .ARM.Collect$$_printf_percent$$0000000E  c_w.l(_printf_lld.o)
    0x080001fc   0x080001fc   0x00000006   Code   RO          825    .ARM.Collect$$_printf_percent$$0000000F  c_w.l(_printf_llu.o)
    0x08000202   0x08000202   0x00000006   Code   RO          830    .ARM.Collect$$_printf_percent$$00000010  c_w.l(_printf_llo.o)
    0x08000208   0x08000208   0x00000006   Code   RO          831    .ARM.Collect$$_printf_percent$$00000011  c_w.l(_printf_llx.o)
    0x0800020e   0x0800020e   0x0000000a   Code   RO          827    .ARM.Collect$$_printf_percent$$00000012  c_w.l(_printf_l.o)
    0x08000218   0x08000218   0x00000006   Code   RO          809    .ARM.Collect$$_printf_percent$$00000013  c_w.l(_printf_c.o)
    0x0800021e   0x0800021e   0x00000006   Code   RO          810    .ARM.Collect$$_printf_percent$$00000014  c_w.l(_printf_s.o)
    0x08000224   0x08000224   0x00000006   Code   RO          828    .ARM.Collect$$_printf_percent$$00000015  c_w.l(_printf_lc.o)
    0x0800022a   0x0800022a   0x00000006   Code   RO          829    .ARM.Collect$$_printf_percent$$00000016  c_w.l(_printf_ls.o)
    0x08000230   0x08000230   0x00000004   Code   RO          973    .ARM.Collect$$_printf_percent$$00000017  c_w.l(_printf_percent_end.o)
    0x08000234   0x08000234   0x00000002   Code   RO         1052    .ARM.Collect$$libinit$$00000000  c_w.l(libinit.o)
    0x08000236   0x08000236   0x00000000   Code   RO          835    .ARM.Collect$$libinit$$00000002  c_w.l(libinit2.o)
    0x08000236   0x08000236   0x00000000   Code   RO          837    .ARM.Collect$$libinit$$00000004  c_w.l(libinit2.o)
    0x08000236   0x08000236   0x00000008   Code   RO          838    .ARM.Collect$$libinit$$00000005  c_w.l(libinit2.o)
    0x0800023e   0x0800023e   0x00000000   Code   RO          840    .ARM.Collect$$libinit$$0000000A  c_w.l(libinit2.o)
    0x0800023e   0x0800023e   0x00000000   Code   RO          842    .ARM.Collect$$libinit$$0000000C  c_w.l(libinit2.o)
    0x0800023e   0x0800023e   0x00000000   Code   RO          844    .ARM.Collect$$libinit$$0000000E  c_w.l(libinit2.o)
    0x0800023e   0x0800023e   0x00000006   Code   RO          845    .ARM.Collect$$libinit$$0000000F  c_w.l(libinit2.o)
    0x08000244   0x08000244   0x00000000   Code   RO          847    .ARM.Collect$$libinit$$00000011  c_w.l(libinit2.o)
    0x08000244   0x08000244   0x0000000c   Code   RO          848    .ARM.Collect$$libinit$$00000012  c_w.l(libinit2.o)
    0x08000250   0x08000250   0x00000000   Code   RO          849    .ARM.Collect$$libinit$$00000013  c_w.l(libinit2.o)
    0x08000250   0x08000250   0x00000000   Code   RO          851    .ARM.Collect$$libinit$$00000015  c_w.l(libinit2.o)
    0x08000250   0x08000250   0x0000000a   Code   RO          852    .ARM.Collect$$libinit$$00000016  c_w.l(libinit2.o)
    0x0800025a   0x0800025a   0x00000000   Code   RO          853    .ARM.Collect$$libinit$$00000017  c_w.l(libinit2.o)
    0x0800025a   0x0800025a   0x00000000   Code   RO          855    .ARM.Collect$$libinit$$00000019  c_w.l(libinit2.o)
    0x0800025a   0x0800025a   0x00000000   Code   RO          857    .ARM.Collect$$libinit$$0000001B  c_w.l(libinit2.o)
    0x0800025a   0x0800025a   0x00000000   Code   RO          859    .ARM.Collect$$libinit$$0000001D  c_w.l(libinit2.o)
    0x0800025a   0x0800025a   0x00000000   Code   RO          861    .ARM.Collect$$libinit$$0000001F  c_w.l(libinit2.o)
    0x0800025a   0x0800025a   0x00000000   Code   RO          863    .ARM.Collect$$libinit$$00000021  c_w.l(libinit2.o)
    0x0800025a   0x0800025a   0x00000000   Code   RO          865    .ARM.Collect$$libinit$$00000023  c_w.l(libinit2.o)
    0x0800025a   0x0800025a   0x00000000   Code   RO          867    .ARM.Collect$$libinit$$00000025  c_w.l(libinit2.o)
    0x0800025a   0x0800025a   0x00000000   Code   RO          871    .ARM.Collect$$libinit$$0000002C  c_w.l(libinit2.o)
    0x0800025a   0x0800025a   0x00000000   Code   RO          873    .ARM.Collect$$libinit$$0000002E  c_w.l(libinit2.o)
    0x0800025a   0x0800025a   0x00000000   Code   RO          875    .ARM.Collect$$libinit$$00000030  c_w.l(libinit2.o)
    0x0800025a   0x0800025a   0x00000000   Code   RO          877    .ARM.Collect$$libinit$$00000032  c_w.l(libinit2.o)
    0x0800025a   0x0800025a   0x00000002   Code   RO          878    .ARM.Collect$$libinit$$00000033  c_w.l(libinit2.o)
    0x0800025c   0x0800025c   0x00000002   Code   RO         1125    .ARM.Collect$$libshutdown$$00000000  c_w.l(libshutdown.o)
    0x0800025e   0x0800025e   0x00000000   Code   RO         1077    .ARM.Collect$$libshutdown$$00000002  c_w.l(libshutdown2.o)
    0x0800025e   0x0800025e   0x00000000   Code   RO         1079    .ARM.Collect$$libshutdown$$00000004  c_w.l(libshutdown2.o)
    0x0800025e   0x0800025e   0x00000000   Code   RO         1081    .ARM.Collect$$libshutdown$$00000006  c_w.l(libshutdown2.o)
    0x0800025e   0x0800025e   0x00000000   Code   RO         1084    .ARM.Collect$$libshutdown$$00000009  c_w.l(libshutdown2.o)
    0x0800025e   0x0800025e   0x00000000   Code   RO         1087    .ARM.Collect$$libshutdown$$0000000C  c_w.l(libshutdown2.o)
    0x0800025e   0x0800025e   0x00000000   Code   RO         1089    .ARM.Collect$$libshutdown$$0000000E  c_w.l(libshutdown2.o)
    0x0800025e   0x0800025e   0x00000000   Code   RO         1092    .ARM.Collect$$libshutdown$$00000011  c_w.l(libshutdown2.o)
    0x0800025e   0x0800025e   0x00000002   Code   RO         1093    .ARM.Collect$$libshutdown$$00000012  c_w.l(libshutdown2.o)
    0x08000260   0x08000260   0x00000000   Code   RO          711    .ARM.Collect$$rtentry$$00000000  c_w.l(__rtentry.o)
    0x08000260   0x08000260   0x00000000   Code   RO          931    .ARM.Collect$$rtentry$$00000002  c_w.l(__rtentry2.o)
    0x08000260   0x08000260   0x00000006   Code   RO          943    .ARM.Collect$$rtentry$$00000004  c_w.l(__rtentry4.o)
    0x08000266   0x08000266   0x00000000   Code   RO          933    .ARM.Collect$$rtentry$$00000009  c_w.l(__rtentry2.o)
    0x08000266   0x08000266   0x00000004   Code   RO          934    .ARM.Collect$$rtentry$$0000000A  c_w.l(__rtentry2.o)
    0x0800026a   0x0800026a   0x00000000   Code   RO          936    .ARM.Collect$$rtentry$$0000000C  c_w.l(__rtentry2.o)
    0x0800026a   0x0800026a   0x00000008   Code   RO          937    .ARM.Collect$$rtentry$$0000000D  c_w.l(__rtentry2.o)
    0x08000272   0x08000272   0x00000002   Code   RO         1061    .ARM.Collect$$rtexit$$00000000  c_w.l(rtexit.o)
    0x08000274   0x08000274   0x00000000   Code   RO         1099    .ARM.Collect$$rtexit$$00000002  c_w.l(rtexit2.o)
    0x08000274   0x08000274   0x00000004   Code   RO         1100    .ARM.Collect$$rtexit$$00000003  c_w.l(rtexit2.o)
    0x08000278   0x08000278   0x00000006   Code   RO         1101    .ARM.Collect$$rtexit$$00000004  c_w.l(rtexit2.o)
    0x0800027e   0x0800027e   0x00000002   PAD
    0x08000280   0x08000280   0x00000000   Code   RO          952    .emb_text           c_w.l(maybetermalloc1.o)
    0x08000280   0x08000280   0x00000cd0   Code   RO            1    .text               main.o
    0x08000f50   0x08000f50   0x0000001a   Code   RO          123    .text               stm32f10x_it.o
    0x08000f6a   0x08000f6a   0x00000002   PAD
    0x08000f6c   0x08000f6c   0x00000668   Code   RO          138    .text               mpu9250.o
    0x080015d4   0x080015d4   0x0000029c   Code   RO          170    .text               obj_state.o
    0x08001870   0x08001870   0x000001ec   Code   RO          197    .text               uart.o
    0x08001a5c   0x08001a5c   0x00000094   Code   RO          213    .text               myqueue.o
    0x08001af0   0x08001af0   0x0000016c   Code   RO          225    .text               timer.o
    0x08001c5c   0x08001c5c   0x000003a4   Code   RO          250    .text               stm32f10x_rcc.o
    0x08002000   0x08002000   0x00000b96   Code   RO          264    .text               stm32f10x_tim.o
    0x08002b96   0x08002b96   0x00000002   PAD
    0x08002b98   0x08002b98   0x000003a4   Code   RO          276    .text               stm32f10x_usart.o
    0x08002f3c   0x08002f3c   0x00000088   Code   RO          288    .text               stm32f10x_wwdg.o
    0x08002fc4   0x08002fc4   0x000000dc   Code   RO          300    .text               misc.o
    0x080030a0   0x080030a0   0x0000033c   Code   RO          312    .text               stm32f10x_gpio.o
    0x080033dc   0x080033dc   0x00000534   Code   RO          324    .text               stm32f10x_flash.o
    0x08003910   0x08003910   0x0000004c   Code   RO          339    .text               startup_stm32f10x_hd.o
    0x0800395c   0x0800395c   0x00001154   Code   RO          381    .text               fusionahrs.o
    0x08004ab0   0x08004ab0   0x000001d0   Code   RO          403    .text               fusionbias.o
    0x08004c80   0x08004c80   0x0000063c   Code   RO          439    .text               mcu_api.o
    0x080052bc   0x080052bc   0x000000d6   Code   RO          465    .text               protocol.o
    0x08005392   0x08005392   0x00000002   PAD
    0x08005394   0x08005394   0x00000388   Code   RO          483    .text               system.o
    0x0800571c   0x0800571c   0x000002b8   Code   RO          503    .text               hal_key.o
    0x080059d4   0x080059d4   0x000001ec   Code   RO          529    .text               hal_rgb.o
    0x08005bc0   0x08005bc0   0x0000005e   Code   RO          551    .text               c_w.l(h1_alloc.o)
    0x08005c1e   0x08005c1e   0x0000004e   Code   RO          553    .text               c_w.l(h1_free.o)
    0x08005c6c   0x08005c6c   0x00000034   Code   RO          609    .text               c_w.l(vsnprintf.o)
    0x08005ca0   0x08005ca0   0x00000064   Code   RO          611    .text               c_w.l(rt_memcpy_w.o)
    0x08005d04   0x08005d04   0x0000004e   Code   RO          613    .text               c_w.l(rt_memclr_w.o)
    0x08005d52   0x08005d52   0x00000006   Code   RO          615    .text               c_w.l(heapauxi.o)
    0x08005d58   0x08005d58   0x00000008   Code   RO          715    .text               c_w.l(rt_heap_descriptor_intlibspace.o)
    0x08005d60   0x08005d60   0x00000004   Code   RO          717    .text               c_w.l(hguard.o)
    0x08005d64   0x08005d64   0x0000008a   Code   RO          719    .text               c_w.l(init_alloc.o)
    0x08005dee   0x08005dee   0x0000000e   Code   RO          723    .text               c_w.l(h1_init.o)
    0x08005dfc   0x08005dfc   0x00000016   Code   RO          737    .text               c_w.l(_rserrno.o)
    0x08005e12   0x08005e12   0x0000004e   Code   RO          741    .text               c_w.l(_printf_pad.o)
    0x08005e60   0x08005e60   0x00000024   Code   RO          743    .text               c_w.l(_printf_truncate.o)
    0x08005e84   0x08005e84   0x00000052   Code   RO          745    .text               c_w.l(_printf_str.o)
    0x08005ed6   0x08005ed6   0x00000002   PAD
    0x08005ed8   0x08005ed8   0x00000078   Code   RO          747    .text               c_w.l(_printf_dec.o)
    0x08005f50   0x08005f50   0x00000028   Code   RO          749    .text               c_w.l(_printf_charcount.o)
    0x08005f78   0x08005f78   0x00000030   Code   RO          751    .text               c_w.l(_printf_char_common.o)
    0x08005fa8   0x08005fa8   0x0000000a   Code   RO          753    .text               c_w.l(_sputc.o)
    0x08005fb2   0x08005fb2   0x00000010   Code   RO          755    .text               c_w.l(_snputc.o)
    0x08005fc2   0x08005fc2   0x00000002   PAD
    0x08005fc4   0x08005fc4   0x000000bc   Code   RO          757    .text               c_w.l(_printf_wctomb.o)
    0x08006080   0x08006080   0x0000007c   Code   RO          760    .text               c_w.l(_printf_longlong_dec.o)
    0x080060fc   0x080060fc   0x00000070   Code   RO          766    .text               c_w.l(_printf_oct_int_ll.o)
    0x0800616c   0x0800616c   0x00000094   Code   RO          786    .text               c_w.l(_printf_hex_int_ll_ptr.o)
    0x08006200   0x08006200   0x00000188   Code   RO          806    .text               c_w.l(__printf_flags_ss_wp.o)
    0x08006388   0x08006388   0x00000008   Code   RO          927    .text               c_w.l(libspace.o)
    0x08006390   0x08006390   0x00000008   Code   RO          948    .text               c_w.l(rt_errno_addr_intlibspace.o)
    0x08006398   0x08006398   0x00000034   Code   RO          954    .text               c_w.l(h1_extend.o)
    0x080063cc   0x080063cc   0x0000008a   Code   RO          958    .text               c_w.l(lludiv10.o)
    0x08006456   0x08006456   0x000000b2   Code   RO          960    .text               c_w.l(_printf_intcommon.o)
    0x08006508   0x08006508   0x0000041e   Code   RO          962    .text               c_w.l(_printf_fp_dec.o)
    0x08006926   0x08006926   0x00000002   PAD
    0x08006928   0x08006928   0x000002fc   Code   RO          964    .text               c_w.l(_printf_fp_hex.o)
    0x08006c24   0x08006c24   0x0000002c   Code   RO          969    .text               c_w.l(_printf_char.o)
    0x08006c50   0x08006c50   0x0000002c   Code   RO          971    .text               c_w.l(_printf_wchar.o)
    0x08006c7c   0x08006c7c   0x00000040   Code   RO          974    .text               c_w.l(_wcrtomb.o)
    0x08006cbc   0x08006cbc   0x0000000e   Code   RO          976    .text               c_w.l(defsig_rtmem_outer.o)
    0x08006cca   0x08006cca   0x00000002   Code   RO          991    .text               c_w.l(use_no_semi.o)
    0x08006ccc   0x08006ccc   0x00000000   Code   RO          993    .text               c_w.l(indicate_semi.o)
    0x08006ccc   0x08006ccc   0x0000004a   Code   RO          994    .text               c_w.l(sys_stackheap_outer.o)
    0x08006d16   0x08006d16   0x00000002   PAD
    0x08006d18   0x08006d18   0x00000010   Code   RO          996    .text               c_w.l(rt_ctype_table.o)
    0x08006d28   0x08006d28   0x00000008   Code   RO         1003    .text               c_w.l(rt_locale_intlibspace.o)
    0x08006d30   0x08006d30   0x00000080   Code   RO         1007    .text               c_w.l(_printf_fp_infnan.o)
    0x08006db0   0x08006db0   0x000000e4   Code   RO         1009    .text               c_w.l(bigflt0.o)
    0x08006e94   0x08006e94   0x00000012   Code   RO         1037    .text               c_w.l(exit.o)
    0x08006ea6   0x08006ea6   0x0000000a   Code   RO         1039    .text               c_w.l(defsig_exit.o)
    0x08006eb0   0x08006eb0   0x00000050   Code   RO         1041    .text               c_w.l(defsig_rtmem_inner.o)
    0x08006f00   0x08006f00   0x0000000c   Code   RO         1059    .text               c_w.l(sys_exit.o)
    0x08006f0c   0x08006f0c   0x00000032   Code   RO         1072    .text               c_w.l(defsig_general.o)
    0x08006f3e   0x08006f3e   0x00000002   PAD
    0x08006f40   0x08006f40   0x00000080   Code   RO         1074    .text               c_w.l(strcmpv7m.o)
    0x08006fc0   0x08006fc0   0x0000000e   Code   RO         1096    .text               c_w.l(sys_wrch.o)
    0x08006fce   0x08006fce   0x0000003e   Code   RO         1012    CL$$btod_d2e        c_w.l(btod.o)
    0x0800700c   0x0800700c   0x00000046   Code   RO         1014    CL$$btod_d2e_denorm_low  c_w.l(btod.o)
    0x08007052   0x08007052   0x00000060   Code   RO         1013    CL$$btod_d2e_norm_op1  c_w.l(btod.o)
    0x080070b2   0x080070b2   0x00000338   Code   RO         1022    CL$$btod_div_common  c_w.l(btod.o)
    0x080073ea   0x080073ea   0x000000dc   Code   RO         1019    CL$$btod_e2e        c_w.l(btod.o)
    0x080074c6   0x080074c6   0x0000002a   Code   RO         1016    CL$$btod_ediv       c_w.l(btod.o)
    0x080074f0   0x080074f0   0x0000002a   Code   RO         1015    CL$$btod_emul       c_w.l(btod.o)
    0x0800751a   0x0800751a   0x00000244   Code   RO         1021    CL$$btod_mult_common  c_w.l(btod.o)
    0x0800775e   0x0800775e   0x00000028   Code   RO         1057    i.__ARM_fpclassify  m_ws.l(fpclassify.o)
    0x08007786   0x08007786   0x00000026   Code   RO          906    i.__ARM_fpclassifyf  m_ws.l(fpclassifyf.o)
    0x080077ac   0x080077ac   0x00000006   Code   RO          909    i.__mathlib_flt_infnan  m_ws.l(funder.o)
    0x080077b2   0x080077b2   0x00000004   Code   RO          910    i.__mathlib_flt_infnan2  m_ws.l(funder.o)
    0x080077b6   0x080077b6   0x00000008   Code   RO          911    i.__mathlib_flt_invalid  m_ws.l(funder.o)
    0x080077be   0x080077be   0x0000000a   Code   RO          914    i.__mathlib_flt_underflow  m_ws.l(funder.o)
    0x080077c8   0x080077c8   0x00000168   Code   RO          922    i.__mathlib_rredf2  m_ws.l(rredf.o)
    0x08007930   0x08007930   0x0000000e   Code   RO          799    i._is_digit         c_w.l(__printf_wp.o)
    0x0800793e   0x0800793e   0x00000002   PAD
    0x08007940   0x08007940   0x00000124   Code   RO          670    i.asinf             m_ws.l(asinf.o)
    0x08007a64   0x08007a64   0x000002a4   Code   RO          678    i.atan2f            m_ws.l(atan2f.o)
    0x08007d08   0x08007d08   0x0000017c   Code   RO          686    i.cosf              m_ws.l(cosf.o)
    0x08007e84   0x08007e84   0x00000188   Code   RO          694    i.sinf              m_ws.l(sinf.o)
    0x0800800c   0x0800800c   0x0000002c   Code   RO          702    i.sqrtf             m_ws.l(sqrtf.o)
    0x08008038   0x08008038   0x0000002c   Code   RO         1035    locale$$code        c_w.l(lc_numeric_c.o)
    0x08008064   0x08008064   0x0000002c   Code   RO         1068    locale$$code        c_w.l(lc_ctype_c.o)
    0x08008090   0x08008090   0x00000062   Code   RO          619    x$fpl$d2f           fz_ws.l(d2f.o)
    0x080080f2   0x080080f2   0x00000018   Code   RO          985    x$fpl$dcmpinf       fz_ws.l(dcmpi.o)
    0x0800810a   0x0800810a   0x00000002   PAD
    0x0800810c   0x0800810c   0x000002b0   Code   RO          622    x$fpl$ddiv          fz_ws.l(ddiv.o)
    0x080083bc   0x080083bc   0x0000005e   Code   RO          625    x$fpl$dfix          fz_ws.l(dfix.o)
    0x0800841a   0x0800841a   0x0000002e   Code   RO          630    x$fpl$dflt          fz_ws.l(dflt_clz.o)
    0x08008448   0x08008448   0x00000078   Code   RO          879    x$fpl$dleqf         fz_ws.l(dleqf.o)
    0x080084c0   0x080084c0   0x00000154   Code   RO          635    x$fpl$dmul          fz_ws.l(dmul.o)
    0x08008614   0x08008614   0x0000009c   Code   RO          881    x$fpl$dnaninf       fz_ws.l(dnaninf.o)
    0x080086b0   0x080086b0   0x0000000c   Code   RO          883    x$fpl$dretinf       fz_ws.l(dretinf.o)
    0x080086bc   0x080086bc   0x0000006c   Code   RO          637    x$fpl$drleqf        fz_ws.l(drleqf.o)
    0x08008728   0x08008728   0x00000056   Code   RO          639    x$fpl$f2d           fz_ws.l(f2d.o)
    0x0800877e   0x0800877e   0x00000002   PAD
    0x08008780   0x08008780   0x000000c4   Code   RO          641    x$fpl$fadd          fz_ws.l(faddsub_clz.o)
    0x08008844   0x08008844   0x0000000c   Code   RO          987    x$fpl$fcheck1       fz_ws.l(fcheck1.o)
    0x08008850   0x08008850   0x00000018   Code   RO          885    x$fpl$fcmpinf       fz_ws.l(fcmpi.o)
    0x08008868   0x08008868   0x00000184   Code   RO          648    x$fpl$fdiv          fz_ws.l(fdiv.o)
    0x080089ec   0x080089ec   0x00000068   Code   RO          651    x$fpl$feqf          fz_ws.l(feqf.o)
    0x08008a54   0x08008a54   0x00000036   Code   RO          653    x$fpl$ffix          fz_ws.l(ffix.o)
    0x08008a8a   0x08008a8a   0x00000002   PAD
    0x08008a8c   0x08008a8c   0x00000030   Code   RO          658    x$fpl$fflt          fz_ws.l(fflt_clz.o)
    0x08008abc   0x08008abc   0x00000026   Code   RO          657    x$fpl$ffltu         fz_ws.l(fflt_clz.o)
    0x08008ae2   0x08008ae2   0x00000002   PAD
    0x08008ae4   0x08008ae4   0x00000068   Code   RO          663    x$fpl$fleqf         fz_ws.l(fleqf.o)
    0x08008b4c   0x08008b4c   0x00000102   Code   RO          665    x$fpl$fmul          fz_ws.l(fmul.o)
    0x08008c4e   0x08008c4e   0x0000008c   Code   RO          887    x$fpl$fnaninf       fz_ws.l(fnaninf.o)
    0x08008cda   0x08008cda   0x0000000a   Code   RO          889    x$fpl$fretinf       fz_ws.l(fretinf.o)
    0x08008ce4   0x08008ce4   0x00000062   Code   RO          667    x$fpl$frleqf        fz_ws.l(frleqf.o)
    0x08008d46   0x08008d46   0x00000002   PAD
    0x08008d48   0x08008d48   0x00000060   Code   RO          891    x$fpl$frnd          fz_ws.l(frnd.o)
    0x08008da8   0x08008da8   0x00000014   Code   RO          642    x$fpl$frsb          fz_ws.l(faddsub_clz.o)
    0x08008dbc   0x08008dbc   0x00000110   Code   RO          893    x$fpl$fsqrt         fz_ws.l(fsqrt.o)
    0x08008ecc   0x08008ecc   0x000000ea   Code   RO          643    x$fpl$fsub          fz_ws.l(faddsub_clz.o)
    0x08008fb6   0x08008fb6   0x00000004   Code   RO          895    x$fpl$printf1       fz_ws.l(printf1.o)
    0x08008fba   0x08008fba   0x00000004   Code   RO          897    x$fpl$printf2       fz_ws.l(printf2.o)
    0x08008fbe   0x08008fbe   0x00000064   Code   RO         1055    x$fpl$retnan        fz_ws.l(retnan.o)
    0x08009022   0x08009022   0x0000004c   Code   RO          903    x$fpl$scalbnf       fz_ws.l(scalbnf.o)
    0x0800906e   0x0800906e   0x00000030   Code   RO         1094    x$fpl$trapveneer    fz_ws.l(trapv.o)
    0x0800909e   0x0800909e   0x00000000   Code   RO          905    x$fpl$usenofp       fz_ws.l(usenofp.o)
    0x0800909e   0x0800909e   0x00000002   PAD
    0x080090a0   0x080090a0   0x0000006c   Data   RO            3    .constdata          main.o
    0x0800910c   0x0800910c   0x00000020   Data   RO          382    .constdata          fusionahrs.o
    0x0800912c   0x0800912c   0x00000006   Data   RO          466    .constdata          protocol.o
    0x08009132   0x08009132   0x00000002   PAD
    0x08009134   0x08009134   0x00000008   Data   RO          758    .constdata          c_w.l(_printf_wctomb.o)
    0x0800913c   0x0800913c   0x00000028   Data   RO          787    .constdata          c_w.l(_printf_hex_int_ll_ptr.o)
    0x08009164   0x08009164   0x00000011   Data   RO          807    .constdata          c_w.l(__printf_flags_ss_wp.o)
    0x08009175   0x08009175   0x00000003   PAD
    0x08009178   0x08009178   0x00000020   Data   RO          923    .constdata          m_ws.l(rredf.o)
    0x08009198   0x08009198   0x00000026   Data   RO          965    .constdata          c_w.l(_printf_fp_hex.o)
    0x080091be   0x080091be   0x00000002   PAD
    0x080091c0   0x080091c0   0x00000094   Data   RO         1010    .constdata          c_w.l(bigflt0.o)
    0x08009254   0x08009254   0x00000020   Data   RO         1126    Region$$Table       anon$$obj.o
    0x08009274   0x08009274   0x0000001c   Data   RO         1034    locale$$data        c_w.l(lc_numeric_c.o)
    0x08009290   0x08009290   0x00000110   Data   RO         1067    locale$$data        c_w.l(lc_ctype_c.o)


    Execution Region RW_IRAM1 (Exec base: 0x20000000, Load base: 0x080093a0, Size: 0x000008d8, Max: 0x00005000, ABSOLUTE)

    Exec Addr    Load Addr    Size         Type   Attr      Idx    E Section Name        Object

    0x20000000   0x080093a0   0x0000000e   Data   RW            4    .data               main.o
    0x2000000e   0x080093ae   0x00000002   PAD
    0x20000010   0x080093b0   0x0000003a   Data   RW          140    .data               mpu9250.o
    0x2000004a   0x080093ea   0x00000002   PAD
    0x2000004c   0x080093ec   0x0000002e   Data   RW          173    .data               obj_state.o
    0x2000007a   0x0800941a   0x00000002   PAD
    0x2000007c   0x0800941c   0x00000010   Data   RW          226    .data               timer.o
    0x2000008c   0x0800942c   0x00000014   Data   RW          251    .data               stm32f10x_rcc.o
    0x200000a0   0x08009440   0x00000002   Data   RW          440    .data               mcu_api.o
    0x200000a2   0x08009442   0x00000002   PAD
    0x200000a4   0x08009444   0x0000000d   Data   RW          485    .data               system.o
    0x200000b1   0x08009451   0x00000001   Data   RW          505    .data               hal_key.o
    0x200000b2   0x08009452   0x00000003   Data   RW          530    .data               hal_rgb.o
    0x200000b5   0x08009455   0x00000003   PAD
    0x200000b8        -       0x0000007e   Zero   RW            2    .bss                main.o
    0x20000136        -       0x0000000a   Zero   RW          139    .bss                mpu9250.o
    0x20000140        -       0x0000000c   Zero   RW          171    .bss                obj_state.o
    0x2000014c        -       0x00000105   Zero   RW          484    .bss                system.o
    0x20000251   0x08009455   0x00000003   PAD
    0x20000254        -       0x00000020   Zero   RW          504    .bss                hal_key.o
    0x20000274        -       0x00000060   Zero   RW          928    .bss                c_w.l(libspace.o)
    0x200002d4   0x08009455   0x00000004   PAD
    0x200002d8        -       0x00000200   Zero   RW          337    HEAP                startup_stm32f10x_hd.o
    0x200004d8        -       0x00000400   Zero   RW          336    STACK               startup_stm32f10x_hd.o


==============================================================================

Image component sizes


      Code (inc. data)   RO Data    RW Data    ZI Data      Debug   Object Name

      4436         60         32          0          0      12281   fusionahrs.o
       464         14          0          0          0       6199   fusionbias.o
       696         30          0          1         32       2531   hal_key.o
       492         22          0          3          0       1693   hal_rgb.o
      3280        192        108         14        126     264772   main.o
      1596         62          0          2          0       8794   mcu_api.o
       220         22          0          0          0       1825   misc.o
      1640         40          0         58         10       8807   mpu9250.o
       148          0          0          0          0       1094   myqueue.o
       668         36          0         46         12       4101   obj_state.o
       214          0          6          0          0       2601   protocol.o
        76         30        304          0       1536        908   startup_stm32f10x_hd.o
      1332         34          0          0          0       7362   stm32f10x_flash.o
       828         38          0          0          0       5661   stm32f10x_gpio.o
        26          0          0          0          0       1162   stm32f10x_it.o
       932         36          0         20          0       8916   stm32f10x_rcc.o
      2966         28          0          0          0      24808   stm32f10x_tim.o
       932         22          0          0          0       7971   stm32f10x_usart.o
       136         10          0          0          0       2316   stm32f10x_wwdg.o
       904        118          0         13        261       5702   system.o
       364         16          0         16          0       1828   timer.o
       492         18          0          0          0       1703   uart.o

    ----------------------------------------------------------------------
     22848        828        484        184       1980     383035   Object Totals
         0          0         32          0          0          0   (incl. Generated)
         6          0          2         11          3          0   (incl. Padding)

    ----------------------------------------------------------------------

      Code (inc. data)   RO Data    RW Data    ZI Data      Debug   Library Member Name

         8          0          0          0          0         68   __main.o
       392          4         17          0          0         92   __printf_flags_ss_wp.o
        14          0          0          0          0         68   __printf_wp.o
         0          0          0          0          0          0   __rtentry.o
        12          0          0          0          0          0   __rtentry2.o
         6          0          0          0          0          0   __rtentry4.o
        52          8          0          0          0          0   __scatter.o
        26          0          0          0          0          0   __scatter_copy.o
        28          0          0          0          0          0   __scatter_zi.o
         6          0          0          0          0          0   _printf_a.o
         6          0          0          0          0          0   _printf_c.o
        44          0          0          0          0        108   _printf_char.o
        48          6          0          0          0         96   _printf_char_common.o
        40          0          0          0          0         68   _printf_charcount.o
         6          0          0          0          0          0   _printf_d.o
       120         16          0          0          0         92   _printf_dec.o
         6          0          0          0          0          0   _printf_e.o
         6          0          0          0          0          0   _printf_f.o
      1054          0          0          0          0        216   _printf_fp_dec.o
       764          8         38          0          0        100   _printf_fp_hex.o
       128         16          0          0          0         84   _printf_fp_infnan.o
         6          0          0          0          0          0   _printf_g.o
       148          4         40          0          0        160   _printf_hex_int_ll_ptr.o
         6          0          0          0          0          0   _printf_i.o
       178          0          0          0          0         88   _printf_intcommon.o
        10          0          0          0          0          0   _printf_l.o
         6          0          0          0          0          0   _printf_lc.o
        10          0          0          0          0          0   _printf_ll.o
         6          0          0          0          0          0   _printf_lld.o
         6          0          0          0          0          0   _printf_lli.o
         6          0          0          0          0          0   _printf_llo.o
         6          0          0          0          0          0   _printf_llu.o
         6          0          0          0          0          0   _printf_llx.o
       124         16          0          0          0         92   _printf_longlong_dec.o
         6          0          0          0          0          0   _printf_ls.o
         6          0          0          0          0          0   _printf_n.o
         6          0          0          0          0          0   _printf_o.o
       112         10          0          0          0        124   _printf_oct_int_ll.o
         6          0          0          0          0          0   _printf_p.o
        78          0          0          0          0        108   _printf_pad.o
         0          0          0          0          0          0   _printf_percent.o
         4          0          0          0          0          0   _printf_percent_end.o
         6          0          0          0          0          0   _printf_s.o
        82          0          0          0          0         80   _printf_str.o
        36          0          0          0          0         84   _printf_truncate.o
         6          0          0          0          0          0   _printf_u.o
        44          0          0          0          0        108   _printf_wchar.o
       188          6          8          0          0         92   _printf_wctomb.o
         6          0          0          0          0          0   _printf_x.o
        22          0          0          0          0        100   _rserrno.o
        16          0          0          0          0         68   _snputc.o
        10          0          0          0          0         68   _sputc.o
        64          0          0          0          0         92   _wcrtomb.o
       228          4        148          0          0         96   bigflt0.o
      1936        128          0          0          0        672   btod.o
        10          0          0          0          0         68   defsig_exit.o
        50          0          0          0          0         88   defsig_general.o
        80         58          0          0          0         76   defsig_rtmem_inner.o
        14          0          0          0          0         80   defsig_rtmem_outer.o
        18          0          0          0          0         80   exit.o
        94          0          0          0          0         80   h1_alloc.o
        52          0          0          0          0         68   h1_extend.o
        78          0          0          0          0         80   h1_free.o
        14          0          0          0          0         84   h1_init.o
         6          0          0          0          0        152   heapauxi.o
         4          0          0          0          0        136   hguard.o
         0          0          0          0          0          0   indicate_semi.o
       138          0          0          0          0        168   init_alloc.o
        44         10        272          0          0         76   lc_ctype_c.o
        44         10         28          0          0         76   lc_numeric_c.o
         2          0          0          0          0          0   libinit.o
        38          0          0          0          0          0   libinit2.o
         2          0          0          0          0          0   libshutdown.o
         2          0          0          0          0          0   libshutdown2.o
         8          4          0          0         96         68   libspace.o
       138          0          0          0          0         80   lludiv10.o
         0          0          0          0          0          0   maybetermalloc1.o
        16          4          0          0          0         76   rt_ctype_table.o
         8          4          0          0          0         68   rt_errno_addr_intlibspace.o
         8          4          0          0          0         68   rt_heap_descriptor_intlibspace.o
         8          4          0          0          0         68   rt_locale_intlibspace.o
        78          0          0          0          0         80   rt_memclr_w.o
       100          0          0          0          0         80   rt_memcpy_w.o
         2          0          0          0          0          0   rtexit.o
        10          0          0          0          0          0   rtexit2.o
       128          0          0          0          0         68   strcmpv7m.o
        12          4          0          0          0         68   sys_exit.o
        74          0          0          0          0         80   sys_stackheap_outer.o
        14          0          0          0          0         76   sys_wrch.o
         2          0          0          0          0         68   use_no_semi.o
        52          4          0          0          0         80   vsnprintf.o
        98          4          0          0          0         92   d2f.o
        24          0          0          0          0         68   dcmpi.o
       688        140          0          0          0        208   ddiv.o
        94          4          0          0          0         92   dfix.o
        46          0          0          0          0         68   dflt_clz.o
       120          4          0          0          0         92   dleqf.o
       340         12          0          0          0        104   dmul.o
       156          4          0          0          0         92   dnaninf.o
        12          0          0          0          0         68   dretinf.o
       108          0          0          0          0         80   drleqf.o
        86          4          0          0          0         84   f2d.o
       450          8          0          0          0        236   faddsub_clz.o
        12          4          0          0          0         68   fcheck1.o
        24          0          0          0          0         68   fcmpi.o
       388         76          0          0          0         96   fdiv.o
       104          4          0          0          0         84   feqf.o
        54          4          0          0          0         84   ffix.o
        86          0          0          0          0        136   fflt_clz.o
       104          4          0          0          0         84   fleqf.o
       258          4          0          0          0         84   fmul.o
       140          4          0          0          0         84   fnaninf.o
        10          0          0          0          0         68   fretinf.o
        98          0          0          0          0         68   frleqf.o
        96          4          0          0          0         76   frnd.o
       272        100          0          0          0         88   fsqrt.o
         4          0          0          0          0         68   printf1.o
         4          0          0          0          0         68   printf2.o
       100          0          0          0          0         68   retnan.o
        76          0          0          0          0         68   scalbnf.o
        48          0          0          0          0         68   trapv.o
         0          0          0          0          0          0   usenofp.o
       292         38          0          0          0        120   asinf.o
       676         78          0          0          0        116   atan2f.o
       380         52          0          0          0        124   cosf.o
        40          0          0          0          0         68   fpclassify.o
        38          0          0          0          0         68   fpclassifyf.o
        28          0          0          0          0        272   funder.o
       360         16         32          0          0         88   rredf.o
       392         54          0          0          0        124   sinf.o
        44          0          0          0          0         80   sqrtf.o

    ----------------------------------------------------------------------
     13872        954        588          0        100       9136   Library Totals
        28          0          5          0          4          0   (incl. Padding)

    ----------------------------------------------------------------------

      Code (inc. data)   RO Data    RW Data    ZI Data      Debug   Library Name

      7494        332        551          0         96       5364   c_w.l
      4100        384          0          0          0       2712   fz_ws.l
      2250        238         32          0          0       1060   m_ws.l

    ----------------------------------------------------------------------
     13872        954        588          0        100       9136   Library Totals

    ----------------------------------------------------------------------

==============================================================================


      Code (inc. data)   RO Data    RW Data    ZI Data      Debug   

     36720       1782       1072        184       2080     384523   Grand Totals
     36720       1782       1072        184       2080     384523   ELF Image Totals
     36720       1782       1072        184          0          0   ROM Totals

==============================================================================

    Total RO  Size (Code + RO Data)                37792 (  36.91kB)
    Total RW  Size (RW Data + ZI Data)              2264 (   2.21kB)
    Total ROM Size (Code + RO Data + RW Data)      37976 (  37.09kB)

==============================================================================

