Component: ARM Compiler 5.06 update 7 (build 960) Tool: armlink [4d3601]

==============================================================================

Section Cross References

    main.o(.text) refers to stm32f10x_rcc.o(.text) for RCC_DeInit
    main.o(.text) refers to stm32f10x_flash.o(.text) for FLASH_SetLatency
    main.o(.text) refers to stm32f10x_gpio.o(.text) for GPIO_Init
    main.o(.text) refers to misc.o(.text) for NVIC_PriorityGroupConfig
    main.o(.text) refers to stm32f10x_wwdg.o(.text) for WWDG_SetPrescaler
    main.o(.text) refers to stm32f10x_usart.o(.text) for USART_SendData
    main.o(.text) refers to mpu9250.o(.text) for Single_Write
    main.o(.text) refers to vsnprintf.o(.text) for vsnprintf
    main.o(.text) refers to fmul.o(x$fpl$fmul) for __aeabi_fmul
    main.o(.text) refers to ffix.o(x$fpl$ffix) for __aeabi_f2iz
    main.o(.text) refers to main.o(.data) for HSEStartUpStatus
    main.o(.text) refers to main.o(.bss) for data_to_send
    main.o(.text) refers to uart.o(.text) for USART1_Init
    main.o(.text) refers to mcu_api.o(.text) for wifi_protocol_init
    main.o(.text) refers to fusionbias.o(.text) for FusionBiasInitialise
    main.o(.text) refers to fusionahrs.o(.text) for FusionAhrsInitialise
    main.o(.text) refers to fflt_clz.o(x$fpl$fflt) for __aeabi_i2f
    main.o(.text) refers to rt_memcpy_w.o(.text) for __aeabi_memcpy4
    main.o(.text) refers to faddsub_clz.o(x$fpl$fsub) for __aeabi_fsub
    main.o(.text) refers to faddsub_clz.o(x$fpl$fadd) for __aeabi_fadd
    main.o(.text) refers to main.o(.constdata) for .constdata
    main.o(.text) refers to mpu9250.o(.data) for gyroscopeSensitivity
    main.o(.text) refers to atan2f.o(i.atan2f) for atan2f
    main.o(.text) refers to asinf.o(i.asinf) for asinf
    mpu9250.o(.text) refers to stm32f10x_gpio.o(.text) for GPIO_Init
    mpu9250.o(.text) refers to dflt_clz.o(x$fpl$dflt) for __aeabi_i2d
    mpu9250.o(.text) refers to ddiv.o(x$fpl$ddiv) for __aeabi_ddiv
    mpu9250.o(.text) refers to dfix.o(x$fpl$dfix) for __aeabi_d2iz
    mpu9250.o(.text) refers to mpu9250.o(.data) for test
    mpu9250.o(.text) refers to mpu9250.o(.bss) for BUF
    obj_state.o(.text) refers to obj_state.o(.data) for buffer
    uart.o(.text) refers to stm32f10x_rcc.o(.text) for RCC_APB2PeriphClockCmd
    uart.o(.text) refers to stm32f10x_gpio.o(.text) for GPIO_Init
    uart.o(.text) refers to stm32f10x_usart.o(.text) for USART_Init
    uart.o(.text) refers to misc.o(.text) for NVIC_Init
    uart.o(.text) refers to mcu_api.o(.text) for uart_receive_input
    stm32f10x_rcc.o(.text) refers to stm32f10x_rcc.o(.data) for APBAHBPrescTable
    stm32f10x_tim.o(.text) refers to stm32f10x_rcc.o(.text) for RCC_APB2PeriphResetCmd
    stm32f10x_usart.o(.text) refers to stm32f10x_rcc.o(.text) for RCC_APB2PeriphResetCmd
    stm32f10x_wwdg.o(.text) refers to stm32f10x_rcc.o(.text) for RCC_APB1PeriphResetCmd
    stm32f10x_gpio.o(.text) refers to stm32f10x_rcc.o(.text) for RCC_APB2PeriphResetCmd
    startup_stm32f10x_hd.o(STACK) refers (Special) to heapauxi.o(.text) for __use_two_region_memory
    startup_stm32f10x_hd.o(HEAP) refers (Special) to heapauxi.o(.text) for __use_two_region_memory
    startup_stm32f10x_hd.o(RESET) refers (Special) to heapauxi.o(.text) for __use_two_region_memory
    startup_stm32f10x_hd.o(RESET) refers to startup_stm32f10x_hd.o(.text) for Reset_Handler
    startup_stm32f10x_hd.o(RESET) refers to stm32f10x_it.o(.text) for NMI_Handler
    startup_stm32f10x_hd.o(RESET) refers to main.o(.text) for WWDG_IRQHandler
    startup_stm32f10x_hd.o(RESET) refers to uart.o(.text) for USART1_IRQHandler
    startup_stm32f10x_hd.o(.text) refers (Special) to heapauxi.o(.text) for __use_two_region_memory
    startup_stm32f10x_hd.o(.text) refers to startup_stm32f10x_hd.o(STACK) for __initial_sp
    startup_stm32f10x_hd.o(.text) refers to __main.o(!!!main) for __main
    startup_stm32f10x_hd.o(.text) refers to startup_stm32f10x_hd.o(HEAP) for Heap_Mem
    fusionahrs.o(.text) refers to fmul.o(x$fpl$fmul) for __aeabi_fmul
    fusionahrs.o(.text) refers to feqf.o(x$fpl$feqf) for __aeabi_cfcmpeq
    fusionahrs.o(.text) refers to faddsub_clz.o(x$fpl$fsub) for __aeabi_fsub
    fusionahrs.o(.text) refers to faddsub_clz.o(x$fpl$fadd) for __aeabi_fadd
    fusionahrs.o(.text) refers to faddsub_clz.o(x$fpl$frsb) for __aeabi_frsub
    fusionahrs.o(.text) refers to fleqf.o(x$fpl$fleqf) for __aeabi_cfcmple
    fusionahrs.o(.text) refers to frleqf.o(x$fpl$frleqf) for __aeabi_cfrcmple
    fusionahrs.o(.text) refers to fusionahrs.o(.constdata) for .constdata
    fusionahrs.o(.text) refers to fdiv.o(x$fpl$fdiv) for __aeabi_fdiv
    fusionahrs.o(.text) refers to sqrtf.o(i.sqrtf) for sqrtf
    fusionahrs.o(.text) refers to atan2f.o(i.atan2f) for atan2f
    fusionahrs.o(.text) refers to cosf.o(i.cosf) for cosf
    fusionahrs.o(.text) refers to sinf.o(i.sinf) for sinf
    fusionbias.o(.text) refers to f2d.o(x$fpl$f2d) for __aeabi_f2d
[...]
    tempgz                                   0x20000040   Data           4  mpu9250.o(.data)
    cnt_a                                    0x20000044   Data           2  mpu9250.o(.data)
    .data                                    0x20000046   Section       20  stm32f10x_rcc.o(.data)
    APBAHBPrescTable                         0x20000046   Data          16  stm32f10x_rcc.o(.data)
    ADCPrescTable                            0x20000056   Data           4  stm32f10x_rcc.o(.data)
    .data                                    0x2000005a   Section        2  mcu_api.o(.data)
    rx_in                                    0x2000005a   Data           2  mcu_api.o(.data)
    .data                                    0x2000005c   Section       13  system.o(.data)
    mcu_reset_state                          0x20000068   Data           1  system.o(.data)
    .bss                                     0x2000006c   Section      126  main.o(.bss)
    .bss                                     0x200000ea   Section       10  mpu9250.o(.bss)
    .bss                                     0x200000f4   Section      261  system.o(.bss)
    .bss                                     0x200001fc   Section       96  libspace.o(.bss)
    HEAP                                     0x20000260   Section      512  startup_stm32f10x_hd.o(HEAP)
    Heap_Mem                                 0x20000260   Data         512  startup_stm32f10x_hd.o(HEAP)
    STACK                                    0x20000460   Section     1024  startup_stm32f10x_hd.o(STACK)
    Stack_Mem                                0x20000460   Data        1024  startup_stm32f10x_hd.o(STACK)
    __initial_sp                             0x20000860   Data           0  startup_stm32f10x_hd.o(STACK)

    Global Symbols

    Symbol Name                              Value     Ov Type        Size  Object(Section)

    BuildAttributes$$THM_ISAv4$P$D$K$B$S$PE$A:L22UL41UL21$X:L11$S22US41US21$IEEE1$IW$USESV6$~STKCKD$USESV7$~SHL$OTIME$ROPI$IEEEX$EBA8$UX$STANDARDLIB$REQ8$PRES8$EABIv2 0x00000000   Number         0  anon$$obj.o ABSOLUTE
    __ARM_use_no_argv                        0x00000000   Number         0  main.o ABSOLUTE
    _printf_flags                            0x00000000   Number         0  printf_stubs.o ABSOLUTE
    _printf_return_value                     0x00000000   Number         0  printf_stubs.o ABSOLUTE
    _printf_sizespec                         0x00000000   Number         0  printf_stubs.o ABSOLUTE
    _printf_widthprec                        0x00000000   Number         0  printf_stubs.o ABSOLUTE
    __ARM_exceptions_init                     - Undefined Weak Reference
    __alloca_initialize                       - Undefined Weak Reference
    __arm_fini_                               - Undefined Weak Reference
    __arm_preinit_                            - Undefined Weak Reference
    __cpp_initialize__aeabi_                  - Undefined Weak Reference
    __cxa_finalize                            - Undefined Weak Reference
    __sigvec_lookup                           - Undefined Weak Reference
    _atexit_init                              - Undefined Weak Reference
    _call_atexit_fns                          - Undefined Weak Reference
    _clock_init                               - Undefined Weak Reference
    _fp_trap_init                             - Undefined Weak Reference
    _fp_trap_shutdown                         - Undefined Weak Reference
    _get_lc_collate                           - Undefined Weak Reference
    _get_lc_monetary                          - Undefined Weak Reference
    _get_lc_time                              - Undefined Weak Reference
    _getenv_init                              - Undefined Weak Reference
    _handle_redirection                       - Undefined Weak Reference
    _init_alloc                               - Undefined Weak Reference
    _init_user_alloc                          - Undefined Weak Reference
    _initio                                   - Undefined Weak Reference
    _printf_mbtowc                            - Undefined Weak Reference
    _printf_wc                                - Undefined Weak Reference
    _rand_init                                - Undefined Weak Reference
    _signal_finish                            - Undefined Weak Reference
    _signal_init                              - Undefined Weak Reference
    _terminate_alloc                          - Undefined Weak Reference
    _terminate_user_alloc                     - Undefined Weak Reference
    _terminateio                              - Undefined Weak Reference
    __Vectors_Size                           0x00000130   Number         0  startup_stm32f10x_hd.o ABSOLUTE
    __Vectors                                0x08000000   Data           4  startup_stm32f10x_hd.o(RESET)
    __Vectors_End                            0x08000130   Data           0  startup_stm32f10x_hd.o(RESET)
    __main                                   0x08000131   Thumb Code     8  __main.o(!!!main)
    __scatterload                            0x08000139   Thumb Code     0  __scatter.o(!!!scatter)
    __scatterload_rt2                        0x08000139   Thumb Code    44  __scatter.o(!!!scatter)
    __scatterload_rt2_thumb_only             0x08000139   Thumb Code     0  __scatter.o(!!!scatter)
    __scatterload_null                       0x08000147   Thumb Code     0  __scatter.o(!!!scatter)
    __scatterload_copy                       0x0800016d   Thumb Code    26  __scatter_copy.o(!!handler_copy)
    __scatterload_zeroinit                   0x08000189   Thumb Code    28  __scatter_zi.o(!!handler_zi)
    _printf_n                                0x080001a5   Thumb Code     0  _printf_n.o(.ARM.Collect$$_printf_percent$$00000001)
    _printf_percent                          0x080001a5   Thumb Code     0  _printf_percent.o(.ARM.Collect$$_printf_percent$$00000000)
    _printf_p                                0x080001ab   Thumb Code     0  _printf_p.o(.ARM.Collect$$_printf_percent$$00000002)
    _printf_f                                0x080001b1   Thumb Code     0  _printf_f.o(.ARM.Collect$$_printf_percent$$00000003)
    _printf_e                                0x080001b7   Thumb Code     0  _printf_e.o(.ARM.Collect$$_printf_percent$$00000004)
    _printf_g                                0x080001bd   Thumb Code     0  _printf_g.o(.ARM.Collect$$_printf_percent$$00000005)
    _printf_a                                0x080001c3   Thumb Code     0  _printf_a.o(.ARM.Collect$$_printf_percent$$00000006)
    _printf_ll                               0x080001c9   Thumb Code     0  _printf_ll.o(.ARM.Collect$$_printf_percent$$00000007)
    _printf_i                                0x080001d3   Thumb Code     0  _printf_i.o(.ARM.Collect$$_printf_percent$$00000008)
    _printf_d                                0x080001d9   Thumb Code     0  _printf_d.o(.ARM.Collect$$_printf_percent$$00000009)
    _printf_u                                0x080001df   Thumb Code     0  _printf_u.o(.ARM.Collect$$_printf_percent$$0000000A)
    _printf_o                                0x080001e5   Thumb Code     0  _printf_o.o(.ARM.Collect$$_printf_percent$$0000000B)
    _printf_x                                0x080001eb   Thumb Code     0  _printf_x.o(.ARM.Collect$$_printf_percent$$0000000C)
    _printf_lli                              0x080001f1   Thumb Code     0  _printf_lli.o(.ARM.Collect$$_printf_percent$$0000000D)
    _printf_lld                              0x080001f7   Thumb Code     0  _printf_lld.o(.ARM.Collect$$_printf_percent$$0000000E)
    _printf_llu                              0x080001fd   Thumb Code     0  _printf_llu.o(.ARM.Collect$$_printf_percent$$0000000F)
    _printf_llo                              0x08000203   Thumb Code     0  _printf_llo.o(.ARM.Collect$$_printf_percent$$00000010)
    _printf_llx                              0x08000209   Thumb Code     0  _printf_llx.o(.ARM.Collect$$_printf_percent$$00000011)
    _printf_l                                0x0800020f   Thumb Code     0  _printf_l.o(.ARM.Collect$$_printf_percent$$00000012)
    _printf_c                                0x08000219   Thumb Code     0  _printf_c.o(.ARM.Collect$$_printf_percent$$00000013)
    _printf_s                                0x0800021f   Thumb Code     0  _printf_s.o(.ARM.Collect$$_printf_percent$$00000014)
    _printf_lc                               0x08000225   Thumb Code     0  _printf_lc.o(.ARM.Collect$$_printf_percent$$00000015)
    _printf_ls                               0x0800022b   Thumb Code     0  _printf_ls.o(.ARM.Collect$$_printf_percent$$00000016)
    _printf_percent_end                      0x08000231   Thumb Code     0  _printf_percent_end.o(.ARM.Collect$$_printf_percent$$00000017)
    __rt_lib_init                            0x08000235   Thumb Code     0  libinit.o(.ARM.Collect$$libinit$$00000000)
    __rt_lib_init_fp_1                       0x08000237   Thumb Code     0  libinit2.o(.ARM.Collect$$libinit$$00000002)
    __rt_lib_init_heap_1                     0x08000237   Thumb Code     0  libinit2.o(.ARM.Collect$$libinit$$0000000A)
    __rt_lib_init_lc_common                  0x08000237   Thumb Code     0  libinit2.o(.ARM.Collect$$libinit$$0000000F)
    __rt_lib_init_preinit_1                  0x08000237   Thumb Code     0  libinit2.o(.ARM.Collect$$libinit$$00000004)
    __rt_lib_init_rand_1                     0x08000237   Thumb Code     0  libinit2.o(.ARM.Collect$$libinit$$0000000E)
    __rt_lib_init_user_alloc_1               0x08000237   Thumb Code     0  libinit2.o(.ARM.Collect$$libinit$$0000000C)
    __rt_lib_init_lc_collate_1               0x0800023d   Thumb Code     0  libinit2.o(.ARM.Collect$$libinit$$00000011)
    __rt_lib_init_lc_ctype_2                 0x0800023d   Thumb Code     0  libinit2.o(.ARM.Collect$$libinit$$00000012)
    __rt_lib_init_lc_ctype_1                 0x08000249   Thumb Code     0  libinit2.o(.ARM.Collect$$libinit$$00000013)
    __rt_lib_init_lc_monetary_1              0x08000249   Thumb Code     0  libinit2.o(.ARM.Collect$$libinit$$00000015)
    __rt_lib_init_lc_numeric_2               0x08000249   Thumb Code     0  libinit2.o(.ARM.Collect$$libinit$$00000016)
    __rt_lib_init_alloca_1                   0x08000253   Thumb Code     0  libinit2.o(.ARM.Collect$$libinit$$0000002E)
    __rt_lib_init_argv_1                     0x08000253   Thumb Code     0  libinit2.o(.ARM.Collect$$libinit$$0000002C)
    __rt_lib_init_atexit_1                   0x08000253   Thumb Code     0  libinit2.o(.ARM.Collect$$libinit$$0000001B)
    __rt_lib_init_clock_1                    0x08000253   Thumb Code     0  libinit2.o(.ARM.Collect$$libinit$$00000021)
    __rt_lib_init_cpp_1                      0x08000253   Thumb Code     0  libinit2.o(.ARM.Collect$$libinit$$00000032)
    __rt_lib_init_exceptions_1               0x08000253   Thumb Code     0  libinit2.o(.ARM.Collect$$libinit$$00000030)
    __rt_lib_init_fp_trap_1                  0x08000253   Thumb Code     0  libinit2.o(.ARM.Collect$$libinit$$0000001F)
    __rt_lib_init_getenv_1                   0x08000253   Thumb Code     0  libinit2.o(.ARM.Collect$$libinit$$00000023)
    __rt_lib_init_lc_numeric_1               0x08000253   Thumb Code     0  libinit2.o(.ARM.Collect$$libinit$$00000017)
    __rt_lib_init_lc_time_1                  0x08000253   Thumb Code     0  libinit2.o(.ARM.Collect$$libinit$$00000019)
    __rt_lib_init_return                     0x08000253   Thumb Code     0  libinit2.o(.ARM.Collect$$libinit$$00000033)
    __rt_lib_init_signal_1                   0x08000253   Thumb Code     0  libinit2.o(.ARM.Collect$$libinit$$0000001D)
    __rt_lib_init_stdio_1                    0x08000253   Thumb Code     0  libinit2.o(.ARM.Collect$$libinit$$00000025)
    __rt_lib_shutdown                        0x08000255   Thumb Code     0  libshutdown.o(.ARM.Collect$$libshutdown$$00000000)
    __rt_lib_shutdown_cpp_1                  0x08000257   Thumb Code     0  libshutdown2.o(.ARM.Collect$$libshutdown$$00000004)
    __rt_lib_shutdown_fini_1                 0x08000257   Thumb Code     0  libshutdown2.o(.ARM.Collect$$libshutdown$$00000002)
    __rt_lib_shutdown_fp_trap_1              0x08000257   Thumb Code     0  libshutdown2.o(.ARM.Collect$$libshutdown$$00000009)
    __rt_lib_shutdown_heap_1                 0x08000257   Thumb Code     0  libshutdown2.o(.ARM.Collect$$libshutdown$$00000011)
    __rt_lib_shutdown_return                 0x08000257   Thumb Code     0  libshutdown2.o(.ARM.Collect$$libshutdown$$00000012)
    __rt_lib_shutdown_signal_1               0x08000257   Thumb Code     0  libshutdown2.o(.ARM.Collect$$libshutdown$$0000000C)
    __rt_lib_shutdown_stdio_1                0x08000257   Thumb Code     0  libshutdown2.o(.ARM.Collect$$libshutdown$$00000006)
    __rt_lib_shutdown_user_alloc_1           0x08000257   Thumb Code     0  libshutdown2.o(.ARM.Collect$$libshutdown$$0000000E)
    __rt_entry                               0x08000259   Thumb Code     0  __rtentry.o(.ARM.Collect$$rtentry$$00000000)
    __rt_entry_presh_1                       0x08000259   Thumb Code     0  __rtentry2.o(.ARM.Collect$$rtentry$$00000002)
    __rt_entry_sh                            0x08000259   Thumb Code     0  __rtentry4.o(.ARM.Collect$$rtentry$$00000004)
    __rt_entry_li                            0x0800025f   Thumb Code     0  __rtentry2.o(.ARM.Collect$$rtentry$$0000000A)
    __rt_entry_postsh_1                      0x0800025f   Thumb Code     0  __rtentry2.o(.ARM.Collect$$rtentry$$00000009)
    __rt_entry_main                          0x08000263   Thumb Code     0  __rtentry2.o(.ARM.Collect$$rtentry$$0000000D)
    __rt_entry_postli_1                      0x08000263   Thumb Code     0  __rtentry2.o(.ARM.Collect$$rtentry$$0000000C)
    __rt_exit                                0x0800026b   Thumb Code     0  rtexit.o(.ARM.Collect$$rtexit$$00000000)
    __rt_exit_ls                             0x0800026d   Thumb Code     0  rtexit2.o(.ARM.Collect$$rtexit$$00000003)
    __rt_exit_prels_1                        0x0800026d   Thumb Code     0  rtexit2.o(.ARM.Collect$$rtexit$$00000002)
    __rt_exit_exit                           0x08000271   Thumb Code     0  rtexit2.o(.ARM.Collect$$rtexit$$00000004)
    RCC_Configuration                        0x08000279   Thumb Code   110  main.o(.text)
    GPIO_Configuration                       0x080002e7   Thumb Code    62  main.o(.text)
    NVIC_Configuration                       0x08000325   Thumb Code    30  main.o(.text)
    WWDG_Configuration                       0x08000343   Thumb Code    40  main.o(.text)
    WWDG_IRQHandler                          0x0800036b   Thumb Code    14  main.o(.text)
    USART1_SendData                          0x08000379   Thumb Code    28  main.o(.text)
    Init_MPU9250                             0x08000395   Thumb Code    64  main.o(.text)
    u1_printf                                0x080003d5   Thumb Code    78  main.o(.text)
    ANO_DT_Send_Data                         0x08000423   Thumb Code    42  main.o(.text)
    ANO_DT_Send_Senser                       0x0800044d   Thumb Code   374  main.o(.text)
    ANO_DT_Send_Gesture                      0x080005c3   Thumb Code   340  main.o(.text)
    main                                     0x08000717   Thumb Code  1932  main.o(.text)
    NMI_Handler                              0x08000ebd   Thumb Code     2  stm32f10x_it.o(.text)
    HardFault_Handler                        0x08000ebf   Thumb Code     4  stm32f10x_it.o(.text)
    MemManage_Handler                        0x08000ec3   Thumb Code     4  stm32f10x_it.o(.text)
    BusFault_Handler                         0x08000ec7   Thumb Code     4  stm32f10x_it.o(.text)
    UsageFault_Handler                       0x08000ecb   Thumb Code     4  stm32f10x_it.o(.text)
    SVC_Handler                              0x08000ecf   Thumb Code     2  stm32f10x_it.o(.text)
    DebugMon_Handler                         0x08000ed1   Thumb Code     2  stm32f10x_it.o(.text)
    PendSV_Handler                           0x08000ed3   Thumb Code     2  stm32f10x_it.o(.text)
    SysTick_Handler                          0x08000ed5   Thumb Code     2  stm32f10x_it.o(.text)
    DATA_printf                              0x08000ed9   Thumb Code    84  mpu9250.o(.text)
    I2C_GPIO_Config                          0x08000f2d   Thumb Code    60  mpu9250.o(.text)
    I2C_delay                                0x08000f69   Thumb Code    14  mpu9250.o(.text)
    I2C_Start                                0x08000f77   Thumb Code    92  mpu9250.o(.text)
    I2C_Stop                                 0x08000fd3   Thumb Code    60  mpu9250.o(.text)
    I2C_Ack                                  0x0800100f   Thumb Code    60  mpu9250.o(.text)
    I2C_NoAck                                0x0800104b   Thumb Code    60  mpu9250.o(.text)
    I2C_WaitAck                              0x08001087   Thumb Code    92  mpu9250.o(.text)
    I2C_SendByte                             0x080010e3   Thumb Code    94  mpu9250.o(.text)
    I2C_RadeByte                             0x08001141   Thumb Code    88  mpu9250.o(.text)
    Delayms                                  0x08001199   Thumb Code    32  mpu9250.o(.text)
    Single_Write                             0x080011b9   Thumb Code    72  mpu9250.o(.text)
    Single_Read                              0x08001201   Thumb Code    86  mpu9250.o(.text)
    READ_MPU9250_ACCEL                       0x08001257   Thumb Code   162  mpu9250.o(.text)
    READ_MPU9250_GYRO                        0x080012f9   Thumb Code   232  mpu9250.o(.text)
    READ_MPU9250_MAG                         0x080013e1   Thumb Code   152  mpu9250.o(.text)
    MPU9250_OffSet                           0x08001479   Thumb Code   176  mpu9250.o(.text)
    USART1_Init                              0x08001541   Thumb Code   196  uart.o(.text)
    USART3_Init                              0x08001605   Thumb Code   196  uart.o(.text)
    USART1_IRQHandler                        0x080016c9   Thumb Code    24  uart.o(.text)
    USART3_IRQHandler                        0x080016e1   Thumb Code    30  uart.o(.text)
    Uart_PutChar                             0x080016ff   Thumb Code    28  uart.o(.text)
    RCC_DeInit                               0x0800172d   Thumb Code    64  stm32f10x_rcc.o(.text)
    RCC_HSEConfig                            0x0800176d   Thumb Code    70  stm32f10x_rcc.o(.text)
    RCC_GetFlagStatus                        0x080017b3   Thumb Code    56  stm32f10x_rcc.o(.text)
    RCC_WaitForHSEStartUp                    0x080017eb   Thumb Code    56  stm32f10x_rcc.o(.text)
    RCC_AdjustHSICalibrationValue            0x08001823   Thumb Code    20  stm32f10x_rcc.o(.text)
    RCC_HSICmd                               0x08001837   Thumb Code     6  stm32f10x_rcc.o(.text)
    RCC_PLLConfig                            0x0800183d   Thumb Code    24  stm32f10x_rcc.o(.text)
    RCC_PLLCmd                               0x08001855   Thumb Code     6  stm32f10x_rcc.o(.text)
    RCC_SYSCLKConfig                         0x0800185b   Thumb Code    18  stm32f10x_rcc.o(.text)
    RCC_GetSYSCLKSource                      0x0800186d   Thumb Code    10  stm32f10x_rcc.o(.text)
    RCC_HCLKConfig                           0x08001877   Thumb Code    18  stm32f10x_rcc.o(.text)
    RCC_PCLK1Config                          0x08001889   Thumb Code    18  stm32f10x_rcc.o(.text)
    RCC_PCLK2Config                          0x0800189b   Thumb Code    20  stm32f10x_rcc.o(.text)
    RCC_ITConfig                             0x080018af   Thumb Code    26  stm32f10x_rcc.o(.text)
    RCC_USBCLKConfig                         0x080018c9   Thumb Code     8  stm32f10x_rcc.o(.text)
    RCC_ADCCLKConfig                         0x080018d1   Thumb Code    18  stm32f10x_rcc.o(.text)
    RCC_LSEConfig                            0x080018e3   Thumb Code    50  stm32f10x_rcc.o(.text)
    RCC_LSICmd                               0x08001915   Thumb Code     6  stm32f10x_rcc.o(.text)
    RCC_RTCCLKConfig                         0x0800191b   Thumb Code    12  stm32f10x_rcc.o(.text)
    RCC_RTCCLKCmd                            0x08001927   Thumb Code     8  stm32f10x_rcc.o(.text)
    RCC_GetClocksFreq                        0x0800192f   Thumb Code   192  stm32f10x_rcc.o(.text)
    RCC_AHBPeriphClockCmd                    0x080019ef   Thumb Code    26  stm32f10x_rcc.o(.text)
    RCC_APB2PeriphClockCmd                   0x08001a09   Thumb Code    26  stm32f10x_rcc.o(.text)
    RCC_APB1PeriphClockCmd                   0x08001a23   Thumb Code    26  stm32f10x_rcc.o(.text)
    RCC_APB2PeriphResetCmd                   0x08001a3d   Thumb Code    26  stm32f10x_rcc.o(.text)
    RCC_APB1PeriphResetCmd                   0x08001a57   Thumb Code    26  stm32f10x_rcc.o(.text)
    RCC_BackupResetCmd                       0x08001a71   Thumb Code     8  stm32f10x_rcc.o(.text)
    RCC_ClockSecuritySystemCmd               0x08001a79   Thumb Code     6  stm32f10x_rcc.o(.text)
    RCC_MCOConfig                            0x08001a7f   Thumb Code     6  stm32f10x_rcc.o(.text)
    RCC_ClearFlag                            0x08001a85   Thumb Code    14  stm32f10x_rcc.o(.text)
    RCC_GetITStatus                          0x08001a93   Thumb Code    20  stm32f10x_rcc.o(.text)
    RCC_ClearITPendingBit                    0x08001aa7   Thumb Code     6  stm32f10x_rcc.o(.text)
    USART_DeInit                             0x08001ad1   Thumb Code   134  stm32f10x_usart.o(.text)
    USART_Init                               0x08001b57   Thumb Code   156  stm32f10x_usart.o(.text)
    USART_StructInit                         0x08001bf3   Thumb Code    24  stm32f10x_usart.o(.text)
    USART_ClockInit                          0x08001c0b   Thumb Code    34  stm32f10x_usart.o(.text)
    USART_ClockStructInit                    0x08001c2d   Thumb Code    12  stm32f10x_usart.o(.text)
    USART_Cmd                                0x08001c39   Thumb Code    24  stm32f10x_usart.o(.text)
    USART_ITConfig                           0x08001c51   Thumb Code    74  stm32f10x_usart.o(.text)
    USART_DMACmd                             0x08001c9b   Thumb Code    18  stm32f10x_usart.o(.text)
    USART_SetAddress                         0x08001cad   Thumb Code    18  stm32f10x_usart.o(.text)
    USART_WakeUpConfig                       0x08001cbf   Thumb Code    18  stm32f10x_usart.o(.text)
    USART_ReceiverWakeUpCmd                  0x08001cd1   Thumb Code    24  stm32f10x_usart.o(.text)
    USART_LINBreakDetectLengthConfig         0x08001ce9   Thumb Code    18  stm32f10x_usart.o(.text)
    USART_LINCmd                             0x08001cfb   Thumb Code    24  stm32f10x_usart.o(.text)
    USART_SendData                           0x08001d13   Thumb Code     8  stm32f10x_usart.o(.text)
    USART_ReceiveData                        0x08001d1b   Thumb Code    10  stm32f10x_usart.o(.text)
    USART_SendBreak                          0x08001d25   Thumb Code    10  stm32f10x_usart.o(.text)
    USART_SetGuardTime                       0x08001d2f   Thumb Code    16  stm32f10x_usart.o(.text)
    USART_SetPrescaler                       0x08001d3f   Thumb Code    16  stm32f10x_usart.o(.text)
    USART_SmartCardCmd                       0x08001d4f   Thumb Code    24  stm32f10x_usart.o(.text)
    USART_SmartCardNACKCmd                   0x08001d67   Thumb Code    24  stm32f10x_usart.o(.text)
    USART_HalfDuplexCmd                      0x08001d7f   Thumb Code    24  stm32f10x_usart.o(.text)
    USART_IrDAConfig                         0x08001d97   Thumb Code    18  stm32f10x_usart.o(.text)
    USART_IrDACmd                            0x08001da9   Thumb Code    24  stm32f10x_usart.o(.text)
    USART_GetFlagStatus                      0x08001dc1   Thumb Code    26  stm32f10x_usart.o(.text)
    USART_ClearFlag                          0x08001ddb   Thumb Code    18  stm32f10x_usart.o(.text)
    USART_GetITStatus                        0x08001ded   Thumb Code    84  stm32f10x_usart.o(.text)
    USART_ClearITPendingBit                  0x08001e41   Thumb Code    30  stm32f10x_usart.o(.text)
    WWDG_DeInit                              0x08001e75   Thumb Code    22  stm32f10x_wwdg.o(.text)
    WWDG_SetPrescaler                        0x08001e8b   Thumb Code    18  stm32f10x_wwdg.o(.text)
    WWDG_SetWindowValue                      0x08001e9d   Thumb Code    34  stm32f10x_wwdg.o(.text)
    WWDG_EnableIT                            0x08001ebf   Thumb Code     8  stm32f10x_wwdg.o(.text)
    WWDG_SetCounter                          0x08001ec7   Thumb Code    12  stm32f10x_wwdg.o(.text)
    WWDG_Enable                              0x08001ed3   Thumb Code    12  stm32f10x_wwdg.o(.text)
    WWDG_GetFlagStatus                       0x08001edf   Thumb Code    10  stm32f10x_wwdg.o(.text)
    WWDG_ClearFlag                           0x08001ee9   Thumb Code    10  stm32f10x_wwdg.o(.text)
    NVIC_PriorityGroupConfig                 0x08001efd   Thumb Code    10  misc.o(.text)
    NVIC_Init                                0x08001f07   Thumb Code   100  misc.o(.text)
    NVIC_SetVectorTable                      0x08001f6b   Thumb Code    14  misc.o(.text)
    NVIC_SystemLPConfig                      0x08001f79   Thumb Code    34  misc.o(.text)
    SysTick_CLKSourceConfig                  0x08001f9b   Thumb Code    40  misc.o(.text)
    GPIO_DeInit                              0x08001fd9   Thumb Code   172  stm32f10x_gpio.o(.text)
    GPIO_AFIODeInit                          0x08002085   Thumb Code    20  stm32f10x_gpio.o(.text)
    GPIO_Init                                0x08002099   Thumb Code   278  stm32f10x_gpio.o(.text)
    GPIO_StructInit                          0x080021af   Thumb Code    16  stm32f10x_gpio.o(.text)
    GPIO_ReadInputDataBit                    0x080021bf   Thumb Code    18  stm32f10x_gpio.o(.text)
    GPIO_ReadInputData                       0x080021d1   Thumb Code     8  stm32f10x_gpio.o(.text)
    GPIO_ReadOutputDataBit                   0x080021d9   Thumb Code    18  stm32f10x_gpio.o(.text)
    GPIO_ReadOutputData                      0x080021eb   Thumb Code     8  stm32f10x_gpio.o(.text)
    GPIO_SetBits                             0x080021f3   Thumb Code     4  stm32f10x_gpio.o(.text)
    GPIO_ResetBits                           0x080021f7   Thumb Code     4  stm32f10x_gpio.o(.text)
    GPIO_WriteBit                            0x080021fb   Thumb Code    10  stm32f10x_gpio.o(.text)
    GPIO_Write                               0x08002205   Thumb Code     4  stm32f10x_gpio.o(.text)
    GPIO_PinLockConfig                       0x08002209   Thumb Code    18  stm32f10x_gpio.o(.text)
    GPIO_EventOutputConfig                   0x0800221b   Thumb Code    26  stm32f10x_gpio.o(.text)
    GPIO_EventOutputCmd                      0x08002235   Thumb Code     6  stm32f10x_gpio.o(.text)
    GPIO_PinRemapConfig                      0x0800223b   Thumb Code   106  stm32f10x_gpio.o(.text)
    GPIO_EXTILineConfig                      0x080022a5   Thumb Code    66  stm32f10x_gpio.o(.text)
    GPIO_ETH_MediaInterfaceConfig            0x080022e7   Thumb Code     8  stm32f10x_gpio.o(.text)
    FLASH_SetLatency                         0x08002315   Thumb Code    18  stm32f10x_flash.o(.text)
    FLASH_HalfCycleAccessCmd                 0x08002327   Thumb Code    22  stm32f10x_flash.o(.text)
    FLASH_PrefetchBufferCmd                  0x0800233d   Thumb Code    22  stm32f10x_flash.o(.text)
    FLASH_Unlock                             0x08002353   Thumb Code    12  stm32f10x_flash.o(.text)
    FLASH_Lock                               0x0800235f   Thumb Code    14  stm32f10x_flash.o(.text)
    FLASH_GetStatus                          0x0800236d   Thumb Code    48  stm32f10x_flash.o(.text)
    FLASH_WaitForLastOperation               0x080023b7   Thumb Code    42  stm32f10x_flash.o(.text)
    FLASH_ErasePage                          0x080023e1   Thumb Code    76  stm32f10x_flash.o(.text)
    FLASH_EraseAllPages                      0x0800242d   Thumb Code    72  stm32f10x_flash.o(.text)
    FLASH_EraseOptionBytes                   0x08002475   Thumb Code   142  stm32f10x_flash.o(.text)
    FLASH_ProgramWord                        0x08002503   Thumb Code   110  stm32f10x_flash.o(.text)
    FLASH_ProgramHalfWord                    0x08002571   Thumb Code    64  stm32f10x_flash.o(.text)
    FLASH_ProgramOptionByteData              0x080025b1   Thumb Code    72  stm32f10x_flash.o(.text)
    FLASH_EnableWriteProtection              0x080025f9   Thumb Code   182  stm32f10x_flash.o(.text)
    FLASH_ReadOutProtection                  0x080026af   Thumb Code   172  stm32f10x_flash.o(.text)
    FLASH_UserOptionByteConfig               0x0800275b   Thumb Code    92  stm32f10x_flash.o(.text)
    FLASH_GetUserOptionByte                  0x080027b7   Thumb Code     8  stm32f10x_flash.o(.text)
    FLASH_GetWriteProtectionOptionByte       0x080027bf   Thumb Code     6  stm32f10x_flash.o(.text)
    FLASH_GetReadOutProtectionStatus         0x080027c5   Thumb Code    20  stm32f10x_flash.o(.text)
    FLASH_GetPrefetchBufferStatus            0x080027d9   Thumb Code    20  stm32f10x_flash.o(.text)
    FLASH_ITConfig                           0x080027ed   Thumb Code    26  stm32f10x_flash.o(.text)
    FLASH_GetFlagStatus                      0x08002807   Thumb Code    42  stm32f10x_flash.o(.text)
    FLASH_ClearFlag                          0x08002831   Thumb Code     6  stm32f10x_flash.o(.text)
    SystemInit_ExtMemCtl                     0x08002849   Thumb Code     2  startup_stm32f10x_hd.o(.text)
    Reset_Handler                            0x0800284b   Thumb Code    14  startup_stm32f10x_hd.o(.text)
    ADC1_2_IRQHandler                        0x0800286b   Thumb Code     0  startup_stm32f10x_hd.o(.text)
    ADC3_IRQHandler                          0x0800286b   Thumb Code     0  startup_stm32f10x_hd.o(.text)
    CAN1_RX1_IRQHandler                      0x0800286b   Thumb Code     0  startup_stm32f10x_hd.o(.text)
    CAN1_SCE_IRQHandler                      0x0800286b   Thumb Code     0  startup_stm32f10x_hd.o(.text)
    DMA1_Channel1_IRQHandler                 0x0800286b   Thumb Code     0  startup_stm32f10x_hd.o(.text)
    DMA1_Channel2_IRQHandler                 0x0800286b   Thumb Code     0  startup_stm32f10x_hd.o(.text)
    DMA1_Channel3_IRQHandler                 0x0800286b   Thumb Code     0  startup_stm32f10x_hd.o(.text)
    DMA1_Channel4_IRQHandler                 0x0800286b   Thumb Code     0  startup_stm32f10x_hd.o(.text)
    DMA1_Channel5_IRQHandler                 0x0800286b   Thumb Code     0  startup_stm32f10x_hd.o(.text)
    DMA1_Channel6_IRQHandler                 0x0800286b   Thumb Code     0  startup_stm32f10x_hd.o(.text)
    DMA1_Channel7_IRQHandler                 0x0800286b   Thumb Code     0  startup_stm32f10x_hd.o(.text)
    DMA2_Channel1_IRQHandler                 0x0800286b   Thumb Code     0  startup_stm32f10x_hd.o(.text)
    DMA2_Channel2_IRQHandler                 0x0800286b   Thumb Code     0  startup_stm32f10x_hd.o(.text)
    DMA2_Channel3_IRQHandler                 0x0800286b   Thumb Code     0  startup_stm32f10x_hd.o(.text)
    DMA2_Channel4_5_IRQHandler               0x0800286b   Thumb Code     0  startup_stm32f10x_hd.o(.text)
    EXTI0_IRQHandler                         0x0800286b   Thumb Code     0  startup_stm32f10x_hd.o(.text)
    EXTI15_10_IRQHandler                     0x0800286b   Thumb Code     0  startup_stm32f10x_hd.o(.text)
    EXTI1_IRQHandler                         0x0800286b   Thumb Code     0  startup_stm32f10x_hd.o(.text)
    EXTI2_IRQHandler                         0x0800286b   Thumb Code     0  startup_stm32f10x_hd.o(.text)
    EXTI3_IRQHandler                         0x0800286b   Thumb Code     0  startup_stm32f10x_hd.o(.text)
    EXTI4_IRQHandler                         0x0800286b   Thumb Code     0  startup_stm32f10x_hd.o(.text)
    EXTI9_5_IRQHandler                       0x0800286b   Thumb Code     0  startup_stm32f10x_hd.o(.text)
    FLASH_IRQHandler                         0x0800286b   Thumb Code     0  startup_stm32f10x_hd.o(.text)
    FSMC_IRQHandler                          0x0800286b   Thumb Code     0  startup_stm32f10x_hd.o(.text)
    I2C1_ER_IRQHandler                       0x0800286b   Thumb Code     0  startup_stm32f10x_hd.o(.text)
    I2C1_EV_IRQHandler                       0x0800286b   Thumb Code     0  startup_stm32f10x_hd.o(.text)
    I2C2_ER_IRQHandler                       0x0800286b   Thumb Code     0  startup_stm32f10x_hd.o(.text)
    I2C2_EV_IRQHandler                       0x0800286b   Thumb Code     0  startup_stm32f10x_hd.o(.text)
    PVD_IRQHandler                           0x0800286b   Thumb Code     0  startup_stm32f10x_hd.o(.text)
    RCC_IRQHandler                           0x0800286b   Thumb Code     0  startup_stm32f10x_hd.o(.text)
    RTCAlarm_IRQHandler                      0x0800286b   Thumb Code     0  startup_stm32f10x_hd.o(.text)
    RTC_IRQHandler                           0x0800286b   Thumb Code     0  startup_stm32f10x_hd.o(.text)
    SDIO_IRQHandler                          0x0800286b   Thumb Code     0  startup_stm32f10x_hd.o(.text)
    SPI1_IRQHandler                          0x0800286b   Thumb Code     0  startup_stm32f10x_hd.o(.text)
    SPI2_IRQHandler                          0x0800286b   Thumb Code     0  startup_stm32f10x_hd.o(.text)
    SPI3_IRQHandler                          0x0800286b   Thumb Code     0  startup_stm32f10x_hd.o(.text)
    TAMPER_IRQHandler                        0x0800286b   Thumb Code     0  startup_stm32f10x_hd.o(.text)
    TIM1_BRK_IRQHandler                      0x0800286b   Thumb Code     0  startup_stm32f10x_hd.o(.text)
    TIM1_CC_IRQHandler                       0x0800286b   Thumb Code     0  startup_stm32f10x_hd.o(.text)
    TIM1_TRG_COM_IRQHandler                  0x0800286b   Thumb Code     0  startup_stm32f10x_hd.o(.text)
    TIM1_UP_IRQHandler                       0x0800286b   Thumb Code     0  startup_stm32f10x_hd.o(.text)
    TIM2_IRQHandler                          0x0800286b   Thumb Code     0  startup_stm32f10x_hd.o(.text)
    TIM3_IRQHandler                          0x0800286b   Thumb Code     0  startup_stm32f10x_hd.o(.text)
    TIM4_IRQHandler                          0x0800286b   Thumb Code     0  startup_stm32f10x_hd.o(.text)
    TIM5_IRQHandler                          0x0800286b   Thumb Code     0  startup_stm32f10x_hd.o(.text)
    TIM6_IRQHandler                          0x0800286b   Thumb Code     0  startup_stm32f10x_hd.o(.text)
    TIM7_IRQHandler                          0x0800286b   Thumb Code     0  startup_stm32f10x_hd.o(.text)
    TIM8_BRK_IRQHandler                      0x0800286b   Thumb Code     0  startup_stm32f10x_hd.o(.text)
    TIM8_CC_IRQHandler                       0x0800286b   Thumb Code     0  startup_stm32f10x_hd.o(.text)
    TIM8_TRG_COM_IRQHandler                  0x0800286b   Thumb Code     0  startup_stm32f10x_hd.o(.text)
    TIM8_UP_IRQHandler                       0x0800286b   Thumb Code     0  startup_stm32f10x_hd.o(.text)
    UART4_IRQHandler                         0x0800286b   Thumb Code     0  startup_stm32f10x_hd.o(.text)
    UART5_IRQHandler                         0x0800286b   Thumb Code     0  startup_stm32f10x_hd.o(.text)
    USART2_IRQHandler                        0x0800286b   Thumb Code     0  startup_stm32f10x_hd.o(.text)
    USBWakeUp_IRQHandler                     0x0800286b   Thumb Code     0  startup_stm32f10x_hd.o(.text)
    USB_HP_CAN1_TX_IRQHandler                0x0800286b   Thumb Code     0  startup_stm32f10x_hd.o(.text)
    USB_LP_CAN1_RX0_IRQHandler               0x0800286b   Thumb Code     0  startup_stm32f10x_hd.o(.text)
    __user_initial_stackheap                 0x0800286d   Thumb Code     0  startup_stm32f10x_hd.o(.text)
    FusionAhrsInitialise                     0x08002895   Thumb Code    68  fusionahrs.o(.text)
    FusionAhrsSetGain                        0x080028d9   Thumb Code     4  fusionahrs.o(.text)
    FusionAhrsSetMagneticField               0x080028dd   Thumb Code    30  fusionahrs.o(.text)
    FusionAhrsUpdate                         0x080028fb   Thumb Code  2864  fusionahrs.o(.text)
    FusionAhrsSetYaw                         0x0800342b   Thumb Code   810  fusionahrs.o(.text)
    FusionAhrsIsInitialising                 0x08003755   Thumb Code    22  fusionahrs.o(.text)
    FusionAhrsUpdateWithoutMagnetometer      0x0800376b   Thumb Code    88  fusionahrs.o(.text)
    FusionAhrsGetQuaternion                  0x080037c3   Thumb Code    70  fusionahrs.o(.text)
    FusionAhrsGetLinearAcceleration          0x08003809   Thumb Code    14  fusionahrs.o(.text)
    FusionAhrsGetEarthAcceleration           0x08003817   Thumb Code   394  fusionahrs.o(.text)
    FusionAhrsReinitialise                   0x080039a1   Thumb Code    58  fusionahrs.o(.text)
    FusionBiasInitialise                     0x080039e9   Thumb Code    66  fusionbias.o(.text)
    FusionBiasUpdate                         0x08003a2b   Thumb Code   362  fusionbias.o(.text)
    FusionBiasIsActive                       0x08003b95   Thumb Code    22  fusionbias.o(.text)
    hex_to_bcd                               0x08003bb9   Thumb Code   108  mcu_api.o(.text)
    my_strlen                                0x08003c25   Thumb Code    28  mcu_api.o(.text)
    my_memset                                0x08003c41   Thumb Code    34  mcu_api.o(.text)
    my_memcpy                                0x08003c63   Thumb Code    68  mcu_api.o(.text)
    my_strcpy                                0x08003ca7   Thumb Code    34  mcu_api.o(.text)
    my_strcmp                                0x08003cc9   Thumb Code    32  mcu_api.o(.text)
    int_to_byte                              0x08003ce9   Thumb Code    16  mcu_api.o(.text)
    byte_to_int                              0x08003cf9   Thumb Code    26  mcu_api.o(.text)
    mcu_dp_raw_update                        0x08003d13   Thumb Code   112  mcu_api.o(.text)
    mcu_dp_bool_update                       0x08003d83   Thumb Code    96  mcu_api.o(.text)
    mcu_dp_value_update                      0x08003de3   Thumb Code   116  mcu_api.o(.text)
    mcu_dp_string_update                     0x08003e57   Thumb Code   112  mcu_api.o(.text)
    mcu_dp_enum_update                       0x08003ec7   Thumb Code    82  mcu_api.o(.text)
    mcu_dp_fault_update                      0x08003f19   Thumb Code   194  mcu_api.o(.text)
    mcu_get_dp_download_bool                 0x08003fdb   Thumb Code     6  mcu_api.o(.text)
    mcu_get_dp_download_enum                 0x08003fe1   Thumb Code     6  mcu_api.o(.text)
    mcu_get_dp_download_value                0x08003fe7   Thumb Code    14  mcu_api.o(.text)
    uart_receive_input                       0x08003ff5   Thumb Code    74  mcu_api.o(.text)
    uart_receive_buff_input                  0x0800403f   Thumb Code    28  mcu_api.o(.text)
    wifi_uart_service                        0x0800405b   Thumb Code   262  mcu_api.o(.text)
    wifi_protocol_init                       0x08004161   Thumb Code    24  mcu_api.o(.text)
    mcu_get_reset_wifi_flag                  0x08004179   Thumb Code     6  mcu_api.o(.text)
    mcu_reset_wifi                           0x0800417f   Thumb Code    20  mcu_api.o(.text)
    mcu_get_wifimode_flag                    0x08004193   Thumb Code     6  mcu_api.o(.text)
    mcu_set_wifi_mode                        0x08004199   Thumb Code    34  mcu_api.o(.text)
    mcu_get_wifi_work_state                  0x080041bb   Thumb Code     6  mcu_api.o(.text)
    mcu_start_wifitest                       0x080041c1   Thumb Code    14  mcu_api.o(.text)
    uart_transmit_output                     0x080041f5   Thumb Code    12  protocol.o(.text)
    all_data_update                          0x08004201   Thumb Code    28  protocol.o(.text)
    dp_download_handle                       0x08004289   Thumb Code    54  protocol.o(.text)
    get_download_cmd_total                   0x080042bf   Thumb Code     4  protocol.o(.text)
    wifi_test_result                         0x080042c3   Thumb Code     8  protocol.o(.text)
    set_wifi_uart_byte                       0x080042cd   Thumb Code    12  system.o(.text)
    set_wifi_uart_buffer                     0x080042d9   Thumb Code    34  system.o(.text)
    get_check_sum                            0x080042fb   Thumb Code    28  system.o(.text)
    wifi_uart_write_frame                    0x0800433b   Thumb Code    76  system.o(.text)
    data_handle                              0x080044db   Thumb Code   210  system.o(.text)
    with_data_rxbuff                         0x080045ad   Thumb Code    20  system.o(.text)
    take_byte_rxbuff                         0x080045c1   Thumb Code    46  system.o(.text)
    vsnprintf                                0x08004655   Thumb Code    48  vsnprintf.o(.text)
    __aeabi_memcpy4                          0x08004689   Thumb Code     0  rt_memcpy_w.o(.text)
    __aeabi_memcpy8                          0x08004689   Thumb Code     0  rt_memcpy_w.o(.text)
    __rt_memcpy_w                            0x08004689   Thumb Code   100  rt_memcpy_w.o(.text)
    _memcpy_lastbytes_aligned                0x080046d1   Thumb Code     0  rt_memcpy_w.o(.text)
    __use_two_region_memory                  0x080046ed   Thumb Code     2  heapauxi.o(.text)
    __rt_heap_escrow$2region                 0x080046ef   Thumb Code     2  heapauxi.o(.text)
    __rt_heap_expand$2region                 0x080046f1   Thumb Code     2  heapauxi.o(.text)
    __read_errno                             0x080046f3   Thumb Code    10  _rserrno.o(.text)
    __set_errno                              0x080046fd   Thumb Code    12  _rserrno.o(.text)
    _printf_pre_padding                      0x08004709   Thumb Code    44  _printf_pad.o(.text)
    _printf_post_padding                     0x08004735   Thumb Code    34  _printf_pad.o(.text)
    _printf_truncate_signed                  0x08004757   Thumb Code    18  _printf_truncate.o(.text)
    _printf_truncate_unsigned                0x08004769   Thumb Code    18  _printf_truncate.o(.text)
    _printf_str                              0x0800477b   Thumb Code    82  _printf_str.o(.text)
    _printf_int_dec                          0x080047cd   Thumb Code   104  _printf_dec.o(.text)
    _printf_charcount                        0x08004845   Thumb Code    40  _printf_charcount.o(.text)
    _printf_char_common                      0x08004877   Thumb Code    32  _printf_char_common.o(.text)
    _sputc                                   0x0800489d   Thumb Code    10  _sputc.o(.text)
    _snputc                                  0x080048a7   Thumb Code    16  _snputc.o(.text)
    _printf_wctomb                           0x080048b9   Thumb Code   182  _printf_wctomb.o(.text)
    _printf_longlong_dec                     0x08004975   Thumb Code   108  _printf_longlong_dec.o(.text)
    _printf_longlong_oct                     0x080049f1   Thumb Code    66  _printf_oct_int_ll.o(.text)
    _printf_int_oct                          0x08004a33   Thumb Code    24  _printf_oct_int_ll.o(.text)
    _printf_ll_oct                           0x08004a4b   Thumb Code    12  _printf_oct_int_ll.o(.text)
    _printf_longlong_hex                     0x08004a61   Thumb Code    86  _printf_hex_int_ll_ptr.o(.text)
    _printf_int_hex                          0x08004ab7   Thumb Code    28  _printf_hex_int_ll_ptr.o(.text)
    _printf_ll_hex                           0x08004ad3   Thumb Code    12  _printf_hex_int_ll_ptr.o(.text)
    _printf_hex_ptr                          0x08004adf   Thumb Code    18  _printf_hex_int_ll_ptr.o(.text)
    __printf                                 0x08004af5   Thumb Code   388  __printf_flags_ss_wp.o(.text)
    __aeabi_errno_addr                       0x08004c7d   Thumb Code     8  rt_errno_addr_intlibspace.o(.text)
    __errno$intlibspace                      0x08004c7d   Thumb Code     0  rt_errno_addr_intlibspace.o(.text)
    __rt_errno_addr$intlibspace              0x08004c7d   Thumb Code     0  rt_errno_addr_intlibspace.o(.text)
    _ll_udiv10                               0x08004c85   Thumb Code   138  lludiv10.o(.text)
    _printf_int_common                       0x08004d0f   Thumb Code   178  _printf_intcommon.o(.text)
    __lib_sel_fp_printf                      0x08004dc1   Thumb Code     2  _printf_fp_dec.o(.text)
    _printf_fp_dec_real                      0x08004f73   Thumb Code   620  _printf_fp_dec.o(.text)
    _printf_fp_hex_real                      0x080051e1   Thumb Code   756  _printf_fp_hex.o(.text)
    _printf_cs_common                        0x080054dd   Thumb Code    20  _printf_char.o(.text)
    _printf_char                             0x080054f1   Thumb Code    16  _printf_char.o(.text)
    _printf_string                           0x08005501   Thumb Code     8  _printf_char.o(.text)
    _printf_lcs_common                       0x08005509   Thumb Code    20  _printf_wchar.o(.text)
    _printf_wchar                            0x0800551d   Thumb Code    16  _printf_wchar.o(.text)
    _printf_wstring                          0x0800552d   Thumb Code     8  _printf_wchar.o(.text)
    _wcrtomb                                 0x08005535   Thumb Code    64  _wcrtomb.o(.text)
    __user_libspace                          0x08005575   Thumb Code     8  libspace.o(.text)
    __user_perproc_libspace                  0x08005575   Thumb Code     0  libspace.o(.text)
    __user_perthread_libspace                0x08005575   Thumb Code     0  libspace.o(.text)
    __user_setup_stackheap                   0x0800557d   Thumb Code    74  sys_stackheap_outer.o(.text)
    __rt_ctype_table                         0x080055c9   Thumb Code    16  rt_ctype_table.o(.text)
    __rt_locale                              0x080055d9   Thumb Code     8  rt_locale_intlibspace.o(.text)
    _printf_fp_infnan                        0x080055e1   Thumb Code   112  _printf_fp_infnan.o(.text)
    _btod_etento                             0x08005661   Thumb Code   224  bigflt0.o(.text)
    exit                                     0x08005745   Thumb Code    18  exit.o(.text)
    strcmp                                   0x08005759   Thumb Code   128  strcmpv7m.o(.text)
    _sys_exit                                0x080057d9   Thumb Code     8  sys_exit.o(.text)
    __I$use$semihosting                      0x080057e5   Thumb Code     0  use_no_semi.o(.text)
    __use_no_semihosting_swi                 0x080057e5   Thumb Code     2  use_no_semi.o(.text)
    __semihosting_library_function           0x080057e7   Thumb Code     0  indicate_semi.o(.text)
    _btod_d2e                                0x080057e7   Thumb Code    62  btod.o(CL$$btod_d2e)
    _d2e_denorm_low                          0x08005825   Thumb Code    70  btod.o(CL$$btod_d2e_denorm_low)
    _d2e_norm_op1                            0x0800586b   Thumb Code    96  btod.o(CL$$btod_d2e_norm_op1)
    __btod_div_common                        0x080058cb   Thumb Code   696  btod.o(CL$$btod_div_common)
    _e2e                                     0x08005c03   Thumb Code   220  btod.o(CL$$btod_e2e)
    _btod_ediv                               0x08005cdf   Thumb Code    42  btod.o(CL$$btod_ediv)
    _btod_emul                               0x08005d09   Thumb Code    42  btod.o(CL$$btod_emul)
    __btod_mult_common                       0x08005d33   Thumb Code   580  btod.o(CL$$btod_mult_common)
    __ARM_fpclassify                         0x08005f77   Thumb Code    40  fpclassify.o(i.__ARM_fpclassify)
    __ARM_fpclassifyf                        0x08005f9f   Thumb Code    38  fpclassifyf.o(i.__ARM_fpclassifyf)
    __mathlib_flt_infnan                     0x08005fc5   Thumb Code     6  funder.o(i.__mathlib_flt_infnan)
    __mathlib_flt_infnan2                    0x08005fcb   Thumb Code     4  funder.o(i.__mathlib_flt_infnan2)
    __mathlib_flt_invalid                    0x08005fcf   Thumb Code     8  funder.o(i.__mathlib_flt_invalid)
    __mathlib_flt_underflow                  0x08005fd7   Thumb Code    10  funder.o(i.__mathlib_flt_underflow)
    __mathlib_rredf2                         0x08005fe1   Thumb Code   344  rredf.o(i.__mathlib_rredf2)
    _is_digit                                0x08006149   Thumb Code    14  __printf_wp.o(i._is_digit)
    asinf                                    0x08006159   Thumb Code   254  asinf.o(i.asinf)
    atan2f                                   0x0800627d   Thumb Code   598  atan2f.o(i.atan2f)
    cosf                                     0x08006521   Thumb Code   328  cosf.o(i.cosf)
    sinf                                     0x0800669d   Thumb Code   338  sinf.o(i.sinf)
    sqrtf                                    0x08006825   Thumb Code    44  sqrtf.o(i.sqrtf)
    _get_lc_numeric                          0x08006851   Thumb Code    44  lc_numeric_c.o(locale$$code)
    _get_lc_ctype                            0x0800687d   Thumb Code    44  lc_ctype_c.o(locale$$code)
    __aeabi_d2f                              0x080068a9   Thumb Code     0  d2f.o(x$fpl$d2f)
    _d2f                                     0x080068a9   Thumb Code    98  d2f.o(x$fpl$d2f)
    __fpl_dcmp_Inf                           0x0800690b   Thumb Code    24  dcmpi.o(x$fpl$dcmpinf)
    __aeabi_ddiv                             0x08006925   Thumb Code     0  ddiv.o(x$fpl$ddiv)
    _ddiv                                    0x08006925   Thumb Code   552  ddiv.o(x$fpl$ddiv)
    __aeabi_d2iz                             0x08006bd5   Thumb Code     0  dfix.o(x$fpl$dfix)
    _dfix                                    0x08006bd5   Thumb Code    94  dfix.o(x$fpl$dfix)
    __aeabi_i2d                              0x08006c33   Thumb Code     0  dflt_clz.o(x$fpl$dflt)
    _dflt                                    0x08006c33   Thumb Code    46  dflt_clz.o(x$fpl$dflt)
    __aeabi_cdcmple                          0x08006c61   Thumb Code     0  dleqf.o(x$fpl$dleqf)
    _dcmple                                  0x08006c61   Thumb Code   120  dleqf.o(x$fpl$dleqf)
    __fpl_dcmple_InfNaN                      0x08006cc3   Thumb Code     0  dleqf.o(x$fpl$dleqf)
    __aeabi_dmul                             0x08006cd9   Thumb Code     0  dmul.o(x$fpl$dmul)
    _dmul                                    0x08006cd9   Thumb Code   332  dmul.o(x$fpl$dmul)
    __fpl_dnaninf                            0x08006e2d   Thumb Code   156  dnaninf.o(x$fpl$dnaninf)
    __fpl_dretinf                            0x08006ec9   Thumb Code    12  dretinf.o(x$fpl$dretinf)
    __aeabi_cdrcmple                         0x08006ed5   Thumb Code     0  drleqf.o(x$fpl$drleqf)
    _drcmple                                 0x08006ed5   Thumb Code   108  drleqf.o(x$fpl$drleqf)
    __aeabi_f2d                              0x08006f41   Thumb Code     0  f2d.o(x$fpl$f2d)
    _f2d                                     0x08006f41   Thumb Code    86  f2d.o(x$fpl$f2d)
    __aeabi_fadd                             0x08006f99   Thumb Code     0  faddsub_clz.o(x$fpl$fadd)
    _fadd                                    0x08006f99   Thumb Code   196  faddsub_clz.o(x$fpl$fadd)
    __fpl_fcheck_NaN1                        0x0800705d   Thumb Code     6  fcheck1.o(x$fpl$fcheck1)
    __fpl_fcmp_Inf                           0x08007069   Thumb Code    24  fcmpi.o(x$fpl$fcmpinf)
    __aeabi_fdiv                             0x08007081   Thumb Code     0  fdiv.o(x$fpl$fdiv)
    _fdiv                                    0x08007081   Thumb Code   384  fdiv.o(x$fpl$fdiv)
    __aeabi_cfcmpeq                          0x08007205   Thumb Code     0  feqf.o(x$fpl$feqf)
    _fcmpeq                                  0x08007205   Thumb Code   104  feqf.o(x$fpl$feqf)
    __aeabi_f2iz                             0x0800726d   Thumb Code     0  ffix.o(x$fpl$ffix)
    _ffix                                    0x0800726d   Thumb Code    54  ffix.o(x$fpl$ffix)
    __aeabi_i2f                              0x080072a5   Thumb Code     0  fflt_clz.o(x$fpl$fflt)
    _fflt                                    0x080072a5   Thumb Code    48  fflt_clz.o(x$fpl$fflt)
    __aeabi_ui2f                             0x080072d5   Thumb Code     0  fflt_clz.o(x$fpl$ffltu)
    _ffltu                                   0x080072d5   Thumb Code    38  fflt_clz.o(x$fpl$ffltu)
    __aeabi_cfcmple                          0x080072fd   Thumb Code     0  fleqf.o(x$fpl$fleqf)
    _fcmple                                  0x080072fd   Thumb Code   104  fleqf.o(x$fpl$fleqf)
    __fpl_fcmple_InfNaN                      0x0800734f   Thumb Code     0  fleqf.o(x$fpl$fleqf)
    __aeabi_fmul                             0x08007365   Thumb Code     0  fmul.o(x$fpl$fmul)
    _fmul                                    0x08007365   Thumb Code   258  fmul.o(x$fpl$fmul)
    __fpl_fnaninf                            0x08007467   Thumb Code   140  fnaninf.o(x$fpl$fnaninf)
    __fpl_fretinf                            0x080074f3   Thumb Code    10  fretinf.o(x$fpl$fretinf)
    __aeabi_cfrcmple                         0x080074fd   Thumb Code     0  frleqf.o(x$fpl$frleqf)
    _frcmple                                 0x080074fd   Thumb Code    98  frleqf.o(x$fpl$frleqf)
    _frnd                                    0x08007561   Thumb Code    96  frnd.o(x$fpl$frnd)
    __aeabi_frsub                            0x080075c1   Thumb Code     0  faddsub_clz.o(x$fpl$frsb)
    _frsb                                    0x080075c1   Thumb Code    20  faddsub_clz.o(x$fpl$frsb)
    _fsqrt                                   0x080075d5   Thumb Code   272  fsqrt.o(x$fpl$fsqrt)
    __aeabi_fsub                             0x080076e5   Thumb Code     0  faddsub_clz.o(x$fpl$fsub)
    _fsub                                    0x080076e5   Thumb Code   234  faddsub_clz.o(x$fpl$fsub)
    _printf_fp_dec                           0x080077cf   Thumb Code     4  printf1.o(x$fpl$printf1)
    _printf_fp_hex                           0x080077d3   Thumb Code     4  printf2.o(x$fpl$printf2)
    __fpl_return_NaN                         0x080077d7   Thumb Code   100  retnan.o(x$fpl$retnan)
    __ARM_scalbnf                            0x0800783b   Thumb Code    76  scalbnf.o(x$fpl$scalbnf)
    __fpl_cmpreturn                          0x08007887   Thumb Code    48  trapv.o(x$fpl$trapveneer)
    __I$use$fp                               0x080078b6   Number         0  usenofp.o(x$fpl$usenofp)
    download_cmd                             0x08007944   Data           6  protocol.o(.constdata)
    Region$$Table$$Base                      0x08007a6c   Number         0  anon$$obj.o(Region$$Table)
    Region$$Table$$Limit                     0x08007a8c   Number         0  anon$$obj.o(Region$$Table)
    __ctype                                  0x08007ab5   Data           0  lc_ctype_c.o(locale$$data)
    GPIO_InitStructure                       0x20000000   Data           4  main.o(.data)
    HSEStartUpStatus                         0x20000004   Data           1  main.o(.data)
    samplePeriod                             0x20000008   Data           4  main.o(.data)
    TX_DATA                                  0x2000000c   Data           4  mpu9250.o(.data)
    test                                     0x20000010   Data           1  mpu9250.o(.data)
    gyroscopeSensitivity                     0x20000014   Data          12  mpu9250.o(.data)
    accelerometerSensitivity                 0x20000020   Data          12  mpu9250.o(.data)
    hardIronBias                             0x2000002c   Data          12  mpu9250.o(.data)
    rx_buf_in                                0x2000005c   Data           4  system.o(.data)
    rx_buf_out                               0x20000060   Data           4  system.o(.data)
    stop_update_flag                         0x20000064   Data           1  system.o(.data)
    reset_wifi_flag                          0x20000065   Data           1  system.o(.data)
    set_wifimode_flag                        0x20000066   Data           1  system.o(.data)
    wifi_work_state                          0x20000067   Data           1  system.o(.data)
    fusionBias                               0x2000006c   Data          28  main.o(.bss)
    fusionAhrs                               0x20000088   Data          48  main.o(.bss)
    data_to_send                             0x200000b8   Data          50  main.o(.bss)
    BUF                                      0x200000ea   Data          10  mpu9250.o(.bss)
    wifi_data_process_buf                    0x200000f4   Data          71  system.o(.bss)
    wifi_uart_rx_buf                         0x2000013b   Data         135  system.o(.bss)
    wifi_uart_tx_buf                         0x200001c2   Data          55  system.o(.bss)
    __libspace_start                         0x200001fc   Data          96  libspace.o(.bss)
    __temporary_stack_top$libspace           0x2000025c   Data           0  libspace.o(.bss)



==============================================================================

Memory Map of the image

  Image Entry point : 0x08000131

  Load Region LR_IROM1 (Base: 0x08000000, Size: 0x00007c24, Max: 0x00010000, ABSOLUTE)

    Execution Region ER_IROM1 (Exec base: 0x08000000, Load base: 0x08000000, Size: 0x00007bb8, Max: 0x00010000, ABSOLUTE)

    Exec Addr    Load Addr    Size         Type   Attr      Idx    E Section Name        Object

    0x08000000   0x08000000   0x00000130   Data   RO          291    RESET               startup_stm32f10x_hd.o
    0x08000130   0x08000130   0x00000008   Code   RO          464  * !!!main             c_w.l(__main.o)
    0x08000138   0x08000138   0x00000034   Code   RO          931    !!!scatter          c_w.l(__scatter.o)
    0x0800016c   0x0800016c   0x0000001a   Code   RO          933    !!handler_copy      c_w.l(__scatter_copy.o)
    0x08000186   0x08000186   0x00000002   PAD
    0x08000188   0x08000188   0x0000001c   Code   RO          935    !!handler_zi        c_w.l(__scatter_zi.o)
    0x080001a4   0x080001a4   0x00000000   Code   RO          642    .ARM.Collect$$_printf_percent$$00000000  c_w.l(_printf_percent.o)
    0x080001a4   0x080001a4   0x00000006   Code   RO          631    .ARM.Collect$$_printf_percent$$00000001  c_w.l(_printf_n.o)
    0x080001aa   0x080001aa   0x00000006   Code   RO          633    .ARM.Collect$$_printf_percent$$00000002  c_w.l(_printf_p.o)
    0x080001b0   0x080001b0   0x00000006   Code   RO          638    .ARM.Collect$$_printf_percent$$00000003  c_w.l(_printf_f.o)
    0x080001b6   0x080001b6   0x00000006   Code   RO          639    .ARM.Collect$$_printf_percent$$00000004  c_w.l(_printf_e.o)
    0x080001bc   0x080001bc   0x00000006   Code   RO          640    .ARM.Collect$$_printf_percent$$00000005  c_w.l(_printf_g.o)
    0x080001c2   0x080001c2   0x00000006   Code   RO          641    .ARM.Collect$$_printf_percent$$00000006  c_w.l(_printf_a.o)
    0x080001c8   0x080001c8   0x0000000a   Code   RO          646    .ARM.Collect$$_printf_percent$$00000007  c_w.l(_printf_ll.o)
    0x080001d2   0x080001d2   0x00000006   Code   RO          635    .ARM.Collect$$_printf_percent$$00000008  c_w.l(_printf_i.o)
    0x080001d8   0x080001d8   0x00000006   Code   RO          636    .ARM.Collect$$_printf_percent$$00000009  c_w.l(_printf_d.o)
    0x080001de   0x080001de   0x00000006   Code   RO          637    .ARM.Collect$$_printf_percent$$0000000A  c_w.l(_printf_u.o)
    0x080001e4   0x080001e4   0x00000006   Code   RO          634    .ARM.Collect$$_printf_percent$$0000000B  c_w.l(_printf_o.o)
    0x080001ea   0x080001ea   0x00000006   Code   RO          632    .ARM.Collect$$_printf_percent$$0000000C  c_w.l(_printf_x.o)
    0x080001f0   0x080001f0   0x00000006   Code   RO          643    .ARM.Collect$$_printf_percent$$0000000D  c_w.l(_printf_lli.o)
    0x080001f6   0x080001f6   0x00000006   Code   RO          644    .ARM.Collect$$_printf_percent$$0000000E  c_w.l(_printf_lld.o)
    0x080001fc   0x080001fc   0x00000006   Code   RO          645    .ARM.Collect$$_printf_percent$$0000000F  c_w.l(_printf_llu.o)
    0x08000202   0x08000202   0x00000006   Code   RO          650    .ARM.Collect$$_printf_percent$$00000010  c_w.l(_printf_llo.o)
    0x08000208   0x08000208   0x00000006   Code   RO          651    .ARM.Collect$$_printf_percent$$00000011  c_w.l(_printf_llx.o)
    0x0800020e   0x0800020e   0x0000000a   Code   RO          647    .ARM.Collect$$_printf_percent$$00000012  c_w.l(_printf_l.o)
    0x08000218   0x08000218   0x00000006   Code   RO          629    .ARM.Collect$$_printf_percent$$00000013  c_w.l(_printf_c.o)
    0x0800021e   0x0800021e   0x00000006   Code   RO          630    .ARM.Collect$$_printf_percent$$00000014  c_w.l(_printf_s.o)
    0x08000224   0x08000224   0x00000006   Code   RO          648    .ARM.Collect$$_printf_percent$$00000015  c_w.l(_printf_lc.o)
    0x0800022a   0x0800022a   0x00000006   Code   RO          649    .ARM.Collect$$_printf_percent$$00000016  c_w.l(_printf_ls.o)
    0x08000230   0x08000230   0x00000004   Code   RO          733    .ARM.Collect$$_printf_percent$$00000017  c_w.l(_printf_percent_end.o)
    0x08000234   0x08000234   0x00000002   Code   RO          789    .ARM.Collect$$libinit$$00000000  c_w.l(libinit.o)
    0x08000236   0x08000236   0x00000000   Code   RO          804    .ARM.Collect$$libinit$$00000002  c_w.l(libinit2.o)
    0x08000236   0x08000236   0x00000000   Code   RO          806    .ARM.Collect$$libinit$$00000004  c_w.l(libinit2.o)
    0x08000236   0x08000236   0x00000000   Code   RO          809    .ARM.Collect$$libinit$$0000000A  c_w.l(libinit2.o)
    0x08000236   0x08000236   0x00000000   Code   RO          811    .ARM.Collect$$libinit$$0000000C  c_w.l(libinit2.o)
    0x08000236   0x08000236   0x00000000   Code   RO          813    .ARM.Collect$$libinit$$0000000E  c_w.l(libinit2.o)
    0x08000236   0x08000236   0x00000006   Code   RO          814    .ARM.Collect$$libinit$$0000000F  c_w.l(libinit2.o)
    0x0800023c   0x0800023c   0x00000000   Code   RO          816    .ARM.Collect$$libinit$$00000011  c_w.l(libinit2.o)
    0x0800023c   0x0800023c   0x0000000c   Code   RO          817    .ARM.Collect$$libinit$$00000012  c_w.l(libinit2.o)
    0x08000248   0x08000248   0x00000000   Code   RO          818    .ARM.Collect$$libinit$$00000013  c_w.l(libinit2.o)
    0x08000248   0x08000248   0x00000000   Code   RO          820    .ARM.Collect$$libinit$$00000015  c_w.l(libinit2.o)
    0x08000248   0x08000248   0x0000000a   Code   RO          821    .ARM.Collect$$libinit$$00000016  c_w.l(libinit2.o)
    0x08000252   0x08000252   0x00000000   Code   RO          822    .ARM.Collect$$libinit$$00000017  c_w.l(libinit2.o)
    0x08000252   0x08000252   0x00000000   Code   RO          824    .ARM.Collect$$libinit$$00000019  c_w.l(libinit2.o)
    0x08000252   0x08000252   0x00000000   Code   RO          826    .ARM.Collect$$libinit$$0000001B  c_w.l(libinit2.o)
    0x08000252   0x08000252   0x00000000   Code   RO          828    .ARM.Collect$$libinit$$0000001D  c_w.l(libinit2.o)
    0x08000252   0x08000252   0x00000000   Code   RO          830    .ARM.Collect$$libinit$$0000001F  c_w.l(libinit2.o)
    0x08000252   0x08000252   0x00000000   Code   RO          832    .ARM.Collect$$libinit$$00000021  c_w.l(libinit2.o)
    0x08000252   0x08000252   0x00000000   Code   RO          834    .ARM.Collect$$libinit$$00000023  c_w.l(libinit2.o)
    0x08000252   0x08000252   0x00000000   Code   RO          836    .ARM.Collect$$libinit$$00000025  c_w.l(libinit2.o)
    0x08000252   0x08000252   0x00000000   Code   RO          840    .ARM.Collect$$libinit$$0000002C  c_w.l(libinit2.o)
    0x08000252   0x08000252   0x00000000   Code   RO          842    .ARM.Collect$$libinit$$0000002E  c_w.l(libinit2.o)
    0x08000252   0x08000252   0x00000000   Code   RO          844    .ARM.Collect$$libinit$$00000030  c_w.l(libinit2.o)
    0x08000252   0x08000252   0x00000000   Code   RO          846    .ARM.Collect$$libinit$$00000032  c_w.l(libinit2.o)
    0x08000252   0x08000252   0x00000002   Code   RO          847    .ARM.Collect$$libinit$$00000033  c_w.l(libinit2.o)
    0x08000254   0x08000254   0x00000002   Code   RO          869    .ARM.Collect$$libshutdown$$00000000  c_w.l(libshutdown.o)
    0x08000256   0x08000256   0x00000000   Code   RO          882    .ARM.Collect$$libshutdown$$00000002  c_w.l(libshutdown2.o)
    0x08000256   0x08000256   0x00000000   Code   RO          884    .ARM.Collect$$libshutdown$$00000004  c_w.l(libshutdown2.o)
    0x08000256   0x08000256   0x00000000   Code   RO          886    .ARM.Collect$$libshutdown$$00000006  c_w.l(libshutdown2.o)
    0x08000256   0x08000256   0x00000000   Code   RO          889    .ARM.Collect$$libshutdown$$00000009  c_w.l(libshutdown2.o)
    0x08000256   0x08000256   0x00000000   Code   RO          892    .ARM.Collect$$libshutdown$$0000000C  c_w.l(libshutdown2.o)
    0x08000256   0x08000256   0x00000000   Code   RO          894    .ARM.Collect$$libshutdown$$0000000E  c_w.l(libshutdown2.o)
    0x08000256   0x08000256   0x00000000   Code   RO          897    .ARM.Collect$$libshutdown$$00000011  c_w.l(libshutdown2.o)
    0x08000256   0x08000256   0x00000002   Code   RO          898    .ARM.Collect$$libshutdown$$00000012  c_w.l(libshutdown2.o)
    0x08000258   0x08000258   0x00000000   Code   RO          556    .ARM.Collect$$rtentry$$00000000  c_w.l(__rtentry.o)
    0x08000258   0x08000258   0x00000000   Code   RO          699    .ARM.Collect$$rtentry$$00000002  c_w.l(__rtentry2.o)
    0x08000258   0x08000258   0x00000006   Code   RO          711    .ARM.Collect$$rtentry$$00000004  c_w.l(__rtentry4.o)
    0x0800025e   0x0800025e   0x00000000   Code   RO          701    .ARM.Collect$$rtentry$$00000009  c_w.l(__rtentry2.o)
    0x0800025e   0x0800025e   0x00000004   Code   RO          702    .ARM.Collect$$rtentry$$0000000A  c_w.l(__rtentry2.o)
    0x08000262   0x08000262   0x00000000   Code   RO          704    .ARM.Collect$$rtentry$$0000000C  c_w.l(__rtentry2.o)
    0x08000262   0x08000262   0x00000008   Code   RO          705    .ARM.Collect$$rtentry$$0000000D  c_w.l(__rtentry2.o)
    0x0800026a   0x0800026a   0x00000002   Code   RO          796    .ARM.Collect$$rtexit$$00000000  c_w.l(rtexit.o)
    0x0800026c   0x0800026c   0x00000000   Code   RO          851    .ARM.Collect$$rtexit$$00000002  c_w.l(rtexit2.o)
    0x0800026c   0x0800026c   0x00000004   Code   RO          852    .ARM.Collect$$rtexit$$00000003  c_w.l(rtexit2.o)
    0x08000270   0x08000270   0x00000006   Code   RO          853    .ARM.Collect$$rtexit$$00000004  c_w.l(rtexit2.o)
    0x08000276   0x08000276   0x00000002   PAD
    0x08000278   0x08000278   0x00000c44   Code   RO            1    .text               main.o
    0x08000ebc   0x08000ebc   0x0000001a   Code   RO          114    .text               stm32f10x_it.o
    0x08000ed6   0x08000ed6   0x00000002   PAD
    0x08000ed8   0x08000ed8   0x00000668   Code   RO          129    .text               mpu9250.o
    0x08001540   0x08001540   0x000001ec   Code   RO          187    .text               uart.o
    0x0800172c   0x0800172c   0x000003a4   Code   RO          203    .text               stm32f10x_rcc.o
    0x08001ad0   0x08001ad0   0x000003a4   Code   RO          229    .text               stm32f10x_usart.o
    0x08001e74   0x08001e74   0x00000088   Code   RO          241    .text               stm32f10x_wwdg.o
    0x08001efc   0x08001efc   0x000000dc   Code   RO          253    .text               misc.o
    0x08001fd8   0x08001fd8   0x0000033c   Code   RO          265    .text               stm32f10x_gpio.o
    0x08002314   0x08002314   0x00000534   Code   RO          277    .text               stm32f10x_flash.o
    0x08002848   0x08002848   0x0000004c   Code   RO          292    .text               startup_stm32f10x_hd.o
    0x08002894   0x08002894   0x00001154   Code   RO          334    .text               fusionahrs.o
    0x080039e8   0x080039e8   0x000001d0   Code   RO          356    .text               fusionbias.o
    0x08003bb8   0x08003bb8   0x0000063c   Code   RO          392    .text               mcu_api.o
    0x080041f4   0x080041f4   0x000000d6   Code   RO          418    .text               protocol.o
    0x080042ca   0x080042ca   0x00000002   PAD
    0x080042cc   0x080042cc   0x00000388   Code   RO          436    .text               system.o
    0x08004654   0x08004654   0x00000034   Code   RO          458    .text               c_w.l(vsnprintf.o)
    0x08004688   0x08004688   0x00000064   Code   RO          460    .text               c_w.l(rt_memcpy_w.o)
    0x080046ec   0x080046ec   0x00000006   Code   RO          462    .text               c_w.l(heapauxi.o)
    0x080046f2   0x080046f2   0x00000016   Code   RO          557    .text               c_w.l(_rserrno.o)
    0x08004708   0x08004708   0x0000004e   Code   RO          561    .text               c_w.l(_printf_pad.o)
    0x08004756   0x08004756   0x00000024   Code   RO          563    .text               c_w.l(_printf_truncate.o)
    0x0800477a   0x0800477a   0x00000052   Code   RO          565    .text               c_w.l(_printf_str.o)
    0x080047cc   0x080047cc   0x00000078   Code   RO          567    .text               c_w.l(_printf_dec.o)
    0x08004844   0x08004844   0x00000028   Code   RO          569    .text               c_w.l(_printf_charcount.o)
    0x0800486c   0x0800486c   0x00000030   Code   RO          571    .text               c_w.l(_printf_char_common.o)
    0x0800489c   0x0800489c   0x0000000a   Code   RO          573    .text               c_w.l(_sputc.o)
    0x080048a6   0x080048a6   0x00000010   Code   RO          575    .text               c_w.l(_snputc.o)
    0x080048b6   0x080048b6   0x00000002   PAD
    0x080048b8   0x080048b8   0x000000bc   Code   RO          577    .text               c_w.l(_printf_wctomb.o)
    0x08004974   0x08004974   0x0000007c   Code   RO          580    .text               c_w.l(_printf_longlong_dec.o)
    0x080049f0   0x080049f0   0x00000070   Code   RO          586    .text               c_w.l(_printf_oct_int_ll.o)
    0x08004a60   0x08004a60   0x00000094   Code   RO          606    .text               c_w.l(_printf_hex_int_ll_ptr.o)
    0x08004af4   0x08004af4   0x00000188   Code   RO          626    .text               c_w.l(__printf_flags_ss_wp.o)
    0x08004c7c   0x08004c7c   0x00000008   Code   RO          716    .text               c_w.l(rt_errno_addr_intlibspace.o)
    0x08004c84   0x08004c84   0x0000008a   Code   RO          718    .text               c_w.l(lludiv10.o)
    0x08004d0e   0x08004d0e   0x000000b2   Code   RO          720    .text               c_w.l(_printf_intcommon.o)
    0x08004dc0   0x08004dc0   0x0000041e   Code   RO          722    .text               c_w.l(_printf_fp_dec.o)
    0x080051de   0x080051de   0x00000002   PAD
    0x080051e0   0x080051e0   0x000002fc   Code   RO          724    .text               c_w.l(_printf_fp_hex.o)
    0x080054dc   0x080054dc   0x0000002c   Code   RO          729    .text               c_w.l(_printf_char.o)
    0x08005508   0x08005508   0x0000002c   Code   RO          731    .text               c_w.l(_printf_wchar.o)
    0x08005534   0x08005534   0x00000040   Code   RO          734    .text               c_w.l(_wcrtomb.o)
    0x08005574   0x08005574   0x00000008   Code   RO          740    .text               c_w.l(libspace.o)
    0x0800557c   0x0800557c   0x0000004a   Code   RO          743    .text               c_w.l(sys_stackheap_outer.o)
    0x080055c6   0x080055c6   0x00000002   PAD
    0x080055c8   0x080055c8   0x00000010   Code   RO          745    .text               c_w.l(rt_ctype_table.o)
    0x080055d8   0x080055d8   0x00000008   Code   RO          750    .text               c_w.l(rt_locale_intlibspace.o)
    0x080055e0   0x080055e0   0x00000080   Code   RO          752    .text               c_w.l(_printf_fp_infnan.o)
    0x08005660   0x08005660   0x000000e4   Code   RO          754    .text               c_w.l(bigflt0.o)
    0x08005744   0x08005744   0x00000012   Code   RO          782    .text               c_w.l(exit.o)
    0x08005756   0x08005756   0x00000002   PAD
    0x08005758   0x08005758   0x00000080   Code   RO          801    .text               c_w.l(strcmpv7m.o)
    0x080057d8   0x080057d8   0x0000000c   Code   RO          861    .text               c_w.l(sys_exit.o)
    0x080057e4   0x080057e4   0x00000002   Code   RO          872    .text               c_w.l(use_no_semi.o)
    0x080057e6   0x080057e6   0x00000000   Code   RO          874    .text               c_w.l(indicate_semi.o)
    0x080057e6   0x080057e6   0x0000003e   Code   RO          757    CL$$btod_d2e        c_w.l(btod.o)
    0x08005824   0x08005824   0x00000046   Code   RO          759    CL$$btod_d2e_denorm_low  c_w.l(btod.o)
    0x0800586a   0x0800586a   0x00000060   Code   RO          758    CL$$btod_d2e_norm_op1  c_w.l(btod.o)
    0x080058ca   0x080058ca   0x00000338   Code   RO          767    CL$$btod_div_common  c_w.l(btod.o)
    0x08005c02   0x08005c02   0x000000dc   Code   RO          764    CL$$btod_e2e        c_w.l(btod.o)
    0x08005cde   0x08005cde   0x0000002a   Code   RO          761    CL$$btod_ediv       c_w.l(btod.o)
    0x08005d08   0x08005d08   0x0000002a   Code   RO          760    CL$$btod_emul       c_w.l(btod.o)
    0x08005d32   0x08005d32   0x00000244   Code   RO          766    CL$$btod_mult_common  c_w.l(btod.o)
    0x08005f76   0x08005f76   0x00000028   Code   RO          794    i.__ARM_fpclassify  m_ws.l(fpclassify.o)
    0x08005f9e   0x08005f9e   0x00000026   Code   RO          679    i.__ARM_fpclassifyf  m_ws.l(fpclassifyf.o)
    0x08005fc4   0x08005fc4   0x00000006   Code   RO          682    i.__mathlib_flt_infnan  m_ws.l(funder.o)
    0x08005fca   0x08005fca   0x00000004   Code   RO          683    i.__mathlib_flt_infnan2  m_ws.l(funder.o)
    0x08005fce   0x08005fce   0x00000008   Code   RO          684    i.__mathlib_flt_invalid  m_ws.l(funder.o)
    0x08005fd6   0x08005fd6   0x0000000a   Code   RO          687    i.__mathlib_flt_underflow  m_ws.l(funder.o)
    0x08005fe0   0x08005fe0   0x00000168   Code   RO          695    i.__mathlib_rredf2  m_ws.l(rredf.o)
    0x08006148   0x08006148   0x0000000e   Code   RO          619    i._is_digit         c_w.l(__printf_wp.o)
    0x08006156   0x08006156   0x00000002   PAD
    0x08006158   0x08006158   0x00000124   Code   RO          517    i.asinf             m_ws.l(asinf.o)
    0x0800627c   0x0800627c   0x000002a4   Code   RO          525    i.atan2f            m_ws.l(atan2f.o)
    0x08006520   0x08006520   0x0000017c   Code   RO          533    i.cosf              m_ws.l(cosf.o)
    0x0800669c   0x0800669c   0x00000188   Code   RO          541    i.sinf              m_ws.l(sinf.o)
    0x08006824   0x08006824   0x0000002c   Code   RO          549    i.sqrtf             m_ws.l(sqrtf.o)
    0x08006850   0x08006850   0x0000002c   Code   RO          780    locale$$code        c_w.l(lc_numeric_c.o)
    0x0800687c   0x0800687c   0x0000002c   Code   RO          799    locale$$code        c_w.l(lc_ctype_c.o)
    0x080068a8   0x080068a8   0x00000062   Code   RO          466    x$fpl$d2f           fz_ws.l(d2f.o)
    0x0800690a   0x0800690a   0x00000018   Code   RO          736    x$fpl$dcmpinf       fz_ws.l(dcmpi.o)
    0x08006922   0x08006922   0x00000002   PAD
    0x08006924   0x08006924   0x000002b0   Code   RO          469    x$fpl$ddiv          fz_ws.l(ddiv.o)
    0x08006bd4   0x08006bd4   0x0000005e   Code   RO          472    x$fpl$dfix          fz_ws.l(dfix.o)
    0x08006c32   0x08006c32   0x0000002e   Code   RO          477    x$fpl$dflt          fz_ws.l(dflt_clz.o)
    0x08006c60   0x08006c60   0x00000078   Code   RO          652    x$fpl$dleqf         fz_ws.l(dleqf.o)
    0x08006cd8   0x08006cd8   0x00000154   Code   RO          482    x$fpl$dmul          fz_ws.l(dmul.o)
    0x08006e2c   0x08006e2c   0x0000009c   Code   RO          654    x$fpl$dnaninf       fz_ws.l(dnaninf.o)
    0x08006ec8   0x08006ec8   0x0000000c   Code   RO          656    x$fpl$dretinf       fz_ws.l(dretinf.o)
    0x08006ed4   0x08006ed4   0x0000006c   Code   RO          484    x$fpl$drleqf        fz_ws.l(drleqf.o)
    0x08006f40   0x08006f40   0x00000056   Code   RO          486    x$fpl$f2d           fz_ws.l(f2d.o)
    0x08006f96   0x08006f96   0x00000002   PAD
    0x08006f98   0x08006f98   0x000000c4   Code   RO          488    x$fpl$fadd          fz_ws.l(faddsub_clz.o)
    0x0800705c   0x0800705c   0x0000000c   Code   RO          738    x$fpl$fcheck1       fz_ws.l(fcheck1.o)
    0x08007068   0x08007068   0x00000018   Code   RO          658    x$fpl$fcmpinf       fz_ws.l(fcmpi.o)
    0x08007080   0x08007080   0x00000184   Code   RO          495    x$fpl$fdiv          fz_ws.l(fdiv.o)
    0x08007204   0x08007204   0x00000068   Code   RO          498    x$fpl$feqf          fz_ws.l(feqf.o)
    0x0800726c   0x0800726c   0x00000036   Code   RO          500    x$fpl$ffix          fz_ws.l(ffix.o)
    0x080072a2   0x080072a2   0x00000002   PAD
    0x080072a4   0x080072a4   0x00000030   Code   RO          505    x$fpl$fflt          fz_ws.l(fflt_clz.o)
    0x080072d4   0x080072d4   0x00000026   Code   RO          504    x$fpl$ffltu         fz_ws.l(fflt_clz.o)
    0x080072fa   0x080072fa   0x00000002   PAD
    0x080072fc   0x080072fc   0x00000068   Code   RO          510    x$fpl$fleqf         fz_ws.l(fleqf.o)
    0x08007364   0x08007364   0x00000102   Code   RO          512    x$fpl$fmul          fz_ws.l(fmul.o)
    0x08007466   0x08007466   0x0000008c   Code   RO          660    x$fpl$fnaninf       fz_ws.l(fnaninf.o)
    0x080074f2   0x080074f2   0x0000000a   Code   RO          662    x$fpl$fretinf       fz_ws.l(fretinf.o)
    0x080074fc   0x080074fc   0x00000062   Code   RO          514    x$fpl$frleqf        fz_ws.l(frleqf.o)
    0x0800755e   0x0800755e   0x00000002   PAD
    0x08007560   0x08007560   0x00000060   Code   RO          664    x$fpl$frnd          fz_ws.l(frnd.o)
    0x080075c0   0x080075c0   0x00000014   Code   RO          489    x$fpl$frsb          fz_ws.l(faddsub_clz.o)
    0x080075d4   0x080075d4   0x00000110   Code   RO          666    x$fpl$fsqrt         fz_ws.l(fsqrt.o)
    0x080076e4   0x080076e4   0x000000ea   Code   RO          490    x$fpl$fsub          fz_ws.l(faddsub_clz.o)
    0x080077ce   0x080077ce   0x00000004   Code   RO          668    x$fpl$printf1       fz_ws.l(printf1.o)
    0x080077d2   0x080077d2   0x00000004   Code   RO          670    x$fpl$printf2       fz_ws.l(printf2.o)
    0x080077d6   0x080077d6   0x00000064   Code   RO          792    x$fpl$retnan        fz_ws.l(retnan.o)
    0x0800783a   0x0800783a   0x0000004c   Code   RO          676    x$fpl$scalbnf       fz_ws.l(scalbnf.o)
    0x08007886   0x08007886   0x00000030   Code   RO          848    x$fpl$trapveneer    fz_ws.l(trapv.o)
    0x080078b6   0x080078b6   0x00000000   Code   RO          678    x$fpl$usenofp       fz_ws.l(usenofp.o)
    0x080078b6   0x080078b6   0x00000002   PAD
    0x080078b8   0x080078b8   0x0000006c   Data   RO            3    .constdata          main.o
    0x08007924   0x08007924   0x00000020   Data   RO          335    .constdata          fusionahrs.o
    0x08007944   0x08007944   0x00000006   Data   RO          419    .constdata          protocol.o
    0x0800794a   0x0800794a   0x00000002   PAD
    0x0800794c   0x0800794c   0x00000008   Data   RO          578    .constdata          c_w.l(_printf_wctomb.o)
    0x08007954   0x08007954   0x00000028   Data   RO          607    .constdata          c_w.l(_printf_hex_int_ll_ptr.o)
    0x0800797c   0x0800797c   0x00000011   Data   RO          627    .constdata          c_w.l(__printf_flags_ss_wp.o)
    0x0800798d   0x0800798d   0x00000003   PAD
    0x08007990   0x08007990   0x00000020   Data   RO          696    .constdata          m_ws.l(rredf.o)
    0x080079b0   0x080079b0   0x00000026   Data   RO          725    .constdata          c_w.l(_printf_fp_hex.o)
    0x080079d6   0x080079d6   0x00000002   PAD
    0x080079d8   0x080079d8   0x00000094   Data   RO          755    .constdata          c_w.l(bigflt0.o)
    0x08007a6c   0x08007a6c   0x00000020   Data   RO          929    Region$$Table       anon$$obj.o
    0x08007a8c   0x08007a8c   0x0000001c   Data   RO          779    locale$$data        c_w.l(lc_numeric_c.o)
    0x08007aa8   0x08007aa8   0x00000110   Data   RO          798    locale$$data        c_w.l(lc_ctype_c.o)


    Execution Region RW_IRAM1 (Exec base: 0x20000000, Load base: 0x08007bb8, Size: 0x00000860, Max: 0x00005000, ABSOLUTE)

    Exec Addr    Load Addr    Size         Type   Attr      Idx    E Section Name        Object

    0x20000000   0x08007bb8   0x0000000c   Data   RW            4    .data               main.o
    0x2000000c   0x08007bc4   0x0000003a   Data   RW          131    .data               mpu9250.o
    0x20000046   0x08007bfe   0x00000014   Data   RW          204    .data               stm32f10x_rcc.o
    0x2000005a   0x08007c12   0x00000002   Data   RW          393    .data               mcu_api.o
    0x2000005c   0x08007c14   0x0000000d   Data   RW          438    .data               system.o
    0x20000069   0x08007c21   0x00000003   PAD
    0x2000006c        -       0x0000007e   Zero   RW            2    .bss                main.o
    0x200000ea        -       0x0000000a   Zero   RW          130    .bss                mpu9250.o
    0x200000f4        -       0x00000105   Zero   RW          437    .bss                system.o
    0x200001f9   0x08007c21   0x00000003   PAD
    0x200001fc        -       0x00000060   Zero   RW          741    .bss                c_w.l(libspace.o)
    0x2000025c   0x08007c21   0x00000004   PAD
    0x20000260        -       0x00000200   Zero   RW          290    HEAP                startup_stm32f10x_hd.o
    0x20000460        -       0x00000400   Zero   RW          289    STACK               startup_stm32f10x_hd.o


==============================================================================

Image component sizes


      Code (inc. data)   RO Data    RW Data    ZI Data      Debug   Object Name

      4436         60         32          0          0      12281   fusionahrs.o
       464         14          0          0          0       6199   fusionbias.o
      3140         78        108         12        126     246073   main.o
      1596         62          0          2          0       8794   mcu_api.o
       220         22          0          0          0       1825   misc.o
      1640         40          0         58         10       8807   mpu9250.o
       214          0          6          0          0       2601   protocol.o
        76         30        304          0       1536        968   startup_stm32f10x_hd.o
      1332         34          0          0          0       7362   stm32f10x_flash.o
       828         38          0          0          0       5661   stm32f10x_gpio.o
        26          0          0          0          0       1162   stm32f10x_it.o
       932         36          0         20          0       8916   stm32f10x_rcc.o
       932         22          0          0          0       7971   stm32f10x_usart.o
       136         10          0          0          0       2316   stm32f10x_wwdg.o
       904        118          0         13        261       5702   system.o
       492         18          0          0          0       1703   uart.o

    ----------------------------------------------------------------------
     17372        582        484        108       1936     328341   Object Totals
         0          0         32          0          0          0   (incl. Generated)
         4          0          2          3          3          0   (incl. Padding)

    ----------------------------------------------------------------------

      Code (inc. data)   RO Data    RW Data    ZI Data      Debug   Library Member Name

         8          0          0          0          0         68   __main.o
       392          4         17          0          0         92   __printf_flags_ss_wp.o
        14          0          0          0          0         68   __printf_wp.o
         0          0          0          0          0          0   __rtentry.o
        12          0          0          0          0          0   __rtentry2.o
         6          0          0          0          0          0   __rtentry4.o
        52          8          0          0          0          0   __scatter.o
        26          0          0          0          0          0   __scatter_copy.o
        28          0          0          0          0          0   __scatter_zi.o
         6          0          0          0          0          0   _printf_a.o
         6          0          0          0          0          0   _printf_c.o
        44          0          0          0          0        108   _printf_char.o
        48          6          0          0          0         96   _printf_char_common.o
        40          0          0          0          0         68   _printf_charcount.o
         6          0          0          0          0          0   _printf_d.o
       120         16          0          0          0         92   _printf_dec.o
         6          0          0          0          0          0   _printf_e.o
         6          0          0          0          0          0   _printf_f.o
      1054          0          0          0          0        216   _printf_fp_dec.o
       764          8         38          0          0        100   _printf_fp_hex.o
       128         16          0          0          0         84   _printf_fp_infnan.o
         6          0          0          0          0          0   _printf_g.o
       148          4         40          0          0        160   _printf_hex_int_ll_ptr.o
         6          0          0          0          0          0   _printf_i.o
       178          0          0          0          0         88   _printf_intcommon.o
        10          0          0          0          0          0   _printf_l.o
         6          0          0          0          0          0   _printf_lc.o
        10          0          0          0          0          0   _printf_ll.o
         6          0          0          0          0          0   _printf_lld.o
         6          0          0          0          0          0   _printf_lli.o
         6          0          0          0          0          0   _printf_llo.o
         6          0          0          0          0          0   _printf_llu.o
         6          0          0          0          0          0   _printf_llx.o
       124         16          0          0          0         92   _printf_longlong_dec.o
         6          0          0          0          0          0   _printf_ls.o
         6          0          0          0          0          0   _printf_n.o
         6          0          0          0          0          0   _printf_o.o
       112         10          0          0          0        124   _printf_oct_int_ll.o
         6          0          0          0          0          0   _printf_p.o
        78          0          0          0          0        108   _printf_pad.o
         0          0          0          0          0          0   _printf_percent.o
         4          0          0          0          0          0   _printf_percent_end.o
         6          0          0          0          0          0   _printf_s.o
        82          0          0          0          0         80   _printf_str.o
        36          0          0          0          0         84   _printf_truncate.o
         6          0          0          0          0          0   _printf_u.o
        44          0          0          0          0        108   _printf_wchar.o
       188          6          8          0          0         92   _printf_wctomb.o
         6          0          0          0          0          0   _printf_x.o
        22          0          0          0          0        100   _rserrno.o
        16          0          0          0          0         68   _snputc.o
        10          0          0          0          0         68   _sputc.o
        64          0          0          0          0         92   _wcrtomb.o
       228          4        148          0          0         96   bigflt0.o
      1936        128          0          0          0        672   btod.o
        18          0          0          0          0         80   exit.o
         6          0          0          0          0        152   heapauxi.o
         0          0          0          0          0          0   indicate_semi.o
        44         10        272          0          0         76   lc_ctype_c.o
        44         10         28          0          0         76   lc_numeric_c.o
         2          0          0          0          0          0   libinit.o
        30          0          0          0          0          0   libinit2.o
         2          0          0          0          0          0   libshutdown.o
         2          0          0          0          0          0   libshutdown2.o
         8          4          0          0         96         68   libspace.o
       138          0          0          0          0         80   lludiv10.o
        16          4          0          0          0         76   rt_ctype_table.o
         8          4          0          0          0         68   rt_errno_addr_intlibspace.o
         8          4          0          0          0         68   rt_locale_intlibspace.o
       100          0          0          0          0         80   rt_memcpy_w.o
         2          0          0          0          0          0   rtexit.o
        10          0          0          0          0          0   rtexit2.o
       128          0          0          0          0         68   strcmpv7m.o
        12          4          0          0          0         68   sys_exit.o
        74          0          0          0          0         80   sys_stackheap_outer.o
         2          0          0          0          0         68   use_no_semi.o
        52          4          0          0          0         80   vsnprintf.o
        98          4          0          0          0         92   d2f.o
        24          0          0          0          0         68   dcmpi.o
       688        140          0          0          0        208   ddiv.o
        94          4          0          0          0         92   dfix.o
        46          0          0          0          0         68   dflt_clz.o
       120          4          0          0          0         92   dleqf.o
       340         12          0          0          0        104   dmul.o
       156          4          0          0          0         92   dnaninf.o
        12          0          0          0          0         68   dretinf.o
       108          0          0          0          0         80   drleqf.o
        86          4          0          0          0         84   f2d.o
       450          8          0          0          0        236   faddsub_clz.o
        12          4          0          0          0         68   fcheck1.o
        24          0          0          0          0         68   fcmpi.o
       388         76          0          0          0         96   fdiv.o
       104          4          0          0          0         84   feqf.o
        54          4          0          0          0         84   ffix.o
        86          0          0          0          0        136   fflt_clz.o
       104          4          0          0          0         84   fleqf.o
       258          4          0          0          0         84   fmul.o
       140          4          0          0          0         84   fnaninf.o
        10          0          0          0          0         68   fretinf.o
        98          0          0          0          0         68   frleqf.o
        96          4          0          0          0         76   frnd.o
       272        100          0          0          0         88   fsqrt.o
         4          0          0          0          0         68   printf1.o
         4          0          0          0          0         68   printf2.o
       100          0          0          0          0         68   retnan.o
        76          0          0          0          0         68   scalbnf.o
        48          0          0          0          0         68   trapv.o
         0          0          0          0          0          0   usenofp.o
       292         38          0          0          0        120   asinf.o
       676         78          0          0          0        116   atan2f.o
       380         52          0          0          0        124   cosf.o
        40          0          0          0          0         68   fpclassify.o
        38          0          0          0          0         68   fpclassifyf.o
        28          0          0          0          0        272   funder.o
       360         16         32          0          0         88   rredf.o
       392         54          0          0          0        124   sinf.o
        44          0          0          0          0         80   sqrtf.o

    ----------------------------------------------------------------------
     13228        892        588          0        100       7984   Library Totals
        26          0          5          0          4          0   (incl. Padding)

    ----------------------------------------------------------------------

      Code (inc. data)   RO Data    RW Data    ZI Data      Debug   Library Name

      6852        270        551          0         96       4212   c_w.l
      4100        384          0          0          0       2712   fz_ws.l
      2250        238         32          0          0       1060   m_ws.l

    ----------------------------------------------------------------------
     13228        892        588          0        100       7984   Library Totals

    ----------------------------------------------------------------------

==============================================================================


      Code (inc. data)   RO Data    RW Data    ZI Data      Debug   

     30600       1474       1072        108       2036     329977   Grand Totals
     30600       1474       1072        108       2036     329977   ELF Image Totals
     30600       1474       1072        108          0          0   ROM Totals

==============================================================================

    Total RO  Size (Code + RO Data)                31672 (  30.93kB)
    Total RW  Size (RW Data + ZI Data)              2144 (   2.09kB)
    Total ROM Size (Code + RO Data + RW Data)      31780 (  31.04kB)

==============================================================================

